Component: ARM Compiler 5.06 update 7 (build 960) Tool: armlink [4d3601]

==============================================================================

Section Cross References

    main.o(i.main) refers to board.o(i.board_lowlevel_init) for board_lowlevel_init
    main.o(i.main) refers to board.o(i.board_init) for board_init
    main.o(i.main) refers to welocme_page.o(i.welcome_page_display) for welcome_page_display
    main.o(i.main) refers to wifi.o(i.wifi_init) for wifi_init
    main.o(i.main) refers to wifi_page.o(i.wifi_page_display) for wifi_page_display
    main.o(i.main) refers to wifi.o(i.wifi_wait_connected) for wifi_wait_connected
    main.o(i.main) refers to app.o(i.main_loop_init) for main_loop_init
    main.o(i.main) refers to main_page.o(i.main_page_display) for main_page_display
    main.o(i.main) refers to app.o(i.main_loop) for main_loop
    board.o(i.board_init) refers to delay.o(i.tim2_init) for tim2_init
    board.o(i.board_init) refers to usart.o(i.usart_init) for usart_init
    board.o(i.board_init) refers to lcd.o(i.lcd_init) for lcd_init
    board.o(i.board_init) refers to rtc.o(i.rtc_init) for rtc_init
    board.o(i.board_init) refers to aht20.o(i.aht20_init) for aht20_init
    board.o(i.board_init) refers to usart.o(i.usart_receive_register) for usart_receive_register
    board.o(i.board_init) refers to esp_at.o(i.esp_at_receive_register) for esp_at_receive_register
    board.o(i.board_init) refers to board.o(i.usart_received) for usart_received
    board.o(i.board_init) refers to board.o(i.esp_at_received) for esp_at_received
    board.o(i.board_lowlevel_init) refers to misc.o(i.NVIC_PriorityGroupConfig) for NVIC_PriorityGroupConfig
    board.o(i.board_lowlevel_init) refers to stm32f4xx_rcc.o(i.RCC_AHB1PeriphClockCmd) for RCC_AHB1PeriphClockCmd
    board.o(i.board_lowlevel_init) refers to stm32f4xx_rcc.o(i.RCC_AHB3PeriphClockCmd) for RCC_AHB3PeriphClockCmd
    board.o(i.board_lowlevel_init) refers to stm32f4xx_rcc.o(i.RCC_APB2PeriphClockCmd) for RCC_APB2PeriphClockCmd
    board.o(i.board_lowlevel_init) refers to stm32f4xx_rcc.o(i.RCC_APB1PeriphClockCmd) for RCC_APB1PeriphClockCmd
    board.o(i.board_lowlevel_init) refers to stm32f4xx_pwr.o(i.PWR_BackupAccessCmd) for PWR_BackupAccessCmd
    board.o(i.board_lowlevel_init) refers to stm32f4xx_rcc.o(i.RCC_LSEConfig) for RCC_LSEConfig
    board.o(i.board_lowlevel_init) refers to stm32f4xx_rcc.o(i.RCC_GetFlagStatus) for RCC_GetFlagStatus
    board.o(i.board_lowlevel_init) refers to stm32f4xx_rcc.o(i.RCC_RTCCLKConfig) for RCC_RTCCLKConfig
    board.o(i.esp_at_received) refers to usart.o(i.usart_send_byte) for usart_send_byte
    board.o(i.usart_received) refers to esp_at.o(i.esp_at_write_byte) for esp_at_write_byte
    app.o(i.inner_update) refers to aht20.o(i.aht20_start_measurement) for aht20_start_measurement
    app.o(i.inner_update) refers to printfa.o(i.__0printf) for __2printf
    app.o(i.inner_update) refers to aht20.o(i.aht20_wait_for_measurement) for aht20_wait_for_measurement
    app.o(i.inner_update) refers to aht20.o(i.aht20_read_measurement) for aht20_read_measurement
    app.o(i.inner_update) refers to f2d.o(.text) for __aeabi_f2d
    app.o(i.inner_update) refers to main_page.o(i.main_page_redraw_inner_tempreature) for main_page_redraw_inner_tempreature
    app.o(i.inner_update) refers to main_page.o(i.main_page_redraw_inner_humidity) for main_page_redraw_inner_humidity
    app.o(i.inner_update) refers to app.o(.data) for inner_update_delay
    app.o(i.main_loop) refers to app.o(i.time_sync) for time_sync
    app.o(i.main_loop) refers to app.o(i.wifi_update) for wifi_update
    app.o(i.main_loop) refers to app.o(i.time_update) for time_update
    app.o(i.main_loop) refers to app.o(i.inner_update) for inner_update
    app.o(i.main_loop) refers to app.o(i.outdoor_update) for outdoor_update
    app.o(i.main_loop_init) refers to delay.o(i.tim_register_callback) for tim_register_callback
    app.o(i.main_loop_init) refers to app.o(i.tim_periodic_callback) for tim_periodic_callback
    app.o(i.outdoor_update) refers to memseta.o(.text) for __aeabi_memclr4
    app.o(i.outdoor_update) refers to esp_at.o(i.esp_at_http_get) for esp_at_http_get
    app.o(i.outdoor_update) refers to printfa.o(i.__0printf) for __2printf
    app.o(i.outdoor_update) refers to weather.o(i.parse_seniverse_response) for parse_seniverse_response
    app.o(i.outdoor_update) refers to memcmp.o(.text) for memcmp
    app.o(i.outdoor_update) refers to memcpya.o(.text) for __aeabi_memcpy4
    app.o(i.outdoor_update) refers to f2d.o(.text) for __aeabi_f2d
    app.o(i.outdoor_update) refers to main_page.o(i.main_page_redraw_outdoor_tempreature) for main_page_redraw_outdoor_tempreature
    app.o(i.outdoor_update) refers to main_page.o(i.main_page_redraw_outdoor_weather_icon) for main_page_redraw_outdoor_weather_icon
    app.o(i.outdoor_update) refers to app.o(.data) for outdoor_update_delay
[...]
    i.rtc_init                               0x08005026   Section        0  rtc.o(i.rtc_init)
    i.rtc_set_time                           0x08005040   Section        0  rtc.o(i.rtc_set_time)
    i.rtc_set_time_once                      0x08005062   Section        0  rtc.o(i.rtc_set_time_once)
    rtc_set_time_once                        0x08005063   Thumb Code    82  rtc.o(i.rtc_set_time_once)
    i.tim2_init                              0x080050b4   Section        0  delay.o(i.tim2_init)
    i.tim_periodic_callback                  0x0800511c   Section        0  app.o(i.tim_periodic_callback)
    tim_periodic_callback                    0x0800511d   Thumb Code    82  app.o(i.tim_periodic_callback)
    i.tim_register_callback                  0x08005184   Section        0  delay.o(i.tim_register_callback)
    i.time_sync                              0x08005190   Section        0  app.o(i.time_sync)
    time_sync                                0x08005191   Thumb Code   198  app.o(i.time_sync)
    i.time_update                            0x080052cc   Section        0  app.o(i.time_update)
    time_update                              0x080052cd   Thumb Code   134  app.o(i.time_update)
    i.usart_dma_init                         0x0800535c   Section        0  usart.o(i.usart_dma_init)
    usart_dma_init                           0x0800535d   Thumb Code    98  usart.o(i.usart_dma_init)
    i.usart_gpio_init                        0x080053c8   Section        0  usart.o(i.usart_gpio_init)
    usart_gpio_init                          0x080053c9   Thumb Code    62  usart.o(i.usart_gpio_init)
    i.usart_init                             0x0800540c   Section        0  usart.o(i.usart_init)
    i.usart_nvic_init                        0x08005420   Section        0  usart.o(i.usart_nvic_init)
    usart_nvic_init                          0x08005421   Thumb Code    66  usart.o(i.usart_nvic_init)
    i.usart_receive_register                 0x08005464   Section        0  usart.o(i.usart_receive_register)
    i.usart_received                         0x08005470   Section        0  board.o(i.usart_received)
    usart_received                           0x08005471   Thumb Code    12  board.o(i.usart_received)
    i.usart_send_byte                        0x0800547c   Section        0  usart.o(i.usart_send_byte)
    i.usart_send_data                        0x0800549c   Section        0  usart.o(i.usart_send_data)
    i.usart_usart_init                       0x080054f8   Section        0  usart.o(i.usart_usart_init)
    usart_usart_init                         0x080054f9   Thumb Code    70  usart.o(i.usart_usart_init)
    i.weekday_str_to_num                     0x08005544   Section        0  esp_at.o(i.weekday_str_to_num)
    weekday_str_to_num                       0x08005545   Thumb Code    52  esp_at.o(i.weekday_str_to_num)
    i.welcome_page_display                   0x0800557c   Section        0  welocme_page.o(i.welcome_page_display)
    i.wifi_init                              0x08005618   Section        0  wifi.o(i.wifi_init)
    i.wifi_page_display                      0x08005790   Section        0  wifi_page.o(i.wifi_page_display)
    i.wifi_update                            0x08005848   Section        0  app.o(i.wifi_update)
    wifi_update                              0x08005849   Thumb Code   120  app.o(i.wifi_update)
    i.wifi_wait_connected                    0x080058f0   Section        0  wifi.o(i.wifi_wait_connected)
    .constdata                               0x08005a3c   Section      108  esp_at.o(.constdata)
    ack_matches                              0x08005a3c   Data          32  esp_at.o(.constdata)
    .constdata                               0x08005aa8   Section     7320  font32_maple.o(.constdata)
    <Data1>                                  0x08005aa8   Data         128  font32_maple.o(.constdata)
    <Data2>                                  0x08005b28   Data         128  font32_maple.o(.constdata)
    <Data3>                                  0x08005ba8   Data         128  font32_maple.o(.constdata)
    <Data4>                                  0x08005c28   Data         128  font32_maple.o(.constdata)
    <Data5>                                  0x08005ca8   Data         128  font32_maple.o(.constdata)
    <Data6>                                  0x08005d28   Data         128  font32_maple.o(.constdata)
    <Data7>                                  0x08005da8   Data         128  font32_maple.o(.constdata)
    <Data8>                                  0x08005e28   Data         128  font32_maple.o(.constdata)
    <Data9>                                  0x08005ea8   Data         128  font32_maple.o(.constdata)
    ascii_model_32                           0x08005f28   Data        6080  font32_maple.o(.constdata)
    chinese_model_32                         0x080076e8   Data          72  font32_maple.o(.constdata)
    .constdata                               0x08007740   Section     3436  font24_maple.o(.constdata)
    ascii_model_24                           0x08007740   Data        3420  font24_maple.o(.constdata)
    .constdata                               0x080084ac   Section     3888  font20_maple.o(.constdata)
    <Data1>                                  0x080084ac   Data          60  font20_maple.o(.constdata)
    <Data2>                                  0x080084e8   Data          60  font20_maple.o(.constdata)
    <Data3>                                  0x08008524   Data          60  font20_maple.o(.constdata)
    <Data4>                                  0x08008560   Data          60  font20_maple.o(.constdata)
    <Data5>                                  0x0800859c   Data          60  font20_maple.o(.constdata)
    <Data6>                                  0x080085d8   Data          60  font20_maple.o(.constdata)
    <Data7>                                  0x08008614   Data          60  font20_maple.o(.constdata)
    <Data8>                                  0x08008650   Data          60  font20_maple.o(.constdata)
    <Data9>                                  0x0800868c   Data          60  font20_maple.o(.constdata)
    <Data10>                                 0x080086c8   Data          60  font20_maple.o(.constdata)
    <Data11>                                 0x08008704   Data          60  font20_maple.o(.constdata)
    <Data12>                                 0x08008740   Data          60  font20_maple.o(.constdata)
    <Data13>                                 0x0800877c   Data          60  font20_maple.o(.constdata)
    <Data14>                                 0x080087b8   Data          60  font20_maple.o(.constdata)
    <Data15>                                 0x080087f4   Data          60  font20_maple.o(.constdata)
    ascii_model_20                           0x08008830   Data        2850  font20_maple.o(.constdata)
    chinese_model_20                         0x08009354   Data         120  font20_maple.o(.constdata)
    .constdata                               0x080093dc   Section     2476  font54_maple.o(.constdata)
    ascii_model_54                           0x080093dc   Data        2457  font54_maple.o(.constdata)
    .constdata                               0x08009d88   Section     3240  font62_maple.o(.constdata)
    ascii_model_62                           0x08009d88   Data        3224  font62_maple.o(.constdata)
    .constdata                               0x0800aa30   Section     4956  font76_maple.o(.constdata)
    ascii_model_76                           0x0800aa30   Data        4940  font76_maple.o(.constdata)
    .constdata                               0x0800bd8c   Section    51208  error_image.o(.constdata)
    .constdata                               0x08018594   Section    64808  mingrixiang_image.o(.constdata)
    .constdata                               0x080282bc   Section    59048  wifi_image.o(.constdata)
    .constdata                               0x08036964   Section        7  main_page.o(.constdata)
    .constdata                               0x0803696c   Section     5840  icon_cloudy.o(.constdata)
    .constdata                               0x0803803c   Section     5840  icon_leizhenyu.o(.constdata)
    .constdata                               0x0803970c   Section     5840  icon_moon.o(.constdata)
    .constdata                               0x0803addc   Section     5840  icon_na.o(.constdata)
    .constdata                               0x0803c4ac   Section     5840  icon_rain.o(.constdata)
    .constdata                               0x0803db7c   Section     5840  icon_snow.o(.constdata)
    .constdata                               0x0803f24c   Section     5840  icon_sunny.o(.constdata)
    .constdata                               0x0804091c   Section     2152  icon_wenduji.o(.constdata)
    .constdata                               0x08041184   Section     1160  icon_wifi.o(.constdata)
    .constdata                               0x0804160c   Section     5840  icon_yintian.o(.constdata)
    .constdata                               0x08042cdc   Section       64  ctype_c.o(.constdata)
    .conststring                             0x08042d1c   Section      106  app.o(.conststring)
    .conststring                             0x08042d88   Section      112  esp_at.o(.conststring)
    .conststring                             0x08042df8   Section       35  font32_maple.o(.conststring)
    .conststring                             0x08042e1c   Section       59  font20_maple.o(.conststring)
    .conststring                             0x08042e58   Section       14  font54_maple.o(.conststring)
    .conststring                             0x08042e68   Section       14  wifi_page.o(.conststring)
    .data                                    0x20000000   Section       36  app.o(.data)
    time_sync_delay                          0x20000000   Data           4  app.o(.data)
    wifi_update_delay                        0x20000004   Data           4  app.o(.data)
    time_update_delay                        0x20000008   Data           4  app.o(.data)
    inner_update_delay                       0x2000000c   Data           4  app.o(.data)
    outdoor_update_delay                     0x20000010   Data           4  app.o(.data)
    last_date                                0x20000014   Data           8  app.o(.data)
    last_temperature                         0x2000001c   Data           4  app.o(.data)
    last_humidity                            0x20000020   Data           4  app.o(.data)
    .data                                    0x20000024   Section        4  usart.o(.data)
    receive_callback                         0x20000024   Data           4  usart.o(.data)
    .data                                    0x20000028   Section       12  delay.o(.data)
    tim_tick_count                           0x20000028   Data           8  delay.o(.data)
    periodic_callback                        0x20000030   Data           4  delay.o(.data)
    .data                                    0x20000034   Section       14  esp_at.o(.data)
    receive_callback                         0x20000034   Data           4  esp_at.o(.data)
    rxlen                                    0x20000038   Data           4  esp_at.o(.data)
    rxline_idx                               0x2000003c   Data           4  esp_at.o(.data)
    at_ack_flag                              0x20000040   Data           1  esp_at.o(.data)
    rxack                                    0x20000041   Data           1  esp_at.o(.data)
    .data                                    0x20000044   Section       20  system_stm32f4xx.o(.data)
    .data                                    0x20000058   Section       16  stm32f4xx_rcc.o(.data)
    APBAHBPrescTable                         0x20000058   Data          16  stm32f4xx_rcc.o(.data)
    .data                                    0x20000068   Section        8  main_page.o(.data)
    .data                                    0x20000070   Section        4  wifi_page.o(.data)
    ssid                                     0x20000070   Data           4  wifi_page.o(.data)
    .data                                    0x20000074   Section        4  stdout.o(.data)
    .data                                    0x20000078   Section        4  errno.o(.data)
    _errno                                   0x20000078   Data           4  errno.o(.data)
    .bss                                     0x2000007c   Section      272  app.o(.bss)
    last_info                                0x2000007c   Data          85  app.o(.bss)
    last_weather                             0x200000d4   Data         184  app.o(.bss)
    .bss                                     0x2000018c   Section       14  lcd.o(.bss)
    .bss                                     0x2000019a   Section     1792  esp_at.o(.bss)
    rxbuf                                    0x2000019a   Data        1024  esp_at.o(.bss)
    rxlinebuf                                0x2000059a   Data         256  esp_at.o(.bss)
    cmd_buf                                  0x2000069a   Data         512  esp_at.o(.bss)
    STACK                                    0x200008a0   Section     1024  startup_stm32f40_41xxx.o(STACK)

    Global Symbols

    Symbol Name                              Value     Ov Type        Size  Object(Section)

    BuildAttributes$$THM_ISAv4$E$P$D$K$B$S$7EM$VFPi3$EXTD16$VFPS$VFMA$PE$A:L22UL41UL21$X:L11$S22US41US21$IEEE1$IW$USESV6$~STKCKD$USESV7$~SHL$OTIME$ROPI$IEEEJ$EBA8$MICROLIB$REQ8$PRES8$EABIv2 0x00000000   Number         0  anon$$obj.o ABSOLUTE
    __ARM_use_no_argv                        0x00000000   Number         0  main.o ABSOLUTE
    _printf_a                                0x00000000   Number         0  stubs.o ABSOLUTE
    _printf_c                                0x00000000   Number         0  stubs.o ABSOLUTE
    _printf_charcount                        0x00000000   Number         0  stubs.o ABSOLUTE
    _printf_d                                0x00000000   Number         0  stubs.o ABSOLUTE
    _printf_e                                0x00000000   Number         0  stubs.o ABSOLUTE
    _printf_f                                0x00000000   Number         0  stubs.o ABSOLUTE
    _printf_flags                            0x00000000   Number         0  stubs.o ABSOLUTE
    _printf_fp_dec                           0x00000000   Number         0  stubs.o ABSOLUTE
    _printf_fp_hex                           0x00000000   Number         0  stubs.o ABSOLUTE
    _printf_g                                0x00000000   Number         0  stubs.o ABSOLUTE
    _printf_i                                0x00000000   Number         0  stubs.o ABSOLUTE
    _printf_int_dec                          0x00000000   Number         0  stubs.o ABSOLUTE
    _printf_l                                0x00000000   Number         0  stubs.o ABSOLUTE
    _printf_lc                               0x00000000   Number         0  stubs.o ABSOLUTE
    _printf_ll                               0x00000000   Number         0  stubs.o ABSOLUTE
    _printf_lld                              0x00000000   Number         0  stubs.o ABSOLUTE
    _printf_lli                              0x00000000   Number         0  stubs.o ABSOLUTE
    _printf_llo                              0x00000000   Number         0  stubs.o ABSOLUTE
    _printf_llu                              0x00000000   Number         0  stubs.o ABSOLUTE
    _printf_llx                              0x00000000   Number         0  stubs.o ABSOLUTE
    _printf_longlong_dec                     0x00000000   Number         0  stubs.o ABSOLUTE
    _printf_longlong_hex                     0x00000000   Number         0  stubs.o ABSOLUTE
    _printf_longlong_oct                     0x00000000   Number         0  stubs.o ABSOLUTE
    _printf_ls                               0x00000000   Number         0  stubs.o ABSOLUTE
    _printf_mbtowc                           0x00000000   Number         0  stubs.o ABSOLUTE
    _printf_n                                0x00000000   Number         0  stubs.o ABSOLUTE
    _printf_o                                0x00000000   Number         0  stubs.o ABSOLUTE
    _printf_p                                0x00000000   Number         0  stubs.o ABSOLUTE
    _printf_percent                          0x00000000   Number         0  stubs.o ABSOLUTE
    _printf_pre_padding                      0x00000000   Number         0  stubs.o ABSOLUTE
    _printf_return_value                     0x00000000   Number         0  stubs.o ABSOLUTE
    _printf_s                                0x00000000   Number         0  stubs.o ABSOLUTE
    _printf_sizespec                         0x00000000   Number         0  stubs.o ABSOLUTE
    _printf_str                              0x00000000   Number         0  stubs.o ABSOLUTE
    _printf_truncate_signed                  0x00000000   Number         0  stubs.o ABSOLUTE
    _printf_truncate_unsigned                0x00000000   Number         0  stubs.o ABSOLUTE
    _printf_u                                0x00000000   Number         0  stubs.o ABSOLUTE
    _printf_wc                               0x00000000   Number         0  stubs.o ABSOLUTE
    _printf_wctomb                           0x00000000   Number         0  stubs.o ABSOLUTE
    _printf_widthprec                        0x00000000   Number         0  stubs.o ABSOLUTE
    _printf_x                                0x00000000   Number         0  stubs.o ABSOLUTE
    __arm_fini_                               - Undefined Weak Reference
    __cpp_initialize__aeabi_                  - Undefined Weak Reference
    __cxa_finalize                            - Undefined Weak Reference
    __decompress                              - Undefined Weak Reference
    _clock_init                               - Undefined Weak Reference
    _microlib_exit                            - Undefined Weak Reference
    _scanf_longlong                           - Undefined Weak Reference
    __Vectors_Size                           0x00000188   Number         0  startup_stm32f40_41xxx.o ABSOLUTE
    __Vectors                                0x08000000   Data           4  startup_stm32f40_41xxx.o(RESET)
    __Vectors_End                            0x08000188   Data           0  startup_stm32f40_41xxx.o(RESET)
    __main                                   0x08000189   Thumb Code     0  entry.o(.ARM.Collect$$$$00000000)
    _main_stk                                0x08000189   Thumb Code     0  entry2.o(.ARM.Collect$$$$00000001)
    _main_scatterload                        0x0800018d   Thumb Code     0  entry5.o(.ARM.Collect$$$$00000004)
    __main_after_scatterload                 0x08000191   Thumb Code     0  entry5.o(.ARM.Collect$$$$00000004)
    _main_clock                              0x08000191   Thumb Code     0  entry7b.o(.ARM.Collect$$$$00000008)
    _main_cpp_init                           0x08000191   Thumb Code     0  entry8b.o(.ARM.Collect$$$$0000000A)
    _main_init                               0x08000191   Thumb Code     0  entry9a.o(.ARM.Collect$$$$0000000B)
    __rt_lib_shutdown_fini                   0x08000199   Thumb Code     0  entry12b.o(.ARM.Collect$$$$0000000E)
    __rt_final_cpp                           0x0800019d   Thumb Code     0  entry10a.o(.ARM.Collect$$$$0000000F)
    __rt_final_exit                          0x0800019d   Thumb Code     0  entry11a.o(.ARM.Collect$$$$00000011)
    Reset_Handler                            0x080001a1   Thumb Code     8  startup_stm32f40_41xxx.o(.text)
    ADC_IRQHandler                           0x080001bb   Thumb Code     0  startup_stm32f40_41xxx.o(.text)
    CAN1_RX0_IRQHandler                      0x080001bb   Thumb Code     0  startup_stm32f40_41xxx.o(.text)
    CAN1_RX1_IRQHandler                      0x080001bb   Thumb Code     0  startup_stm32f40_41xxx.o(.text)
    CAN1_SCE_IRQHandler                      0x080001bb   Thumb Code     0  startup_stm32f40_41xxx.o(.text)
    CAN1_TX_IRQHandler                       0x080001bb   Thumb Code     0  startup_stm32f40_41xxx.o(.text)
    CAN2_RX0_IRQHandler                      0x080001bb   Thumb Code     0  startup_stm32f40_41xxx.o(.text)
    CAN2_RX1_IRQHandler                      0x080001bb   Thumb Code     0  startup_stm32f40_41xxx.o(.text)
    CAN2_SCE_IRQHandler                      0x080001bb   Thumb Code     0  startup_stm32f40_41xxx.o(.text)
    CAN2_TX_IRQHandler                       0x080001bb   Thumb Code     0  startup_stm32f40_41xxx.o(.text)
    CRYP_IRQHandler                          0x080001bb   Thumb Code     0  startup_stm32f40_41xxx.o(.text)
    DCMI_IRQHandler                          0x080001bb   Thumb Code     0  startup_stm32f40_41xxx.o(.text)
    DMA1_Stream0_IRQHandler                  0x080001bb   Thumb Code     0  startup_stm32f40_41xxx.o(.text)
    DMA1_Stream1_IRQHandler                  0x080001bb   Thumb Code     0  startup_stm32f40_41xxx.o(.text)
    DMA1_Stream2_IRQHandler                  0x080001bb   Thumb Code     0  startup_stm32f40_41xxx.o(.text)
    DMA1_Stream3_IRQHandler                  0x080001bb   Thumb Code     0  startup_stm32f40_41xxx.o(.text)
    DMA1_Stream4_IRQHandler                  0x080001bb   Thumb Code     0  startup_stm32f40_41xxx.o(.text)
    DMA1_Stream5_IRQHandler                  0x080001bb   Thumb Code     0  startup_stm32f40_41xxx.o(.text)
    DMA1_Stream6_IRQHandler                  0x080001bb   Thumb Code     0  startup_stm32f40_41xxx.o(.text)
    DMA1_Stream7_IRQHandler                  0x080001bb   Thumb Code     0  startup_stm32f40_41xxx.o(.text)
    DMA2_Stream0_IRQHandler                  0x080001bb   Thumb Code     0  startup_stm32f40_41xxx.o(.text)
    DMA2_Stream1_IRQHandler                  0x080001bb   Thumb Code     0  startup_stm32f40_41xxx.o(.text)
    DMA2_Stream2_IRQHandler                  0x080001bb   Thumb Code     0  startup_stm32f40_41xxx.o(.text)
    DMA2_Stream3_IRQHandler                  0x080001bb   Thumb Code     0  startup_stm32f40_41xxx.o(.text)
    DMA2_Stream4_IRQHandler                  0x080001bb   Thumb Code     0  startup_stm32f40_41xxx.o(.text)
    DMA2_Stream5_IRQHandler                  0x080001bb   Thumb Code     0  startup_stm32f40_41xxx.o(.text)
    DMA2_Stream6_IRQHandler                  0x080001bb   Thumb Code     0  startup_stm32f40_41xxx.o(.text)
    ETH_IRQHandler                           0x080001bb   Thumb Code     0  startup_stm32f40_41xxx.o(.text)
    ETH_WKUP_IRQHandler                      0x080001bb   Thumb Code     0  startup_stm32f40_41xxx.o(.text)
    EXTI0_IRQHandler                         0x080001bb   Thumb Code     0  startup_stm32f40_41xxx.o(.text)
    EXTI15_10_IRQHandler                     0x080001bb   Thumb Code     0  startup_stm32f40_41xxx.o(.text)
    EXTI1_IRQHandler                         0x080001bb   Thumb Code     0  startup_stm32f40_41xxx.o(.text)
    EXTI2_IRQHandler                         0x080001bb   Thumb Code     0  startup_stm32f40_41xxx.o(.text)
    EXTI3_IRQHandler                         0x080001bb   Thumb Code     0  startup_stm32f40_41xxx.o(.text)
    EXTI4_IRQHandler                         0x080001bb   Thumb Code     0  startup_stm32f40_41xxx.o(.text)
    EXTI9_5_IRQHandler                       0x080001bb   Thumb Code     0  startup_stm32f40_41xxx.o(.text)
    FLASH_IRQHandler                         0x080001bb   Thumb Code     0  startup_stm32f40_41xxx.o(.text)
    FPU_IRQHandler                           0x080001bb   Thumb Code     0  startup_stm32f40_41xxx.o(.text)
    FSMC_IRQHandler                          0x080001bb   Thumb Code     0  startup_stm32f40_41xxx.o(.text)
    HASH_RNG_IRQHandler                      0x080001bb   Thumb Code     0  startup_stm32f40_41xxx.o(.text)
    I2C1_ER_IRQHandler                       0x080001bb   Thumb Code     0  startup_stm32f40_41xxx.o(.text)
    I2C1_EV_IRQHandler                       0x080001bb   Thumb Code     0  startup_stm32f40_41xxx.o(.text)
    I2C2_ER_IRQHandler                       0x080001bb   Thumb Code     0  startup_stm32f40_41xxx.o(.text)
    I2C2_EV_IRQHandler                       0x080001bb   Thumb Code     0  startup_stm32f40_41xxx.o(.text)
    I2C3_ER_IRQHandler                       0x080001bb   Thumb Code     0  startup_stm32f40_41xxx.o(.text)
    I2C3_EV_IRQHandler                       0x080001bb   Thumb Code     0  startup_stm32f40_41xxx.o(.text)
    OTG_FS_IRQHandler                        0x080001bb   Thumb Code     0  startup_stm32f40_41xxx.o(.text)
    OTG_FS_WKUP_IRQHandler                   0x080001bb   Thumb Code     0  startup_stm32f40_41xxx.o(.text)
    OTG_HS_EP1_IN_IRQHandler                 0x080001bb   Thumb Code     0  startup_stm32f40_41xxx.o(.text)
    OTG_HS_EP1_OUT_IRQHandler                0x080001bb   Thumb Code     0  startup_stm32f40_41xxx.o(.text)
    OTG_HS_IRQHandler                        0x080001bb   Thumb Code     0  startup_stm32f40_41xxx.o(.text)
    OTG_HS_WKUP_IRQHandler                   0x080001bb   Thumb Code     0  startup_stm32f40_41xxx.o(.text)
    PVD_IRQHandler                           0x080001bb   Thumb Code     0  startup_stm32f40_41xxx.o(.text)
    RCC_IRQHandler                           0x080001bb   Thumb Code     0  startup_stm32f40_41xxx.o(.text)
    RTC_Alarm_IRQHandler                     0x080001bb   Thumb Code     0  startup_stm32f40_41xxx.o(.text)
    RTC_WKUP_IRQHandler                      0x080001bb   Thumb Code     0  startup_stm32f40_41xxx.o(.text)
    SDIO_IRQHandler                          0x080001bb   Thumb Code     0  startup_stm32f40_41xxx.o(.text)
    SPI1_IRQHandler                          0x080001bb   Thumb Code     0  startup_stm32f40_41xxx.o(.text)
    SPI2_IRQHandler                          0x080001bb   Thumb Code     0  startup_stm32f40_41xxx.o(.text)
    SPI3_IRQHandler                          0x080001bb   Thumb Code     0  startup_stm32f40_41xxx.o(.text)
    TAMP_STAMP_IRQHandler                    0x080001bb   Thumb Code     0  startup_stm32f40_41xxx.o(.text)
    TIM1_BRK_TIM9_IRQHandler                 0x080001bb   Thumb Code     0  startup_stm32f40_41xxx.o(.text)
    TIM1_CC_IRQHandler                       0x080001bb   Thumb Code     0  startup_stm32f40_41xxx.o(.text)
    TIM1_TRG_COM_TIM11_IRQHandler            0x080001bb   Thumb Code     0  startup_stm32f40_41xxx.o(.text)
    TIM1_UP_TIM10_IRQHandler                 0x080001bb   Thumb Code     0  startup_stm32f40_41xxx.o(.text)
    TIM3_IRQHandler                          0x080001bb   Thumb Code     0  startup_stm32f40_41xxx.o(.text)
    TIM4_IRQHandler                          0x080001bb   Thumb Code     0  startup_stm32f40_41xxx.o(.text)
    TIM5_IRQHandler                          0x080001bb   Thumb Code     0  startup_stm32f40_41xxx.o(.text)
    TIM6_DAC_IRQHandler                      0x080001bb   Thumb Code     0  startup_stm32f40_41xxx.o(.text)
    TIM7_IRQHandler                          0x080001bb   Thumb Code     0  startup_stm32f40_41xxx.o(.text)
    TIM8_BRK_TIM12_IRQHandler                0x080001bb   Thumb Code     0  startup_stm32f40_41xxx.o(.text)
    TIM8_CC_IRQHandler                       0x080001bb   Thumb Code     0  startup_stm32f40_41xxx.o(.text)
    TIM8_TRG_COM_TIM14_IRQHandler            0x080001bb   Thumb Code     0  startup_stm32f40_41xxx.o(.text)
    TIM8_UP_TIM13_IRQHandler                 0x080001bb   Thumb Code     0  startup_stm32f40_41xxx.o(.text)
    UART4_IRQHandler                         0x080001bb   Thumb Code     0  startup_stm32f40_41xxx.o(.text)
    UART5_IRQHandler                         0x080001bb   Thumb Code     0  startup_stm32f40_41xxx.o(.text)
    USART3_IRQHandler                        0x080001bb   Thumb Code     0  startup_stm32f40_41xxx.o(.text)
    USART6_IRQHandler                        0x080001bb   Thumb Code     0  startup_stm32f40_41xxx.o(.text)
    WWDG_IRQHandler                          0x080001bb   Thumb Code     0  startup_stm32f40_41xxx.o(.text)
    __aeabi_memcpy                           0x080001c5   Thumb Code    36  memcpya.o(.text)
    __aeabi_memcpy4                          0x080001c5   Thumb Code     0  memcpya.o(.text)
    __aeabi_memcpy8                          0x080001c5   Thumb Code     0  memcpya.o(.text)
    __aeabi_memset                           0x080001e9   Thumb Code    14  memseta.o(.text)
    __aeabi_memset4                          0x080001e9   Thumb Code     0  memseta.o(.text)
    __aeabi_memset8                          0x080001e9   Thumb Code     0  memseta.o(.text)
    __aeabi_memclr                           0x080001f7   Thumb Code     4  memseta.o(.text)
    __aeabi_memclr4                          0x080001f7   Thumb Code     0  memseta.o(.text)
    __aeabi_memclr8                          0x080001f7   Thumb Code     0  memseta.o(.text)
    _memset$wrapper                          0x080001fb   Thumb Code    18  memseta.o(.text)
    strstr                                   0x0800020d   Thumb Code    36  strstr.o(.text)
    strlen                                   0x08000231   Thumb Code    14  strlen.o(.text)
    strcmp                                   0x0800023f   Thumb Code    28  strcmp.o(.text)
    memcmp                                   0x0800025b   Thumb Code    26  memcmp.o(.text)
    __0sscanf                                0x08000275   Thumb Code    48  __0sscanf.o(.text)
    _scanf_int                               0x080002ad   Thumb Code   332  _scanf_int.o(.text)
    _scanf_string                            0x080003f9   Thumb Code   224  _scanf_str.o(.text)
    __aeabi_f2d                              0x080004d9   Thumb Code    38  f2d.o(.text)
    __aeabi_d2f                              0x080004ff   Thumb Code    56  d2f.o(.text)
    __aeabi_uidiv                            0x08000537   Thumb Code     0  uidiv.o(.text)
    __aeabi_uidivmod                         0x08000537   Thumb Code    44  uidiv.o(.text)
    __aeabi_uldivmod                         0x08000563   Thumb Code    98  uldiv.o(.text)
    _chval                                   0x080005c5   Thumb Code    28  _chval.o(.text)
    __vfscanf_char                           0x080005ed   Thumb Code    20  scanf_char.o(.text)
    _sgetc                                   0x08000609   Thumb Code    30  _sgetc.o(.text)
    _sbackspace                              0x08000627   Thumb Code    34  _sgetc.o(.text)
    __strtod_int                             0x0800067f   Thumb Code    90  strtod.o(.text)
    __I$use$fp                               0x080006e5   Thumb Code     0  iusefp.o(.text)
    _float_round                             0x080006e5   Thumb Code    18  fepilogue.o(.text)
    _float_epilogue                          0x080006f7   Thumb Code    92  fepilogue.o(.text)
    __aeabi_dadd                             0x08000753   Thumb Code   322  dadd.o(.text)
    __aeabi_dsub                             0x08000895   Thumb Code     6  dadd.o(.text)
    __aeabi_drsub                            0x0800089b   Thumb Code     6  dadd.o(.text)
    __aeabi_dmul                             0x080008a1   Thumb Code   228  dmul.o(.text)
    __aeabi_ddiv                             0x08000985   Thumb Code   222  ddiv.o(.text)
    __aeabi_d2ulz                            0x08000a63   Thumb Code    48  dfixul.o(.text)
    __aeabi_cdrcmple                         0x08000a95   Thumb Code    48  cdrcmple.o(.text)
    __scatterload                            0x08000ac5   Thumb Code    28  init.o(.text)
    __scatterload_rt2                        0x08000ac5   Thumb Code     0  init.o(.text)
    __aeabi_llsl                             0x08000ae9   Thumb Code    30  llshl.o(.text)
    _ll_shift_l                              0x08000ae9   Thumb Code     0  llshl.o(.text)
    __aeabi_llsr                             0x08000b07   Thumb Code    32  llushr.o(.text)
    _ll_ushift_r                             0x08000b07   Thumb Code     0  llushr.o(.text)
    __aeabi_lasr                             0x08000b27   Thumb Code    36  llsshr.o(.text)
    _ll_sshift_r                             0x08000b27   Thumb Code     0  llsshr.o(.text)
    isspace                                  0x08000b4b   Thumb Code    10  isspace_c.o(.text)
    __vfscanf                                0x08000b55   Thumb Code   810  _scanf.o(.text)
    _scanf_real                              0x08000fad   Thumb Code     0  scanf_fp.o(.text)
    _scanf_really_real                       0x08000fad   Thumb Code   556  scanf_fp.o(.text)
    _double_round                            0x080011e5   Thumb Code    30  depilogue.o(.text)
    _double_epilogue                         0x08001203   Thumb Code   156  depilogue.o(.text)
    __ctype_lookup                           0x080012a1   Thumb Code    34  ctype_c.o(.text)
    __aeabi_ul2d                             0x080012c9   Thumb Code    24  dfltul.o(.text)
    BusFault_Handler                         0x080012e1   Thumb Code     4  stm32f4xx_it.o(i.BusFault_Handler)
    DMA2_Stream7_IRQHandler                  0x080012e5   Thumb Code    22  usart.o(i.DMA2_Stream7_IRQHandler)
    DMA_ClearFlag                            0x08001305   Thumb Code    38  stm32f4xx_dma.o(i.DMA_ClearFlag)
    DMA_ClearITPendingBit                    0x08001339   Thumb Code    38  stm32f4xx_dma.o(i.DMA_ClearITPendingBit)
    DMA_Cmd                                  0x0800136d   Thumb Code    22  stm32f4xx_dma.o(i.DMA_Cmd)
    DMA_DeInit                               0x08001385   Thumb Code   324  stm32f4xx_dma.o(i.DMA_DeInit)
    DMA_GetCmdStatus                         0x080014dd   Thumb Code    20  stm32f4xx_dma.o(i.DMA_GetCmdStatus)
    DMA_GetITStatus                          0x080014f1   Thumb Code    82  stm32f4xx_dma.o(i.DMA_GetITStatus)
    DMA_ITConfig                             0x08001555   Thumb Code    58  stm32f4xx_dma.o(i.DMA_ITConfig)
    DMA_Init                                 0x08001591   Thumb Code    82  stm32f4xx_dma.o(i.DMA_Init)
    DMA_StructInit                           0x080015e9   Thumb Code    34  stm32f4xx_dma.o(i.DMA_StructInit)
    DebugMon_Handler                         0x0800160b   Thumb Code     2  stm32f4xx_it.o(i.DebugMon_Handler)
    FSMC_NORSRAMCmd                          0x0800160d   Thumb Code    46  stm32f4xx_fsmc.o(i.FSMC_NORSRAMCmd)
    FSMC_NORSRAMInit                         0x08001641   Thumb Code   282  stm32f4xx_fsmc.o(i.FSMC_NORSRAMInit)
    GPIO_Init                                0x08001765   Thumb Code   144  stm32f4xx_gpio.o(i.GPIO_Init)
    GPIO_PinAFConfig                         0x080017f5   Thumb Code    70  stm32f4xx_gpio.o(i.GPIO_PinAFConfig)
    GPIO_SetBits                             0x0800183b   Thumb Code     4  stm32f4xx_gpio.o(i.GPIO_SetBits)
    GPIO_StructInit                          0x0800183f   Thumb Code    18  stm32f4xx_gpio.o(i.GPIO_StructInit)
    HardFault_Handler                        0x08001851   Thumb Code     4  stm32f4xx_it.o(i.HardFault_Handler)
    I2C_AcknowledgeConfig                    0x08001855   Thumb Code    24  stm32f4xx_i2c.o(i.I2C_AcknowledgeConfig)
    I2C_CheckEvent                           0x0800186d   Thumb Code    62  stm32f4xx_i2c.o(i.I2C_CheckEvent)
    I2C_Cmd                                  0x080018ab   Thumb Code    24  stm32f4xx_i2c.o(i.I2C_Cmd)
    I2C_DeInit                               0x080018c5   Thumb Code    82  stm32f4xx_i2c.o(i.I2C_DeInit)
    I2C_GenerateSTART                        0x08001925   Thumb Code    24  stm32f4xx_i2c.o(i.I2C_GenerateSTART)
    I2C_GenerateSTOP                         0x0800193d   Thumb Code    24  stm32f4xx_i2c.o(i.I2C_GenerateSTOP)
    I2C_Init                                 0x08001955   Thumb Code   218  stm32f4xx_i2c.o(i.I2C_Init)
    I2C_ReceiveData                          0x08001a3d   Thumb Code     8  stm32f4xx_i2c.o(i.I2C_ReceiveData)
    I2C_Send7bitAddress                      0x08001a45   Thumb Code    16  stm32f4xx_i2c.o(i.I2C_Send7bitAddress)
    I2C_SendData                             0x08001a55   Thumb Code     4  stm32f4xx_i2c.o(i.I2C_SendData)
    I2C_StructInit                           0x08001a59   Thumb Code    30  stm32f4xx_i2c.o(i.I2C_StructInit)
    MemManage_Handler                        0x08001a77   Thumb Code     4  stm32f4xx_it.o(i.MemManage_Handler)
    NMI_Handler                              0x08001a7b   Thumb Code     2  stm32f4xx_it.o(i.NMI_Handler)
    NVIC_Init                                0x08001a7d   Thumb Code   106  misc.o(i.NVIC_Init)
    NVIC_PriorityGroupConfig                 0x08001af5   Thumb Code    10  misc.o(i.NVIC_PriorityGroupConfig)
    PWR_BackupAccessCmd                      0x08001b31   Thumb Code     6  stm32f4xx_pwr.o(i.PWR_BackupAccessCmd)
    PendSV_Handler                           0x08001b3d   Thumb Code     2  stm32f4xx_it.o(i.PendSV_Handler)
    RCC_AHB1PeriphClockCmd                   0x08001b41   Thumb Code    26  stm32f4xx_rcc.o(i.RCC_AHB1PeriphClockCmd)
    RCC_AHB3PeriphClockCmd                   0x08001b61   Thumb Code    26  stm32f4xx_rcc.o(i.RCC_AHB3PeriphClockCmd)
    RCC_APB1PeriphClockCmd                   0x08001b81   Thumb Code    26  stm32f4xx_rcc.o(i.RCC_APB1PeriphClockCmd)
    RCC_APB1PeriphResetCmd                   0x08001ba1   Thumb Code    26  stm32f4xx_rcc.o(i.RCC_APB1PeriphResetCmd)
    RCC_APB2PeriphClockCmd                   0x08001bc1   Thumb Code    26  stm32f4xx_rcc.o(i.RCC_APB2PeriphClockCmd)
    RCC_GetClocksFreq                        0x08001be1   Thumb Code   214  stm32f4xx_rcc.o(i.RCC_GetClocksFreq)
    RCC_GetFlagStatus                        0x08001cc9   Thumb Code    60  stm32f4xx_rcc.o(i.RCC_GetFlagStatus)
    RCC_LSEConfig                            0x08001d09   Thumb Code    40  stm32f4xx_rcc.o(i.RCC_LSEConfig)
    RCC_RTCCLKCmd                            0x08001d35   Thumb Code     6  stm32f4xx_rcc.o(i.RCC_RTCCLKCmd)
    RCC_RTCCLKConfig                         0x08001d41   Thumb Code    50  stm32f4xx_rcc.o(i.RCC_RTCCLKConfig)
    RGB565                                   0x08001d7d   Thumb Code    24  lcd.o(i.RGB565)
    RTC_DateStructInit                       0x08001dc7   Thumb Code    14  stm32f4xx_rtc.o(i.RTC_DateStructInit)
    RTC_EnterInitMode                        0x08001dd5   Thumb Code    76  stm32f4xx_rtc.o(i.RTC_EnterInitMode)
    RTC_ExitInitMode                         0x08001e25   Thumb Code    14  stm32f4xx_rtc.o(i.RTC_ExitInitMode)
    RTC_GetDate                              0x08001e39   Thumb Code    68  stm32f4xx_rtc.o(i.RTC_GetDate)
    RTC_GetTime                              0x08001e85   Thumb Code    72  stm32f4xx_rtc.o(i.RTC_GetTime)
    RTC_Init                                 0x08001ed5   Thumb Code    94  stm32f4xx_rtc.o(i.RTC_Init)
    RTC_SetDate                              0x08001f39   Thumb Code   190  stm32f4xx_rtc.o(i.RTC_SetDate)
    RTC_SetTime                              0x08002001   Thumb Code   198  stm32f4xx_rtc.o(i.RTC_SetTime)
    RTC_StructInit                           0x080020d1   Thumb Code    14  stm32f4xx_rtc.o(i.RTC_StructInit)
    RTC_TimeStructInit                       0x080020df   Thumb Code    12  stm32f4xx_rtc.o(i.RTC_TimeStructInit)
    RTC_WaitForSynchro                       0x080020ed   Thumb Code    92  stm32f4xx_rtc.o(i.RTC_WaitForSynchro)
    SVC_Handler                              0x0800214d   Thumb Code     2  stm32f4xx_it.o(i.SVC_Handler)
    SysTick_Handler                          0x0800223d   Thumb Code     2  stm32f4xx_it.o(i.SysTick_Handler)
    SystemInit                               0x08002241   Thumb Code    88  system_stm32f4xx.o(i.SystemInit)
    TIM2_IRQHandler                          0x080022a9   Thumb Code    52  delay.o(i.TIM2_IRQHandler)
    TIM_ClearITPendingBit                    0x080022e5   Thumb Code     6  stm32f4xx_tim.o(i.TIM_ClearITPendingBit)
    TIM_Cmd                                  0x080022eb   Thumb Code    24  stm32f4xx_tim.o(i.TIM_Cmd)
    TIM_GetITStatus                          0x08002303   Thumb Code    34  stm32f4xx_tim.o(i.TIM_GetITStatus)
    TIM_ITConfig                             0x08002325   Thumb Code    18  stm32f4xx_tim.o(i.TIM_ITConfig)
    TIM_TimeBaseInit                         0x08002339   Thumb Code   104  stm32f4xx_tim.o(i.TIM_TimeBaseInit)
    USART1_IRQHandler                        0x080023bd   Thumb Code    48  usart.o(i.USART1_IRQHandler)
    USART2_IRQHandler                        0x080023f5   Thumb Code    42  esp_at.o(i.USART2_IRQHandler)
    USART_ClearFlag                          0x08002425   Thumb Code    18  stm32f4xx_usart.o(i.USART_ClearFlag)
    USART_ClearITPendingBit                  0x08002437   Thumb Code    30  stm32f4xx_usart.o(i.USART_ClearITPendingBit)
    USART_Cmd                                0x08002455   Thumb Code    24  stm32f4xx_usart.o(i.USART_Cmd)
    USART_DMACmd                             0x0800246d   Thumb Code    18  stm32f4xx_usart.o(i.USART_DMACmd)
    USART_GetFlagStatus                      0x0800247f   Thumb Code    26  stm32f4xx_usart.o(i.USART_GetFlagStatus)
    USART_GetITStatus                        0x08002499   Thumb Code    84  stm32f4xx_usart.o(i.USART_GetITStatus)
    USART_ITConfig                           0x080024ed   Thumb Code    74  stm32f4xx_usart.o(i.USART_ITConfig)
    USART_Init                               0x08002539   Thumb Code   204  stm32f4xx_usart.o(i.USART_Init)
    USART_ReceiveData                        0x0800260d   Thumb Code    10  stm32f4xx_usart.o(i.USART_ReceiveData)
    USART_SendData                           0x08002617   Thumb Code     8  stm32f4xx_usart.o(i.USART_SendData)
    USART_StructInit                         0x0800261f   Thumb Code    24  stm32f4xx_usart.o(i.USART_StructInit)
    UsageFault_Handler                       0x08002637   Thumb Code     4  stm32f4xx_it.o(i.UsageFault_Handler)
    __0printf                                0x0800263d   Thumb Code    22  printfa.o(i.__0printf)
    __1printf                                0x0800263d   Thumb Code     0  printfa.o(i.__0printf)
    __2printf                                0x0800263d   Thumb Code     0  printfa.o(i.__0printf)
    __c89printf                              0x0800263d   Thumb Code     0  printfa.o(i.__0printf)
    printf                                   0x0800263d   Thumb Code     0  printfa.o(i.__0printf)
    __0snprintf                              0x0800265d   Thumb Code    48  printfa.o(i.__0snprintf)
    __1snprintf                              0x0800265d   Thumb Code     0  printfa.o(i.__0snprintf)
    __2snprintf                              0x0800265d   Thumb Code     0  printfa.o(i.__0snprintf)
    __c89snprintf                            0x0800265d   Thumb Code     0  printfa.o(i.__0snprintf)
    snprintf                                 0x0800265d   Thumb Code     0  printfa.o(i.__0snprintf)
    __hardfp_atof                            0x08002691   Thumb Code    44  atof.o(i.__hardfp_atof)
    __read_errno                             0x080026c9   Thumb Code     6  errno.o(i.__read_errno)
    __scatterload_copy                       0x080026d5   Thumb Code    14  handlers.o(i.__scatterload_copy)
    __scatterload_null                       0x080026e3   Thumb Code     2  handlers.o(i.__scatterload_null)
    __scatterload_zeroinit                   0x080026e5   Thumb Code    14  handlers.o(i.__scatterload_zeroinit)
    __set_errno                              0x080026f5   Thumb Code     6  errno.o(i.__set_errno)
    _is_digit                                0x08002885   Thumb Code    14  scanf_fp.o(i._is_digit)
    aht20_init                               0x08002fb1   Thumb Code   200  aht20.o(i.aht20_init)
    aht20_read_measurement                   0x08003189   Thumb Code   138  aht20.o(i.aht20_read_measurement)
    aht20_start_measurement                  0x0800324d   Thumb Code    18  aht20.o(i.aht20_start_measurement)
    aht20_wait_for_measurement               0x08003265   Thumb Code    32  aht20.o(i.aht20_wait_for_measurement)
    board_init                               0x08003349   Thumb Code    36  board.o(i.board_init)
    board_lowlevel_init                      0x08003375   Thumb Code   132  board.o(i.board_lowlevel_init)
    delay_ms                                 0x080033f9   Thumb Code    30  delay.o(i.delay_ms)
    error_page_display                       0x0800341d   Thumb Code    98  error_page.o(i.error_page_display)
    esp_at_connect_wifi                      0x0800348d   Thumb Code    66  esp_at.o(i.esp_at_connect_wifi)
    esp_at_get_response                      0x08003549   Thumb Code     4  esp_at.o(i.esp_at_get_response)
    esp_at_get_wifi_info                     0x08003551   Thumb Code    82  esp_at.o(i.esp_at_get_wifi_info)
    esp_at_http_get                          0x080035fd   Thumb Code    52  esp_at.o(i.esp_at_http_get)
    esp_at_init                              0x0800364d   Thumb Code    56  esp_at.o(i.esp_at_init)
    esp_at_receive_register                  0x08003799   Thumb Code     6  esp_at.o(i.esp_at_receive_register)
    esp_at_sntp_get_time                     0x080037b1   Thumb Code    42  esp_at.o(i.esp_at_sntp_get_time)
    esp_at_sntp_init                         0x080037ed   Thumb Code    14  esp_at.o(i.esp_at_sntp_init)
    esp_at_wifi_init                         0x080038d1   Thumb Code    14  esp_at.o(i.esp_at_wifi_init)
    esp_at_write_byte                        0x080038ed   Thumb Code    28  esp_at.o(i.esp_at_write_byte)
    fputc                                    0x080039b5   Thumb Code    20  usart.o(i.fputc)
    lcd_clear                                0x08003b8d   Thumb Code    42  lcd.o(i.lcd_clear)
    lcd_display_dir                          0x08003bc1   Thumb Code    62  lcd.o(i.lcd_display_dir)
    lcd_fast_draw_point                      0x08003c05   Thumb Code    62  lcd.o(i.lcd_fast_draw_point)
    lcd_fill                                 0x08003c4d   Thumb Code    70  lcd.o(i.lcd_fill)
    lcd_init                                 0x08003c99   Thumb Code  1208  lcd.o(i.lcd_init)
    lcd_scan_dir                             0x08004169   Thumb Code    88  lcd.o(i.lcd_scan_dir)
    lcd_set_cursor                           0x080041c1   Thumb Code    48  lcd.o(i.lcd_set_cursor)
    lcd_show_char                            0x080041f5   Thumb Code   228  lcd.o(i.lcd_show_char)
    lcd_show_chinese_char                    0x080042d9   Thumb Code   274  lcd.o(i.lcd_show_chinese_char)
    lcd_show_image                           0x080043f1   Thumb Code    82  lcd.o(i.lcd_show_image)
    lcd_show_string                          0x08004445   Thumb Code   204  lcd.o(i.lcd_show_string)
    lcd_write_ram_prepare                    0x0800452d   Thumb Code    10  lcd.o(i.lcd_write_ram_prepare)
    lcd_write_register                       0x08004559   Thumb Code    20  lcd.o(i.lcd_write_register)
    main                                     0x08004571   Thumb Code    40  main.o(i.main)
    main_loop                                0x08004599   Thumb Code    24  app.o(i.main_loop)
    main_loop_init                           0x080045b1   Thumb Code    10  app.o(i.main_loop_init)
    main_page_display                        0x080045c1   Thumb Code   192  main_page.o(i.main_page_display)
    main_page_redraw_date                    0x080046b5   Thumb Code   148  main_page.o(i.main_page_redraw_date)
    main_page_redraw_inner_humidity          0x08004785   Thumb Code   142  main_page.o(i.main_page_redraw_inner_humidity)
    main_page_redraw_inner_tempreature       0x0800482d   Thumb Code   150  main_page.o(i.main_page_redraw_inner_tempreature)
    main_page_redraw_outdoor_city            0x080048e1   Thumb Code    48  main_page.o(i.main_page_redraw_outdoor_city)
    main_page_redraw_outdoor_tempreature     0x08004919   Thumb Code   158  main_page.o(i.main_page_redraw_outdoor_tempreature)
    main_page_redraw_outdoor_weather_icon    0x080049d5   Thumb Code   164  main_page.o(i.main_page_redraw_outdoor_weather_icon)
    main_page_redraw_time                    0x08004a9d   Thumb Code    70  main_page.o(i.main_page_redraw_time)
    main_page_redraw_wifi_ssid               0x08004af5   Thumb Code    68  main_page.o(i.main_page_redraw_wifi_ssid)
    parse_seniverse_response                 0x08004e09   Thumb Code   242  weather.o(i.parse_seniverse_response)
    rtc_get_time                             0x08004fad   Thumb Code    42  rtc.o(i.rtc_get_time)
    rtc_init                                 0x08005027   Thumb Code    26  rtc.o(i.rtc_init)
    rtc_set_time                             0x08005041   Thumb Code    34  rtc.o(i.rtc_set_time)
    tim2_init                                0x080050b5   Thumb Code    94  delay.o(i.tim2_init)
    tim_register_callback                    0x08005185   Thumb Code     6  delay.o(i.tim_register_callback)
    usart_init                               0x0800540d   Thumb Code    20  usart.o(i.usart_init)
    usart_receive_register                   0x08005465   Thumb Code     6  usart.o(i.usart_receive_register)
    usart_send_byte                          0x0800547d   Thumb Code    28  usart.o(i.usart_send_byte)
    usart_send_data                          0x0800549d   Thumb Code    82  usart.o(i.usart_send_data)
    welcome_page_display                     0x0800557d   Thumb Code   112  welocme_page.o(i.welcome_page_display)
    wifi_init                                0x08005619   Thumb Code   110  wifi.o(i.wifi_init)
    wifi_page_display                        0x08005791   Thumb Code   148  wifi_page.o(i.wifi_page_display)
    wifi_wait_connected                      0x080058f1   Thumb Code   132  wifi.o(i.wifi_wait_connected)
    font32_maple                             0x08007730   Data          16  font32_maple.o(.constdata)
    font24_maple                             0x0800849c   Data          16  font24_maple.o(.constdata)
    font20_maple                             0x080093cc   Data          16  font20_maple.o(.constdata)
    font54_maple                             0x08009d78   Data          16  font54_maple.o(.constdata)
    font62_maple                             0x0800aa20   Data          16  font62_maple.o(.constdata)
    font76_maple                             0x0800bd7c   Data          16  font76_maple.o(.constdata)
    image_error                              0x0800bd8c   Data       51200  error_image.o(.constdata)
    img_error                                0x0801858c   Data           8  error_image.o(.constdata)
    image_mingrixiang                        0x08018594   Data       64800  mingrixiang_image.o(.constdata)
    img_mingrixiang                          0x080282b4   Data           8  mingrixiang_image.o(.constdata)
    image_wifi                               0x080282bc   Data       59040  wifi_image.o(.constdata)
    img_wifi                                 0x0803695c   Data           8  wifi_image.o(.constdata)
    image_icon_cloudy                        0x0803696c   Data        5832  icon_cloudy.o(.constdata)
    img_icon_cloudy                          0x08038034   Data           8  icon_cloudy.o(.constdata)
    image_icon_leizhenyu                     0x0803803c   Data        5832  icon_leizhenyu.o(.constdata)
    img_icon_leizhenyu                       0x08039704   Data           8  icon_leizhenyu.o(.constdata)
    image_icon_moon                          0x0803970c   Data        5832  icon_moon.o(.constdata)
    img_icon_moon                            0x0803add4   Data           8  icon_moon.o(.constdata)
    image_icon_na                            0x0803addc   Data        5832  icon_na.o(.constdata)
    img_icon_na                              0x0803c4a4   Data           8  icon_na.o(.constdata)
    image_icon_rain                          0x0803c4ac   Data        5832  icon_rain.o(.constdata)
    img_icon_rain                            0x0803db74   Data           8  icon_rain.o(.constdata)
    image_icon_snow                          0x0803db7c   Data        5832  icon_snow.o(.constdata)
    img_icon_snow                            0x0803f244   Data           8  icon_snow.o(.constdata)
    image_icon_sunny                         0x0803f24c   Data        5832  icon_sunny.o(.constdata)
    img_icon_sunny                           0x08040914   Data           8  icon_sunny.o(.constdata)
    image_icon_wenduji                       0x0804091c   Data        2142  icon_wenduji.o(.constdata)
    img_icon_wenduji                         0x0804117c   Data           8  icon_wenduji.o(.constdata)
    image_icon_wifi                          0x08041184   Data        1152  icon_wifi.o(.constdata)
    img_icon_wifi                            0x08041604   Data           8  icon_wifi.o(.constdata)
    image_icon_yintian                       0x0804160c   Data        5832  icon_yintian.o(.constdata)
    img_icon_yintian                         0x08042cd4   Data           8  icon_yintian.o(.constdata)
    __ctype_categories                       0x08042cdc   Data          64  ctype_c.o(.constdata)
    Region$$Table$$Base                      0x08042e78   Number         0  anon$$obj.o(Region$$Table)
    Region$$Table$$Limit                     0x08042e98   Number         0  anon$$obj.o(Region$$Table)
    SystemCoreClock                          0x20000044   Data           4  system_stm32f4xx.o(.data)
    AHBPrescTable                            0x20000048   Data          16  system_stm32f4xx.o(.data)
    now                                      0x20000068   Data           8  main_page.o(.data)
    __stdout                                 0x20000074   Data           4  stdout.o(.data)
    lcddev                                   0x2000018c   Data          14  lcd.o(.bss)
    __initial_sp                             0x20000ca0   Data           0  startup_stm32f40_41xxx.o(STACK)



==============================================================================

Memory Map of the image

  Image Entry point : 0x08000189

  Load Region LR_IROM1 (Base: 0x08000000, Size: 0x00042f14, Max: 0x00080000, ABSOLUTE)

    Execution Region ER_IROM1 (Exec base: 0x08000000, Load base: 0x08000000, Size: 0x00042e98, Max: 0x00080000, ABSOLUTE)

    Exec Addr    Load Addr    Size         Type   Attr      Idx    E Section Name        Object

    0x08000000   0x08000000   0x00000188   Data   RO          964    RESET               startup_stm32f40_41xxx.o
    0x08000188   0x08000188   0x00000000   Code   RO         6511  * .ARM.Collect$$$$00000000  mc_w.l(entry.o)
    0x08000188   0x08000188   0x00000004   Code   RO         6799    .ARM.Collect$$$$00000001  mc_w.l(entry2.o)
    0x0800018c   0x0800018c   0x00000004   Code   RO         6802    .ARM.Collect$$$$00000004  mc_w.l(entry5.o)
    0x08000190   0x08000190   0x00000000   Code   RO         6804    .ARM.Collect$$$$00000008  mc_w.l(entry7b.o)
    0x08000190   0x08000190   0x00000000   Code   RO         6806    .ARM.Collect$$$$0000000A  mc_w.l(entry8b.o)
    0x08000190   0x08000190   0x00000008   Code   RO         6807    .ARM.Collect$$$$0000000B  mc_w.l(entry9a.o)
    0x08000198   0x08000198   0x00000004   Code   RO         6814    .ARM.Collect$$$$0000000E  mc_w.l(entry12b.o)
    0x0800019c   0x0800019c   0x00000000   Code   RO         6809    .ARM.Collect$$$$0000000F  mc_w.l(entry10a.o)
    0x0800019c   0x0800019c   0x00000000   Code   RO         6811    .ARM.Collect$$$$00000011  mc_w.l(entry11a.o)
    0x0800019c   0x0800019c   0x00000004   Code   RO         6800    .ARM.Collect$$$$00002712  mc_w.l(entry2.o)
    0x080001a0   0x080001a0   0x00000024   Code   RO          965    .text               startup_stm32f40_41xxx.o
    0x080001c4   0x080001c4   0x00000024   Code   RO         6514    .text               mc_w.l(memcpya.o)
    0x080001e8   0x080001e8   0x00000024   Code   RO         6516    .text               mc_w.l(memseta.o)
    0x0800020c   0x0800020c   0x00000024   Code   RO         6518    .text               mc_w.l(strstr.o)
    0x08000230   0x08000230   0x0000000e   Code   RO         6520    .text               mc_w.l(strlen.o)
    0x0800023e   0x0800023e   0x0000001c   Code   RO         6522    .text               mc_w.l(strcmp.o)
    0x0800025a   0x0800025a   0x0000001a   Code   RO         6524    .text               mc_w.l(memcmp.o)
    0x08000274   0x08000274   0x00000038   Code   RO         6789    .text               mc_w.l(__0sscanf.o)
    0x080002ac   0x080002ac   0x0000014c   Code   RO         6791    .text               mc_w.l(_scanf_int.o)
    0x080003f8   0x080003f8   0x000000e0   Code   RO         6793    .text               mc_w.l(_scanf_str.o)
    0x080004d8   0x080004d8   0x00000026   Code   RO         6795    .text               mf_w.l(f2d.o)
    0x080004fe   0x080004fe   0x00000038   Code   RO         6797    .text               mf_w.l(d2f.o)
    0x08000536   0x08000536   0x0000002c   Code   RO         6816    .text               mc_w.l(uidiv.o)
    0x08000562   0x08000562   0x00000062   Code   RO         6818    .text               mc_w.l(uldiv.o)
    0x080005c4   0x080005c4   0x0000001c   Code   RO         6827    .text               mc_w.l(_chval.o)
    0x080005e0   0x080005e0   0x00000028   Code   RO         6829    .text               mc_w.l(scanf_char.o)
    0x08000608   0x08000608   0x00000040   Code   RO         6831    .text               mc_w.l(_sgetc.o)
    0x08000648   0x08000648   0x0000009c   Code   RO         6833    .text               mc_w.l(strtod.o)
    0x080006e4   0x080006e4   0x00000000   Code   RO         6835    .text               mc_w.l(iusefp.o)
    0x080006e4   0x080006e4   0x0000006e   Code   RO         6836    .text               mf_w.l(fepilogue.o)
    0x08000752   0x08000752   0x0000014e   Code   RO         6838    .text               mf_w.l(dadd.o)
    0x080008a0   0x080008a0   0x000000e4   Code   RO         6840    .text               mf_w.l(dmul.o)
    0x08000984   0x08000984   0x000000de   Code   RO         6842    .text               mf_w.l(ddiv.o)
    0x08000a62   0x08000a62   0x00000030   Code   RO         6844    .text               mf_w.l(dfixul.o)
    0x08000a92   0x08000a92   0x00000002   PAD
    0x08000a94   0x08000a94   0x00000030   Code   RO         6846    .text               mf_w.l(cdrcmple.o)
    0x08000ac4   0x08000ac4   0x00000024   Code   RO         6848    .text               mc_w.l(init.o)
    0x08000ae8   0x08000ae8   0x0000001e   Code   RO         6850    .text               mc_w.l(llshl.o)
    0x08000b06   0x08000b06   0x00000020   Code   RO         6852    .text               mc_w.l(llushr.o)
    0x08000b26   0x08000b26   0x00000024   Code   RO         6854    .text               mc_w.l(llsshr.o)
    0x08000b4a   0x08000b4a   0x0000000a   Code   RO         6856    .text               mc_w.l(isspace_c.o)
    0x08000b54   0x08000b54   0x00000330   Code   RO         6858    .text               mc_w.l(_scanf.o)
    0x08000e84   0x08000e84   0x00000360   Code   RO         6860    .text               mc_w.l(scanf_fp.o)
    0x080011e4   0x080011e4   0x000000ba   Code   RO         6864    .text               mf_w.l(depilogue.o)
    0x0800129e   0x0800129e   0x00000002   PAD
    0x080012a0   0x080012a0   0x00000028   Code   RO         6866    .text               mc_w.l(ctype_c.o)
    0x080012c8   0x080012c8   0x00000018   Code   RO         6869    .text               mf_w.l(dfltul.o)
    0x080012e0   0x080012e0   0x00000004   Code   RO          972    i.BusFault_Handler  stm32f4xx_it.o
    0x080012e4   0x080012e4   0x00000020   Code   RO          340    i.DMA2_Stream7_IRQHandler  usart.o
    0x08001304   0x08001304   0x00000034   Code   RO         2161    i.DMA_ClearFlag     stm32f4xx_dma.o
    0x08001338   0x08001338   0x00000034   Code   RO         2162    i.DMA_ClearITPendingBit  stm32f4xx_dma.o
    0x0800136c   0x0800136c   0x00000016   Code   RO         2163    i.DMA_Cmd           stm32f4xx_dma.o
    0x08001382   0x08001382   0x00000002   PAD
    0x08001384   0x08001384   0x00000158   Code   RO         2164    i.DMA_DeInit        stm32f4xx_dma.o
    0x080014dc   0x080014dc   0x00000014   Code   RO         2168    i.DMA_GetCmdStatus  stm32f4xx_dma.o
    0x080014f0   0x080014f0   0x00000064   Code   RO         2173    i.DMA_GetITStatus   stm32f4xx_dma.o
    0x08001554   0x08001554   0x0000003a   Code   RO         2174    i.DMA_ITConfig      stm32f4xx_dma.o
    0x0800158e   0x0800158e   0x00000002   PAD
    0x08001590   0x08001590   0x00000058   Code   RO         2175    i.DMA_Init          stm32f4xx_dma.o
    0x080015e8   0x080015e8   0x00000022   Code   RO         2179    i.DMA_StructInit    stm32f4xx_dma.o
    0x0800160a   0x0800160a   0x00000002   Code   RO          973    i.DebugMon_Handler  stm32f4xx_it.o
    0x0800160c   0x0800160c   0x00000034   Code   RO         2838    i.FSMC_NORSRAMCmd   stm32f4xx_fsmc.o
    0x08001640   0x08001640   0x00000124   Code   RO         2840    i.FSMC_NORSRAMInit  stm32f4xx_fsmc.o
    0x08001764   0x08001764   0x00000090   Code   RO         2963    i.GPIO_Init         stm32f4xx_gpio.o
    0x080017f4   0x080017f4   0x00000046   Code   RO         2964    i.GPIO_PinAFConfig  stm32f4xx_gpio.o
    0x0800183a   0x0800183a   0x00000004   Code   RO         2971    i.GPIO_SetBits      stm32f4xx_gpio.o
    0x0800183e   0x0800183e   0x00000012   Code   RO         2972    i.GPIO_StructInit   stm32f4xx_gpio.o
    0x08001850   0x08001850   0x00000004   Code   RO          974    i.HardFault_Handler  stm32f4xx_it.o
    0x08001854   0x08001854   0x00000018   Code   RO         3251    i.I2C_AcknowledgeConfig  stm32f4xx_i2c.o
    0x0800186c   0x0800186c   0x0000003e   Code   RO         3254    i.I2C_CheckEvent    stm32f4xx_i2c.o
    0x080018aa   0x080018aa   0x00000018   Code   RO         3257    i.I2C_Cmd           stm32f4xx_i2c.o
    0x080018c2   0x080018c2   0x00000002   PAD
    0x080018c4   0x080018c4   0x00000060   Code   RO         3260    i.I2C_DeInit        stm32f4xx_i2c.o
    0x08001924   0x08001924   0x00000018   Code   RO         3265    i.I2C_GenerateSTART  stm32f4xx_i2c.o
    0x0800193c   0x0800193c   0x00000018   Code   RO         3266    i.I2C_GenerateSTOP  stm32f4xx_i2c.o
    0x08001954   0x08001954   0x000000e8   Code   RO         3272    i.I2C_Init          stm32f4xx_i2c.o
    0x08001a3c   0x08001a3c   0x00000008   Code   RO         3277    i.I2C_ReceiveData   stm32f4xx_i2c.o
    0x08001a44   0x08001a44   0x00000010   Code   RO         3279    i.I2C_Send7bitAddress  stm32f4xx_i2c.o
    0x08001a54   0x08001a54   0x00000004   Code   RO         3280    i.I2C_SendData      stm32f4xx_i2c.o
    0x08001a58   0x08001a58   0x0000001e   Code   RO         3283    i.I2C_StructInit    stm32f4xx_i2c.o
    0x08001a76   0x08001a76   0x00000004   Code   RO          975    i.MemManage_Handler  stm32f4xx_it.o
    0x08001a7a   0x08001a7a   0x00000002   Code   RO          976    i.NMI_Handler       stm32f4xx_it.o
    0x08001a7c   0x08001a7c   0x00000078   Code   RO         1088    i.NVIC_Init         misc.o
    0x08001af4   0x08001af4   0x00000014   Code   RO         1089    i.NVIC_PriorityGroupConfig  misc.o
    0x08001b08   0x08001b08   0x00000028   Code   RO          341    i.NVIC_SetPriority  usart.o
    0x08001b30   0x08001b30   0x0000000c   Code   RO         3754    i.PWR_BackupAccessCmd  stm32f4xx_pwr.o
    0x08001b3c   0x08001b3c   0x00000002   Code   RO          977    i.PendSV_Handler    stm32f4xx_it.o
    0x08001b3e   0x08001b3e   0x00000002   PAD
    0x08001b40   0x08001b40   0x00000020   Code   RO         3889    i.RCC_AHB1PeriphClockCmd  stm32f4xx_rcc.o
    0x08001b60   0x08001b60   0x00000020   Code   RO         3895    i.RCC_AHB3PeriphClockCmd  stm32f4xx_rcc.o
    0x08001b80   0x08001b80   0x00000020   Code   RO         3898    i.RCC_APB1PeriphClockCmd  stm32f4xx_rcc.o
    0x08001ba0   0x08001ba0   0x00000020   Code   RO         3900    i.RCC_APB1PeriphResetCmd  stm32f4xx_rcc.o
    0x08001bc0   0x08001bc0   0x00000020   Code   RO         3901    i.RCC_APB2PeriphClockCmd  stm32f4xx_rcc.o
    0x08001be0   0x08001be0   0x000000e8   Code   RO         3910    i.RCC_GetClocksFreq  stm32f4xx_rcc.o
    0x08001cc8   0x08001cc8   0x00000040   Code   RO         3911    i.RCC_GetFlagStatus  stm32f4xx_rcc.o
    0x08001d08   0x08001d08   0x0000002c   Code   RO         3919    i.RCC_LSEConfig     stm32f4xx_rcc.o
    0x08001d34   0x08001d34   0x0000000c   Code   RO         3933    i.RCC_RTCCLKCmd     stm32f4xx_rcc.o
    0x08001d40   0x08001d40   0x0000003c   Code   RO         3934    i.RCC_RTCCLKConfig  stm32f4xx_rcc.o
    0x08001d7c   0x08001d7c   0x00000018   Code   RO          551    i.RGB565            lcd.o
    0x08001d94   0x08001d94   0x00000016   Code   RO         4296    i.RTC_Bcd2ToByte    stm32f4xx_rtc.o
    0x08001daa   0x08001daa   0x0000001c   Code   RO         4298    i.RTC_ByteToBcd2    stm32f4xx_rtc.o
    0x08001dc6   0x08001dc6   0x0000000e   Code   RO         4305    i.RTC_DateStructInit  stm32f4xx_rtc.o
    0x08001dd4   0x08001dd4   0x00000050   Code   RO         4308    i.RTC_EnterInitMode  stm32f4xx_rtc.o
    0x08001e24   0x08001e24   0x00000014   Code   RO         4309    i.RTC_ExitInitMode  stm32f4xx_rtc.o
    0x08001e38   0x08001e38   0x0000004c   Code   RO         4312    i.RTC_GetDate       stm32f4xx_rtc.o
    0x08001e84   0x08001e84   0x00000050   Code   RO         4317    i.RTC_GetTime       stm32f4xx_rtc.o
    0x08001ed4   0x08001ed4   0x00000064   Code   RO         4322    i.RTC_Init          stm32f4xx_rtc.o
    0x08001f38   0x08001f38   0x000000c8   Code   RO         4328    i.RTC_SetDate       stm32f4xx_rtc.o
    0x08002000   0x08002000   0x000000d0   Code   RO         4329    i.RTC_SetTime       stm32f4xx_rtc.o
    0x080020d0   0x080020d0   0x0000000e   Code   RO         4332    i.RTC_StructInit    stm32f4xx_rtc.o
    0x080020de   0x080020de   0x0000000c   Code   RO         4344    i.RTC_TimeStructInit  stm32f4xx_rtc.o
    0x080020ea   0x080020ea   0x00000002   PAD
    0x080020ec   0x080020ec   0x00000060   Code   RO         4345    i.RTC_WaitForSynchro  stm32f4xx_rtc.o
    0x0800214c   0x0800214c   0x00000002   Code   RO          978    i.SVC_Handler       stm32f4xx_it.o
    0x0800214e   0x0800214e   0x00000002   PAD
    0x08002150   0x08002150   0x000000ec   Code   RO         1047    i.SetSysClock       system_stm32f4xx.o
    0x0800223c   0x0800223c   0x00000002   Code   RO          979    i.SysTick_Handler   stm32f4xx_it.o
    0x0800223e   0x0800223e   0x00000002   PAD
    0x08002240   0x08002240   0x00000068   Code   RO         1049    i.SystemInit        system_stm32f4xx.o
    0x080022a8   0x080022a8   0x0000003c   Code   RO          431    i.TIM2_IRQHandler   delay.o
    0x080022e4   0x080022e4   0x00000006   Code   RO         5280    i.TIM_ClearITPendingBit  stm32f4xx_tim.o
    0x080022ea   0x080022ea   0x00000018   Code   RO         5285    i.TIM_Cmd           stm32f4xx_tim.o
    0x08002302   0x08002302   0x00000022   Code   RO         5306    i.TIM_GetITStatus   stm32f4xx_tim.o
    0x08002324   0x08002324   0x00000012   Code   RO         5310    i.TIM_ITConfig      stm32f4xx_tim.o
    0x08002336   0x08002336   0x00000002   PAD
    0x08002338   0x08002338   0x00000084   Code   RO         5357    i.TIM_TimeBaseInit  stm32f4xx_tim.o
    0x080023bc   0x080023bc   0x00000038   Code   RO          342    i.USART1_IRQHandler  usart.o
    0x080023f4   0x080023f4   0x00000030   Code   RO          721    i.USART2_IRQHandler  esp_at.o
    0x08002424   0x08002424   0x00000012   Code   RO         5835    i.USART_ClearFlag   stm32f4xx_usart.o
    0x08002436   0x08002436   0x0000001e   Code   RO         5836    i.USART_ClearITPendingBit  stm32f4xx_usart.o
    0x08002454   0x08002454   0x00000018   Code   RO         5839    i.USART_Cmd         stm32f4xx_usart.o
    0x0800246c   0x0800246c   0x00000012   Code   RO         5840    i.USART_DMACmd      stm32f4xx_usart.o
    0x0800247e   0x0800247e   0x0000001a   Code   RO         5842    i.USART_GetFlagStatus  stm32f4xx_usart.o
    0x08002498   0x08002498   0x00000054   Code   RO         5843    i.USART_GetITStatus  stm32f4xx_usart.o
    0x080024ec   0x080024ec   0x0000004a   Code   RO         5845    i.USART_ITConfig    stm32f4xx_usart.o
    0x08002536   0x08002536   0x00000002   PAD
    0x08002538   0x08002538   0x000000d4   Code   RO         5846    i.USART_Init        stm32f4xx_usart.o
    0x0800260c   0x0800260c   0x0000000a   Code   RO         5853    i.USART_ReceiveData  stm32f4xx_usart.o
    0x08002616   0x08002616   0x00000008   Code   RO         5856    i.USART_SendData    stm32f4xx_usart.o
    0x0800261e   0x0800261e   0x00000018   Code   RO         5862    i.USART_StructInit  stm32f4xx_usart.o
    0x08002636   0x08002636   0x00000004   Code   RO          980    i.UsageFault_Handler  stm32f4xx_it.o
    0x0800263a   0x0800263a   0x00000002   PAD
    0x0800263c   0x0800263c   0x00000020   Code   RO         6761    i.__0printf         mc_w.l(printfa.o)
    0x0800265c   0x0800265c   0x00000034   Code   RO         6762    i.__0snprintf       mc_w.l(printfa.o)
    0x08002690   0x08002690   0x00000038   Code   RO         6505    i.__hardfp_atof     m_wm.l(atof.o)
    0x080026c8   0x080026c8   0x0000000c   Code   RO         6821    i.__read_errno      mc_w.l(errno.o)
    0x080026d4   0x080026d4   0x0000000e   Code   RO         6873    i.__scatterload_copy  mc_w.l(handlers.o)
    0x080026e2   0x080026e2   0x00000002   Code   RO         6874    i.__scatterload_null  mc_w.l(handlers.o)
    0x080026e4   0x080026e4   0x0000000e   Code   RO         6875    i.__scatterload_zeroinit  mc_w.l(handlers.o)
    0x080026f2   0x080026f2   0x00000002   PAD
    0x080026f4   0x080026f4   0x0000000c   Code   RO         6822    i.__set_errno       mc_w.l(errno.o)
    0x08002700   0x08002700   0x00000184   Code   RO         6768    i._fp_digits        mc_w.l(printfa.o)
    0x08002884   0x08002884   0x0000000e   Code   RO         6862    i._is_digit         mc_w.l(scanf_fp.o)
    0x08002892   0x08002892   0x00000002   PAD
    0x08002894   0x08002894   0x000006b4   Code   RO         6769    i._printf_core      mc_w.l(printfa.o)
    0x08002f48   0x08002f48   0x00000024   Code   RO         6770    i._printf_post_padding  mc_w.l(printfa.o)
    0x08002f6c   0x08002f6c   0x0000002e   Code   RO         6771    i._printf_pre_padding  mc_w.l(printfa.o)
    0x08002f9a   0x08002f9a   0x00000016   Code   RO         6772    i._snputc           mc_w.l(printfa.o)
    0x08002fb0   0x08002fb0   0x000000d8   Code   RO          484    i.aht20_init        aht20.o
    0x08003088   0x08003088   0x00000016   Code   RO          485    i.aht20_is_busy     aht20.o
    0x0800309e   0x0800309e   0x00000018   Code   RO          486    i.aht20_is_ready    aht20.o
    0x080030b6   0x080030b6   0x00000002   PAD
    0x080030b8   0x080030b8   0x000000d0   Code   RO          487    i.aht20_read        aht20.o
    0x08003188   0x08003188   0x0000009c   Code   RO          488    i.aht20_read_measurement  aht20.o
    0x08003224   0x08003224   0x00000028   Code   RO          489    i.aht20_read_status  aht20.o
    0x0800324c   0x0800324c   0x00000018   Code   RO          490    i.aht20_start_measurement  aht20.o
    0x08003264   0x08003264   0x00000020   Code   RO          491    i.aht20_wait_for_measurement  aht20.o
    0x08003284   0x08003284   0x000000c4   Code   RO          492    i.aht20_write       aht20.o
    0x08003348   0x08003348   0x0000002c   Code   RO          190    i.board_init        board.o
    0x08003374   0x08003374   0x00000084   Code   RO          191    i.board_lowlevel_init  board.o
    0x080033f8   0x080033f8   0x00000024   Code   RO          432    i.delay_ms          delay.o
    0x0800341c   0x0800341c   0x00000070   Code   RO         6228    i.error_page_display  error_page.o
    0x0800348c   0x0800348c   0x00000060   Code   RO          722    i.esp_at_connect_wifi  esp_at.o
    0x080034ec   0x080034ec   0x0000005c   Code   RO          723    i.esp_at_dma_init   esp_at.o
    0x08003548   0x08003548   0x00000008   Code   RO          724    i.esp_at_get_response  esp_at.o
    0x08003550   0x08003550   0x0000006c   Code   RO          725    i.esp_at_get_wifi_info  esp_at.o
    0x080035bc   0x080035bc   0x00000040   Code   RO          726    i.esp_at_gpio_init  esp_at.o
    0x080035fc   0x080035fc   0x00000050   Code   RO          727    i.esp_at_http_get   esp_at.o
    0x0800364c   0x0800364c   0x00000050   Code   RO          728    i.esp_at_init       esp_at.o
    0x0800369c   0x0800369c   0x00000014   Code   RO          729    i.esp_at_lowlevel_init  esp_at.o
    0x080036b0   0x080036b0   0x00000050   Code   RO          730    i.esp_at_nvic_init  esp_at.o
    0x08003700   0x08003700   0x00000098   Code   RO          731    i.esp_at_receive_parser  esp_at.o
    0x08003798   0x08003798   0x0000000c   Code   RO          732    i.esp_at_receive_register  esp_at.o
    0x080037a4   0x080037a4   0x0000000c   Code   RO          192    i.esp_at_received   board.o
    0x080037b0   0x080037b0   0x0000003c   Code   RO          733    i.esp_at_sntp_get_time  esp_at.o
    0x080037ec   0x080037ec   0x00000024   Code   RO          734    i.esp_at_sntp_init  esp_at.o
    0x08003810   0x08003810   0x00000054   Code   RO          735    i.esp_at_usart_init  esp_at.o
    0x08003864   0x08003864   0x0000003c   Code   RO          736    i.esp_at_usart_write  esp_at.o
    0x080038a0   0x080038a0   0x00000030   Code   RO          737    i.esp_at_wait_boot  esp_at.o
    0x080038d0   0x080038d0   0x0000001c   Code   RO          738    i.esp_at_wifi_init  esp_at.o
    0x080038ec   0x080038ec   0x00000020   Code   RO          739    i.esp_at_write_byte  esp_at.o
    0x0800390c   0x0800390c   0x000000a8   Code   RO          741    i.esp_at_write_command  esp_at.o
    0x080039b4   0x080039b4   0x00000014   Code   RO          343    i.fputc             usart.o
    0x080039c8   0x080039c8   0x00000046   Code   RO          552    i.get_font_index    lcd.o
    0x08003a0e   0x08003a0e   0x00000002   PAD
    0x08003a10   0x08003a10   0x0000017c   Code   RO          230    i.inner_update      app.o
    0x08003b8c   0x08003b8c   0x00000034   Code   RO          553    i.lcd_clear         lcd.o
    0x08003bc0   0x08003bc0   0x00000044   Code   RO          554    i.lcd_display_dir   lcd.o
    0x08003c04   0x08003c04   0x00000048   Code   RO          558    i.lcd_fast_draw_point  lcd.o
    0x08003c4c   0x08003c4c   0x0000004c   Code   RO          559    i.lcd_fill          lcd.o
    0x08003c98   0x08003c98   0x000004bc   Code   RO          560    i.lcd_init          lcd.o
    0x08004154   0x08004154   0x00000014   Code   RO          561    i.lcd_read_data     lcd.o
    0x08004168   0x08004168   0x00000058   Code   RO          563    i.lcd_scan_dir      lcd.o
    0x080041c0   0x080041c0   0x00000034   Code   RO          564    i.lcd_set_cursor    lcd.o
    0x080041f4   0x080041f4   0x000000e4   Code   RO          565    i.lcd_show_char     lcd.o
    0x080042d8   0x080042d8   0x00000118   Code   RO          566    i.lcd_show_chinese_char  lcd.o
    0x080043f0   0x080043f0   0x00000052   Code   RO          567    i.lcd_show_image    lcd.o
    0x08004442   0x08004442   0x00000002   PAD
    0x08004444   0x08004444   0x000000d0   Code   RO          568    i.lcd_show_string   lcd.o
    0x08004514   0x08004514   0x00000018   Code   RO          569    i.lcd_write_data    lcd.o
    0x0800452c   0x0800452c   0x00000014   Code   RO          571    i.lcd_write_ram_prepare  lcd.o
    0x08004540   0x08004540   0x00000018   Code   RO          572    i.lcd_write_regaddress  lcd.o
    0x08004558   0x08004558   0x00000018   Code   RO          573    i.lcd_write_register  lcd.o
    0x08004570   0x08004570   0x00000028   Code   RO            4    i.main              main.o
    0x08004598   0x08004598   0x00000018   Code   RO          231    i.main_loop         app.o
    0x080045b0   0x080045b0   0x00000010   Code   RO          232    i.main_loop_init    app.o
    0x080045c0   0x080045c0   0x000000f4   Code   RO         6252    i.main_page_display  main_page.o
    0x080046b4   0x080046b4   0x000000d0   Code   RO         6253    i.main_page_redraw_date  main_page.o
    0x08004784   0x08004784   0x000000a8   Code   RO         6254    i.main_page_redraw_inner_humidity  main_page.o
    0x0800482c   0x0800482c   0x000000b4   Code   RO         6255    i.main_page_redraw_inner_tempreature  main_page.o
    0x080048e0   0x080048e0   0x00000038   Code   RO         6256    i.main_page_redraw_outdoor_city  main_page.o
    0x08004918   0x08004918   0x000000bc   Code   RO         6257    i.main_page_redraw_outdoor_tempreature  main_page.o
    0x080049d4   0x080049d4   0x000000c8   Code   RO         6258    i.main_page_redraw_outdoor_weather_icon  main_page.o
    0x08004a9c   0x08004a9c   0x00000058   Code   RO         6259    i.main_page_redraw_time  main_page.o
    0x08004af4   0x08004af4   0x00000050   Code   RO         6260    i.main_page_redraw_wifi_ssid  main_page.o
    0x08004b44   0x08004b44   0x00000038   Code   RO          742    i.match_internal_ack  esp_at.o
    0x08004b7c   0x08004b7c   0x0000003c   Code   RO          743    i.month_str_to_num  esp_at.o
    0x08004bb8   0x08004bb8   0x000000f0   Code   RO          233    i.outdoor_update    app.o
    0x08004ca8   0x08004ca8   0x00000094   Code   RO          744    i.parse_cipsntptime_response  esp_at.o
    0x08004d3c   0x08004d3c   0x00000068   Code   RO          745    i.parse_cwjap_response  esp_at.o
    0x08004da4   0x08004da4   0x00000064   Code   RO          746    i.parse_cwstate_response  esp_at.o
    0x08004e08   0x08004e08   0x000001a4   Code   RO          943    i.parse_seniverse_response  weather.o
    0x08004fac   0x08004fac   0x0000002a   Code   RO          900    i.rtc_get_time      rtc.o
    0x08004fd6   0x08004fd6   0x00000050   Code   RO          901    i.rtc_get_time_once  rtc.o
    0x08005026   0x08005026   0x0000001a   Code   RO          902    i.rtc_init          rtc.o
    0x08005040   0x08005040   0x00000022   Code   RO          903    i.rtc_set_time      rtc.o
    0x08005062   0x08005062   0x00000052   Code   RO          904    i.rtc_set_time_once  rtc.o
    0x080050b4   0x080050b4   0x00000068   Code   RO          434    i.tim2_init         delay.o
    0x0800511c   0x0800511c   0x00000068   Code   RO          234    i.tim_periodic_callback  app.o
    0x08005184   0x08005184   0x0000000c   Code   RO          435    i.tim_register_callback  delay.o
    0x08005190   0x08005190   0x0000013c   Code   RO          235    i.time_sync         app.o
    0x080052cc   0x080052cc   0x00000090   Code   RO          236    i.time_update       app.o
    0x0800535c   0x0800535c   0x0000006c   Code   RO          344    i.usart_dma_init    usart.o
    0x080053c8   0x080053c8   0x00000044   Code   RO          345    i.usart_gpio_init   usart.o
    0x0800540c   0x0800540c   0x00000014   Code   RO          346    i.usart_init        usart.o
    0x08005420   0x08005420   0x00000042   Code   RO          347    i.usart_nvic_init   usart.o
    0x08005462   0x08005462   0x00000002   PAD
    0x08005464   0x08005464   0x0000000c   Code   RO          348    i.usart_receive_register  usart.o
    0x08005470   0x08005470   0x0000000c   Code   RO          193    i.usart_received    board.o
    0x0800547c   0x0800547c   0x00000020   Code   RO          349    i.usart_send_byte   usart.o
    0x0800549c   0x0800549c   0x0000005c   Code   RO          350    i.usart_send_data   usart.o
    0x080054f8   0x080054f8   0x0000004c   Code   RO          351    i.usart_usart_init  usart.o
    0x08005544   0x08005544   0x00000038   Code   RO          747    i.weekday_str_to_num  esp_at.o
    0x0800557c   0x0800557c   0x0000009c   Code   RO         6328    i.welcome_page_display  welocme_page.o
    0x08005618   0x08005618   0x00000178   Code   RO          310    i.wifi_init         wifi.o
    0x08005790   0x08005790   0x000000b8   Code   RO         6352    i.wifi_page_display  wifi_page.o
    0x08005848   0x08005848   0x000000a8   Code   RO          237    i.wifi_update       app.o
    0x080058f0   0x080058f0   0x0000014c   Code   RO          311    i.wifi_wait_connected  wifi.o
    0x08005a3c   0x08005a3c   0x0000006c   Data   RO          750    .constdata          esp_at.o
    0x08005aa8   0x08005aa8   0x00001c98   Data   RO         6103    .constdata          font32_maple.o
    0x08007740   0x08007740   0x00000d6c   Data   RO         6117    .constdata          font24_maple.o
    0x080084ac   0x080084ac   0x00000f30   Data   RO         6130    .constdata          font20_maple.o
    0x080093dc   0x080093dc   0x000009ac   Data   RO         6144    .constdata          font54_maple.o
    0x08009d88   0x08009d88   0x00000ca8   Data   RO         6158    .constdata          font62_maple.o
    0x0800aa30   0x0800aa30   0x0000135c   Data   RO         6172    .constdata          font76_maple.o
    0x0800bd8c   0x0800bd8c   0x0000c808   Data   RO         6186    .constdata          error_image.o
    0x08018594   0x08018594   0x0000fd28   Data   RO         6199    .constdata          mingrixiang_image.o
    0x080282bc   0x080282bc   0x0000e6a8   Data   RO         6212    .constdata          wifi_image.o
    0x08036964   0x08036964   0x00000007   Data   RO         6261    .constdata          main_page.o
    0x0803696b   0x0803696b   0x00000001   PAD
    0x0803696c   0x0803696c   0x000016d0   Data   RO         6375    .constdata          icon_cloudy.o
    0x0803803c   0x0803803c   0x000016d0   Data   RO         6388    .constdata          icon_leizhenyu.o
    0x0803970c   0x0803970c   0x000016d0   Data   RO         6401    .constdata          icon_moon.o
    0x0803addc   0x0803addc   0x000016d0   Data   RO         6414    .constdata          icon_na.o
    0x0803c4ac   0x0803c4ac   0x000016d0   Data   RO         6427    .constdata          icon_rain.o
    0x0803db7c   0x0803db7c   0x000016d0   Data   RO         6440    .constdata          icon_snow.o
    0x0803f24c   0x0803f24c   0x000016d0   Data   RO         6453    .constdata          icon_sunny.o
    0x0804091c   0x0804091c   0x00000868   Data   RO         6466    .constdata          icon_wenduji.o
    0x08041184   0x08041184   0x00000488   Data   RO         6479    .constdata          icon_wifi.o
    0x0804160c   0x0804160c   0x000016d0   Data   RO         6492    .constdata          icon_yintian.o
    0x08042cdc   0x08042cdc   0x00000040   Data   RO         6867    .constdata          mc_w.l(ctype_c.o)
    0x08042d1c   0x08042d1c   0x0000006a   Data   RO          239    .conststring        app.o
    0x08042d86   0x08042d86   0x00000002   PAD
    0x08042d88   0x08042d88   0x00000070   Data   RO          751    .conststring        esp_at.o
    0x08042df8   0x08042df8   0x00000023   Data   RO         6104    .conststring        font32_maple.o
    0x08042e1b   0x08042e1b   0x00000001   PAD
    0x08042e1c   0x08042e1c   0x0000003b   Data   RO         6131    .conststring        font20_maple.o
    0x08042e57   0x08042e57   0x00000001   PAD
    0x08042e58   0x08042e58   0x0000000e   Data   RO         6145    .conststring        font54_maple.o
    0x08042e66   0x08042e66   0x00000002   PAD
    0x08042e68   0x08042e68   0x0000000e   Data   RO         6353    .conststring        wifi_page.o
    0x08042e76   0x08042e76   0x00000002   PAD
    0x08042e78   0x08042e78   0x00000020   Data   RO         6871    Region$$Table       anon$$obj.o


    Execution Region RW_IRAM1 (Exec base: 0x20000000, Load base: 0x08042e98, Size: 0x00000ca0, Max: 0x00020000, ABSOLUTE)

    Exec Addr    Load Addr    Size         Type   Attr      Idx    E Section Name        Object

    0x20000000   0x08042e98   0x00000024   Data   RW          240    .data               app.o
    0x20000024   0x08042ebc   0x00000004   Data   RW          352    .data               usart.o
    0x20000028   0x08042ec0   0x0000000c   Data   RW          436    .data               delay.o
    0x20000034   0x08042ecc   0x0000000e   Data   RW          752    .data               esp_at.o
    0x20000042   0x08042eda   0x00000002   PAD
    0x20000044   0x08042edc   0x00000014   Data   RW         1050    .data               system_stm32f4xx.o
    0x20000058   0x08042ef0   0x00000010   Data   RW         3942    .data               stm32f4xx_rcc.o
    0x20000068   0x08042f00   0x00000008   Data   RW         6262    .data               main_page.o
    0x20000070   0x08042f08   0x00000004   Data   RW         6354    .data               wifi_page.o
    0x20000074   0x08042f0c   0x00000004   Data   RW         6815    .data               mc_w.l(stdout.o)
    0x20000078   0x08042f10   0x00000004   Data   RW         6823    .data               mc_w.l(errno.o)
    0x2000007c        -       0x00000110   Zero   RW          238    .bss                app.o
    0x2000018c        -       0x0000000e   Zero   RW          575    .bss                lcd.o
    0x2000019a        -       0x00000700   Zero   RW          749    .bss                esp_at.o
    0x2000089a   0x08042f14   0x00000006   PAD
    0x200008a0        -       0x00000400   Zero   RW          962    STACK               startup_stm32f40_41xxx.o


==============================================================================

Image component sizes


      Code (inc. data)   RO Data    RW Data    ZI Data      Debug   Object Name

       918         64          0          0          0       6929   aht20.o
      1392        462        106         36        272       6797   app.o
       200          8          0          0          0       2059   board.o
       212         30          0         12          0       2749   delay.o
         0          0      51208          0          0       1507   error_image.o
       112         14          0          0          0        653   error_page.o
      1880        442        220         14       1792      43913   esp_at.o
         0          0       3947          0          0       1435   font20_maple.o
         0          0       3436          0          0       1395   font24_maple.o
         0          0       7355          0          0       1435   font32_maple.o
         0          0       2490          0          0       1395   font54_maple.o
         0          0       3240          0          0       1395   font62_maple.o
         0          0       4956          0          0       1395   font76_maple.o
         0          0       5840          0          0       1517   icon_cloudy.o
         0          0       5840          0          0       1532   icon_leizhenyu.o
         0          0       5840          0          0       1511   icon_moon.o
         0          0       5840          0          0       1497   icon_na.o
         0          0       5840          0          0       1511   icon_rain.o
         0          0       5840          0          0       1511   icon_snow.o
         0          0       5840          0          0       1512   icon_sunny.o
         0          0       2152          0          0       1522   icon_wenduji.o
         0          0       1160          0          0       1511   icon_wifi.o
         0          0       5840          0          0       1522   icon_yintian.o
      2624        110          0          0         14      16007   lcd.o
        40          0          0          0          0     340481   main.o
      1412        272          7          8          0       7057   main_page.o
         0          0      64808          0          0       1541   mingrixiang_image.o
       140         24          0          0          0       1635   misc.o
       264          0          0          0          0       3249   rtc.o
        36          8        392          0       1024        884   startup_stm32f40_41xxx.o
       770         72          0          0          0       7227   stm32f4xx_dma.o
       344         16          0          0          0       2101   stm32f4xx_fsmc.o
       236          0          0          0          0       3012   stm32f4xx_gpio.o
       544         28          0          0          0       7586   stm32f4xx_i2c.o
        26          0          0          0          0       4594   stm32f4xx_it.o
        12          6          0          0          0        558   stm32f4xx_pwr.o
       572         72          0         16          0       8512   stm32f4xx_rcc.o
       950         56          0          0          0       9466   stm32f4xx_rtc.o
       214         28          0          0          0       3854   stm32f4xx_tim.o
       528          8          0          0          0       8231   stm32f4xx_usart.o
       340         32          0         20          0       1993   system_stm32f4xx.o
       622         68          0          4          0       6960   usart.o
       420        178          0          0          0       1623   weather.o
       156         44          0          0          0        539   welocme_page.o
       708        466          0          0          0       1270   wifi.o
         0          0      59048          0          0       1502   wifi_image.o
       184         36         14          4          0        620   wifi_page.o

    ----------------------------------------------------------------------
     15884       2544     251300        116       3108     528705   Object Totals
         0          0         32          0          0          0   (incl. Generated)
        28          0          9          2          6          0   (incl. Padding)

    ----------------------------------------------------------------------

      Code (inc. data)   RO Data    RW Data    ZI Data      Debug   Library Member Name

        56         12          0          0          0        132   atof.o
        56          8          0          0          0         84   __0sscanf.o
        28          0          0          0          0         68   _chval.o
       816          6          0          0          0        112   _scanf.o
       332          0          0          0          0         96   _scanf_int.o
       224          0          0          0          0         96   _scanf_str.o
        64          0          0          0          0         84   _sgetc.o
        40          6         64          0          0         68   ctype_c.o
         0          0          0          0          0          0   entry.o
         0          0          0          0          0          0   entry10a.o
         0          0          0          0          0          0   entry11a.o
         4          0          0          0          0          0   entry12b.o
         8          4          0          0          0          0   entry2.o
         4          0          0          0          0          0   entry5.o
         0          0          0          0          0          0   entry7b.o
         0          0          0          0          0          0   entry8b.o
         8          4          0          0          0          0   entry9a.o
        24         12          0          4          0        136   errno.o
        30          0          0          0          0          0   handlers.o
        36          8          0          0          0         68   init.o
        10          0          0          0          0         68   isspace_c.o
         0          0          0          0          0          0   iusefp.o
        30          0          0          0          0         68   llshl.o
        36          0          0          0          0         68   llsshr.o
        32          0          0          0          0         68   llushr.o
        26          0          0          0          0         80   memcmp.o
        36          0          0          0          0         68   memcpya.o
        36          0          0          0          0        108   memseta.o
      2292         94          0          0          0        620   printfa.o
        40          8          0          0          0         84   scanf_char.o
       878         12          0          0          0        216   scanf_fp.o
         0          0          0          4          0          0   stdout.o
        28          0          0          0          0         76   strcmp.o
        14          0          0          0          0         68   strlen.o
        36          0          0          0          0         80   strstr.o
       156         12          0          0          0        120   strtod.o
        44          0          0          0          0         80   uidiv.o
        98          0          0          0          0         92   uldiv.o
        48          0          0          0          0         68   cdrcmple.o
        56          0          0          0          0         88   d2f.o
       334          0          0          0          0        148   dadd.o
       222          0          0          0          0        100   ddiv.o
       186          0          0          0          0        176   depilogue.o
        48          0          0          0          0         68   dfixul.o
        24          0          0          0          0         76   dfltul.o
       228          0          0          0          0         96   dmul.o
        38          0          0          0          0         68   f2d.o
       110          0          0          0          0        168   fepilogue.o

    ----------------------------------------------------------------------
      6824        186         64          8          0       3964   Library Totals
         8          0          0          0          0          0   (incl. Padding)

    ----------------------------------------------------------------------

      Code (inc. data)   RO Data    RW Data    ZI Data      Debug   Library Name

        56         12          0          0          0        132   m_wm.l
      5466        174         64          8          0       2776   mc_w.l
      1294          0          0          0          0       1056   mf_w.l

    ----------------------------------------------------------------------
      6824        186         64          8          0       3964   Library Totals

    ----------------------------------------------------------------------

==============================================================================


      Code (inc. data)   RO Data    RW Data    ZI Data      Debug   

     22708       2730     251364        124       3108     513245   Grand Totals
     22708       2730     251364        124       3108     513245   ELF Image Totals
     22708       2730     251364        124          0          0   ROM Totals

==============================================================================

    Total RO  Size (Code + RO Data)               274072 ( 267.65kB)
    Total RW  Size (RW Data + ZI Data)              3232 (   3.16kB)
    Total ROM Size (Code + RO Data + RW Data)     274196 ( 267.77kB)

==============================================================================

