Component: ARM Compiler 5.06 update 7 (build 960) Tool: armlink [4d3601]

==============================================================================

Section Cross References

    main.o(i.main) refers to board.o(i.board_lowlevel_init) for board_lowlevel_init
    main.o(i.main) refers to workqueue.o(i.workqueue_init) for workqueue_init
    main.o(i.main) refers to tasks.o(i.xTaskCreate) for xTaskCreate
    main.o(i.main) refers to tasks.o(i.vTaskStartScheduler) for vTaskStartScheduler
    main.o(i.main) refers to main.o(i.main_init) for main_init
    main.o(i.main_init) refers to board.o(i.board_init) for board_init
    main.o(i.main_init) refers to ui.o(i.ui_init) for ui_init
    main.o(i.main_init) refers to welocme_page.o(i.welcome_page_display) for welcome_page_display
    main.o(i.main_init) refers to wifi.o(i.wifi_init) for wifi_init
    main.o(i.main_init) refers to wifi_page.o(i.wifi_page_display) for wifi_page_display
    main.o(i.main_init) refers to wifi.o(i.wifi_wait_connected) for wifi_wait_connected
    main.o(i.main_init) refers to main_page.o(i.main_page_display) for main_page_display
    main.o(i.main_init) refers to app.o(i.main_loop_init) for main_loop_init
    main.o(i.main_init) refers to tasks.o(i.vTaskDelete) for vTaskDelete
    board.o(i.board_init) refers to delay.o(i.tim2_init) for tim2_init
    board.o(i.board_init) refers to usart.o(i.usart_init) for usart_init
    board.o(i.board_init) refers to lcd.o(i.lcd_init) for lcd_init
    board.o(i.board_init) refers to rtc.o(i.rtc_init) for rtc_init
    board.o(i.board_init) refers to aht20.o(i.aht20_init) for aht20_init
    board.o(i.board_init) refers to usart.o(i.usart_receive_register) for usart_receive_register
    board.o(i.board_init) refers to esp_at.o(i.esp_at_receive_register) for esp_at_receive_register
    board.o(i.board_init) refers to board.o(i.usart_received) for usart_received
    board.o(i.board_init) refers to board.o(i.esp_at_received) for esp_at_received
    board.o(i.board_lowlevel_init) refers to misc.o(i.NVIC_PriorityGroupConfig) for NVIC_PriorityGroupConfig
    board.o(i.board_lowlevel_init) refers to stm32f4xx_rcc.o(i.RCC_AHB1PeriphClockCmd) for RCC_AHB1PeriphClockCmd
    board.o(i.board_lowlevel_init) refers to stm32f4xx_rcc.o(i.RCC_AHB3PeriphClockCmd) for RCC_AHB3PeriphClockCmd
    board.o(i.board_lowlevel_init) refers to stm32f4xx_rcc.o(i.RCC_APB2PeriphClockCmd) for RCC_APB2PeriphClockCmd
    board.o(i.board_lowlevel_init) refers to stm32f4xx_rcc.o(i.RCC_APB1PeriphClockCmd) for RCC_APB1PeriphClockCmd
    board.o(i.board_lowlevel_init) refers to stm32f4xx_pwr.o(i.PWR_BackupAccessCmd) for PWR_BackupAccessCmd
    board.o(i.board_lowlevel_init) refers to stm32f4xx_rcc.o(i.RCC_LSEConfig) for RCC_LSEConfig
    board.o(i.board_lowlevel_init) refers to stm32f4xx_rcc.o(i.RCC_GetFlagStatus) for RCC_GetFlagStatus
    board.o(i.board_lowlevel_init) refers to stm32f4xx_rcc.o(i.RCC_RTCCLKConfig) for RCC_RTCCLKConfig
    board.o(i.esp_at_received) refers to usart.o(i.usart_send_byte) for usart_send_byte
    board.o(i.usart_received) refers to esp_at.o(i.esp_at_write_byte) for esp_at_write_byte
    board.o(i.vApplicationMallocFailedHook) refers to printfa.o(i.__0printf) for __2printf
    board.o(i.vApplicationMallocFailedHook) refers to board.o(i.vAssertCalled) for vAssertCalled
    board.o(i.vApplicationStackOverflowHook) refers to printfa.o(i.__0printf) for __2printf
    board.o(i.vApplicationStackOverflowHook) refers to board.o(i.vAssertCalled) for vAssertCalled
    board.o(i.vAssertCalled) refers to printfa.o(i.__0printf) for __2printf
    app.o(i.app_timer_cb) refers to timers.o(i.pvTimerGetTimerID) for pvTimerGetTimerID
    app.o(i.inner_update) refers to timers.o(i.xTimerGenericCommand) for xTimerGenericCommand
    app.o(i.inner_update) refers to aht20.o(i.aht20_start_measurement) for aht20_start_measurement
    app.o(i.inner_update) refers to printfa.o(i.__0printf) for __2printf
    app.o(i.inner_update) refers to aht20.o(i.aht20_wait_for_measurement) for aht20_wait_for_measurement
    app.o(i.inner_update) refers to aht20.o(i.aht20_read_measurement) for aht20_read_measurement
    app.o(i.inner_update) refers to f2d.o(.text) for __aeabi_f2d
    app.o(i.inner_update) refers to main_page.o(i.main_page_redraw_inner_tempreature) for main_page_redraw_inner_tempreature
    app.o(i.inner_update) refers to main_page.o(i.main_page_redraw_inner_humidity) for main_page_redraw_inner_humidity
    app.o(i.inner_update) refers to app.o(.data) for inner_update_timer
    app.o(i.main_loop_init) refers to timers.o(i.xTimerCreate) for xTimerCreate
    app.o(i.main_loop_init) refers to workqueue.o(i.workqueue_run) for workqueue_run
    app.o(i.main_loop_init) refers to tasks.o(i.xTaskGetTickCount) for xTaskGetTickCount
    app.o(i.main_loop_init) refers to timers.o(i.xTimerGenericCommand) for xTimerGenericCommand
    app.o(i.main_loop_init) refers to app.o(i.work_timer_cb) for work_timer_cb
[...]
    _printf_widthprec                        0x00000000   Number         0  stubs.o ABSOLUTE
    _printf_x                                0x00000000   Number         0  stubs.o ABSOLUTE
    __arm_fini_                               - Undefined Weak Reference
    __cpp_initialize__aeabi_                  - Undefined Weak Reference
    __cxa_finalize                            - Undefined Weak Reference
    __decompress                              - Undefined Weak Reference
    _clock_init                               - Undefined Weak Reference
    _microlib_exit                            - Undefined Weak Reference
    _scanf_longlong                           - Undefined Weak Reference
    __Vectors_Size                           0x00000188   Number         0  startup_stm32f40_41xxx.o ABSOLUTE
    __Vectors                                0x08000000   Data           4  startup_stm32f40_41xxx.o(RESET)
    __Vectors_End                            0x08000188   Data           0  startup_stm32f40_41xxx.o(RESET)
    __main                                   0x08000189   Thumb Code     0  entry.o(.ARM.Collect$$$$00000000)
    _main_stk                                0x08000189   Thumb Code     0  entry2.o(.ARM.Collect$$$$00000001)
    _main_scatterload                        0x0800018d   Thumb Code     0  entry5.o(.ARM.Collect$$$$00000004)
    __main_after_scatterload                 0x08000191   Thumb Code     0  entry5.o(.ARM.Collect$$$$00000004)
    _main_clock                              0x08000191   Thumb Code     0  entry7b.o(.ARM.Collect$$$$00000008)
    _main_cpp_init                           0x08000191   Thumb Code     0  entry8b.o(.ARM.Collect$$$$0000000A)
    _main_init                               0x08000191   Thumb Code     0  entry9a.o(.ARM.Collect$$$$0000000B)
    __rt_lib_shutdown_fini                   0x08000199   Thumb Code     0  entry12b.o(.ARM.Collect$$$$0000000E)
    __rt_final_cpp                           0x0800019d   Thumb Code     0  entry10a.o(.ARM.Collect$$$$0000000F)
    __rt_final_exit                          0x0800019d   Thumb Code     0  entry11a.o(.ARM.Collect$$$$00000011)
    SVC_Handler                              0x080001a1   Thumb Code    28  port.o(.emb_text)
    __asm___6_port_c_39a90d8d__prvStartFirstTask 0x080001c1   Thumb Code    36  port.o(.emb_text)
    __asm___6_port_c_39a90d8d__prvEnableVFP  0x080001e9   Thumb Code    16  port.o(.emb_text)
    PendSV_Handler                           0x080001fd   Thumb Code    88  port.o(.emb_text)
    vPortGetIPSR                             0x08000259   Thumb Code     6  port.o(.emb_text)
    Reset_Handler                            0x08000261   Thumb Code     8  startup_stm32f40_41xxx.o(.text)
    ADC_IRQHandler                           0x0800027b   Thumb Code     0  startup_stm32f40_41xxx.o(.text)
    CAN1_RX0_IRQHandler                      0x0800027b   Thumb Code     0  startup_stm32f40_41xxx.o(.text)
    CAN1_RX1_IRQHandler                      0x0800027b   Thumb Code     0  startup_stm32f40_41xxx.o(.text)
    CAN1_SCE_IRQHandler                      0x0800027b   Thumb Code     0  startup_stm32f40_41xxx.o(.text)
    CAN1_TX_IRQHandler                       0x0800027b   Thumb Code     0  startup_stm32f40_41xxx.o(.text)
    CAN2_RX0_IRQHandler                      0x0800027b   Thumb Code     0  startup_stm32f40_41xxx.o(.text)
    CAN2_RX1_IRQHandler                      0x0800027b   Thumb Code     0  startup_stm32f40_41xxx.o(.text)
    CAN2_SCE_IRQHandler                      0x0800027b   Thumb Code     0  startup_stm32f40_41xxx.o(.text)
    CAN2_TX_IRQHandler                       0x0800027b   Thumb Code     0  startup_stm32f40_41xxx.o(.text)
    CRYP_IRQHandler                          0x0800027b   Thumb Code     0  startup_stm32f40_41xxx.o(.text)
    DCMI_IRQHandler                          0x0800027b   Thumb Code     0  startup_stm32f40_41xxx.o(.text)
    DMA1_Stream0_IRQHandler                  0x0800027b   Thumb Code     0  startup_stm32f40_41xxx.o(.text)
    DMA1_Stream1_IRQHandler                  0x0800027b   Thumb Code     0  startup_stm32f40_41xxx.o(.text)
    DMA1_Stream2_IRQHandler                  0x0800027b   Thumb Code     0  startup_stm32f40_41xxx.o(.text)
    DMA1_Stream3_IRQHandler                  0x0800027b   Thumb Code     0  startup_stm32f40_41xxx.o(.text)
    DMA1_Stream4_IRQHandler                  0x0800027b   Thumb Code     0  startup_stm32f40_41xxx.o(.text)
    DMA1_Stream5_IRQHandler                  0x0800027b   Thumb Code     0  startup_stm32f40_41xxx.o(.text)
    DMA1_Stream6_IRQHandler                  0x0800027b   Thumb Code     0  startup_stm32f40_41xxx.o(.text)
    DMA1_Stream7_IRQHandler                  0x0800027b   Thumb Code     0  startup_stm32f40_41xxx.o(.text)
    DMA2_Stream0_IRQHandler                  0x0800027b   Thumb Code     0  startup_stm32f40_41xxx.o(.text)
    DMA2_Stream1_IRQHandler                  0x0800027b   Thumb Code     0  startup_stm32f40_41xxx.o(.text)
    DMA2_Stream2_IRQHandler                  0x0800027b   Thumb Code     0  startup_stm32f40_41xxx.o(.text)
    DMA2_Stream3_IRQHandler                  0x0800027b   Thumb Code     0  startup_stm32f40_41xxx.o(.text)
    DMA2_Stream4_IRQHandler                  0x0800027b   Thumb Code     0  startup_stm32f40_41xxx.o(.text)
    DMA2_Stream5_IRQHandler                  0x0800027b   Thumb Code     0  startup_stm32f40_41xxx.o(.text)
    DMA2_Stream6_IRQHandler                  0x0800027b   Thumb Code     0  startup_stm32f40_41xxx.o(.text)
    ETH_IRQHandler                           0x0800027b   Thumb Code     0  startup_stm32f40_41xxx.o(.text)
    ETH_WKUP_IRQHandler                      0x0800027b   Thumb Code     0  startup_stm32f40_41xxx.o(.text)
    EXTI0_IRQHandler                         0x0800027b   Thumb Code     0  startup_stm32f40_41xxx.o(.text)
    EXTI15_10_IRQHandler                     0x0800027b   Thumb Code     0  startup_stm32f40_41xxx.o(.text)
    EXTI1_IRQHandler                         0x0800027b   Thumb Code     0  startup_stm32f40_41xxx.o(.text)
    EXTI2_IRQHandler                         0x0800027b   Thumb Code     0  startup_stm32f40_41xxx.o(.text)
    EXTI3_IRQHandler                         0x0800027b   Thumb Code     0  startup_stm32f40_41xxx.o(.text)
    EXTI4_IRQHandler                         0x0800027b   Thumb Code     0  startup_stm32f40_41xxx.o(.text)
    EXTI9_5_IRQHandler                       0x0800027b   Thumb Code     0  startup_stm32f40_41xxx.o(.text)
    FLASH_IRQHandler                         0x0800027b   Thumb Code     0  startup_stm32f40_41xxx.o(.text)
    FPU_IRQHandler                           0x0800027b   Thumb Code     0  startup_stm32f40_41xxx.o(.text)
    FSMC_IRQHandler                          0x0800027b   Thumb Code     0  startup_stm32f40_41xxx.o(.text)
    HASH_RNG_IRQHandler                      0x0800027b   Thumb Code     0  startup_stm32f40_41xxx.o(.text)
    I2C1_ER_IRQHandler                       0x0800027b   Thumb Code     0  startup_stm32f40_41xxx.o(.text)
    I2C1_EV_IRQHandler                       0x0800027b   Thumb Code     0  startup_stm32f40_41xxx.o(.text)
    I2C2_ER_IRQHandler                       0x0800027b   Thumb Code     0  startup_stm32f40_41xxx.o(.text)
    I2C2_EV_IRQHandler                       0x0800027b   Thumb Code     0  startup_stm32f40_41xxx.o(.text)
    I2C3_ER_IRQHandler                       0x0800027b   Thumb Code     0  startup_stm32f40_41xxx.o(.text)
    I2C3_EV_IRQHandler                       0x0800027b   Thumb Code     0  startup_stm32f40_41xxx.o(.text)
    OTG_FS_IRQHandler                        0x0800027b   Thumb Code     0  startup_stm32f40_41xxx.o(.text)
    OTG_FS_WKUP_IRQHandler                   0x0800027b   Thumb Code     0  startup_stm32f40_41xxx.o(.text)
    OTG_HS_EP1_IN_IRQHandler                 0x0800027b   Thumb Code     0  startup_stm32f40_41xxx.o(.text)
    OTG_HS_EP1_OUT_IRQHandler                0x0800027b   Thumb Code     0  startup_stm32f40_41xxx.o(.text)
    OTG_HS_IRQHandler                        0x0800027b   Thumb Code     0  startup_stm32f40_41xxx.o(.text)
    OTG_HS_WKUP_IRQHandler                   0x0800027b   Thumb Code     0  startup_stm32f40_41xxx.o(.text)
    PVD_IRQHandler                           0x0800027b   Thumb Code     0  startup_stm32f40_41xxx.o(.text)
    RCC_IRQHandler                           0x0800027b   Thumb Code     0  startup_stm32f40_41xxx.o(.text)
    RTC_Alarm_IRQHandler                     0x0800027b   Thumb Code     0  startup_stm32f40_41xxx.o(.text)
    RTC_WKUP_IRQHandler                      0x0800027b   Thumb Code     0  startup_stm32f40_41xxx.o(.text)
    SDIO_IRQHandler                          0x0800027b   Thumb Code     0  startup_stm32f40_41xxx.o(.text)
    SPI1_IRQHandler                          0x0800027b   Thumb Code     0  startup_stm32f40_41xxx.o(.text)
    SPI2_IRQHandler                          0x0800027b   Thumb Code     0  startup_stm32f40_41xxx.o(.text)
    SPI3_IRQHandler                          0x0800027b   Thumb Code     0  startup_stm32f40_41xxx.o(.text)
    TAMP_STAMP_IRQHandler                    0x0800027b   Thumb Code     0  startup_stm32f40_41xxx.o(.text)
    TIM1_BRK_TIM9_IRQHandler                 0x0800027b   Thumb Code     0  startup_stm32f40_41xxx.o(.text)
    TIM1_CC_IRQHandler                       0x0800027b   Thumb Code     0  startup_stm32f40_41xxx.o(.text)
    TIM1_TRG_COM_TIM11_IRQHandler            0x0800027b   Thumb Code     0  startup_stm32f40_41xxx.o(.text)
    TIM1_UP_TIM10_IRQHandler                 0x0800027b   Thumb Code     0  startup_stm32f40_41xxx.o(.text)
    TIM3_IRQHandler                          0x0800027b   Thumb Code     0  startup_stm32f40_41xxx.o(.text)
    TIM4_IRQHandler                          0x0800027b   Thumb Code     0  startup_stm32f40_41xxx.o(.text)
    TIM5_IRQHandler                          0x0800027b   Thumb Code     0  startup_stm32f40_41xxx.o(.text)
    TIM6_DAC_IRQHandler                      0x0800027b   Thumb Code     0  startup_stm32f40_41xxx.o(.text)
    TIM7_IRQHandler                          0x0800027b   Thumb Code     0  startup_stm32f40_41xxx.o(.text)
    TIM8_BRK_TIM12_IRQHandler                0x0800027b   Thumb Code     0  startup_stm32f40_41xxx.o(.text)
    TIM8_CC_IRQHandler                       0x0800027b   Thumb Code     0  startup_stm32f40_41xxx.o(.text)
    TIM8_TRG_COM_TIM14_IRQHandler            0x0800027b   Thumb Code     0  startup_stm32f40_41xxx.o(.text)
    TIM8_UP_TIM13_IRQHandler                 0x0800027b   Thumb Code     0  startup_stm32f40_41xxx.o(.text)
    UART4_IRQHandler                         0x0800027b   Thumb Code     0  startup_stm32f40_41xxx.o(.text)
    UART5_IRQHandler                         0x0800027b   Thumb Code     0  startup_stm32f40_41xxx.o(.text)
    USART3_IRQHandler                        0x0800027b   Thumb Code     0  startup_stm32f40_41xxx.o(.text)
    USART6_IRQHandler                        0x0800027b   Thumb Code     0  startup_stm32f40_41xxx.o(.text)
    WWDG_IRQHandler                          0x0800027b   Thumb Code     0  startup_stm32f40_41xxx.o(.text)
    __aeabi_memcpy                           0x08000285   Thumb Code    36  memcpya.o(.text)
    __aeabi_memcpy4                          0x08000285   Thumb Code     0  memcpya.o(.text)
    __aeabi_memcpy8                          0x08000285   Thumb Code     0  memcpya.o(.text)
    __aeabi_memset                           0x080002a9   Thumb Code    14  memseta.o(.text)
    __aeabi_memset4                          0x080002a9   Thumb Code     0  memseta.o(.text)
    __aeabi_memset8                          0x080002a9   Thumb Code     0  memseta.o(.text)
    __aeabi_memclr                           0x080002b7   Thumb Code     4  memseta.o(.text)
    __aeabi_memclr4                          0x080002b7   Thumb Code     0  memseta.o(.text)
    __aeabi_memclr8                          0x080002b7   Thumb Code     0  memseta.o(.text)
    _memset$wrapper                          0x080002bb   Thumb Code    18  memseta.o(.text)
    strstr                                   0x080002cd   Thumb Code    36  strstr.o(.text)
    strlen                                   0x080002f1   Thumb Code    14  strlen.o(.text)
    strcmp                                   0x080002ff   Thumb Code    28  strcmp.o(.text)
    memcmp                                   0x0800031b   Thumb Code    26  memcmp.o(.text)
    strcpy                                   0x08000335   Thumb Code    18  strcpy.o(.text)
    __0sscanf                                0x08000349   Thumb Code    48  __0sscanf.o(.text)
    _scanf_int                               0x08000381   Thumb Code   332  _scanf_int.o(.text)
    _scanf_string                            0x080004cd   Thumb Code   224  _scanf_str.o(.text)
    __aeabi_f2d                              0x080005ad   Thumb Code    38  f2d.o(.text)
    __aeabi_d2f                              0x080005d3   Thumb Code    56  d2f.o(.text)
    __aeabi_uidiv                            0x0800060b   Thumb Code     0  uidiv.o(.text)
    __aeabi_uidivmod                         0x0800060b   Thumb Code    44  uidiv.o(.text)
    __aeabi_uldivmod                         0x08000637   Thumb Code    98  uldiv.o(.text)
    _chval                                   0x08000699   Thumb Code    28  _chval.o(.text)
    __vfscanf_char                           0x080006c1   Thumb Code    20  scanf_char.o(.text)
    _sgetc                                   0x080006dd   Thumb Code    30  _sgetc.o(.text)
    _sbackspace                              0x080006fb   Thumb Code    34  _sgetc.o(.text)
    __strtod_int                             0x08000753   Thumb Code    90  strtod.o(.text)
    __I$use$fp                               0x080007b9   Thumb Code     0  iusefp.o(.text)
    _float_round                             0x080007b9   Thumb Code    18  fepilogue.o(.text)
    _float_epilogue                          0x080007cb   Thumb Code    92  fepilogue.o(.text)
    __aeabi_dadd                             0x08000827   Thumb Code   322  dadd.o(.text)
    __aeabi_dsub                             0x08000969   Thumb Code     6  dadd.o(.text)
    __aeabi_drsub                            0x0800096f   Thumb Code     6  dadd.o(.text)
    __aeabi_dmul                             0x08000975   Thumb Code   228  dmul.o(.text)
    __aeabi_ddiv                             0x08000a59   Thumb Code   222  ddiv.o(.text)
    __aeabi_d2ulz                            0x08000b37   Thumb Code    48  dfixul.o(.text)
    __aeabi_cdrcmple                         0x08000b69   Thumb Code    48  cdrcmple.o(.text)
    __scatterload                            0x08000b99   Thumb Code    28  init.o(.text)
    __scatterload_rt2                        0x08000b99   Thumb Code     0  init.o(.text)
    __aeabi_llsl                             0x08000bbd   Thumb Code    30  llshl.o(.text)
    _ll_shift_l                              0x08000bbd   Thumb Code     0  llshl.o(.text)
    __aeabi_llsr                             0x08000bdb   Thumb Code    32  llushr.o(.text)
    _ll_ushift_r                             0x08000bdb   Thumb Code     0  llushr.o(.text)
    __aeabi_lasr                             0x08000bfb   Thumb Code    36  llsshr.o(.text)
    _ll_sshift_r                             0x08000bfb   Thumb Code     0  llsshr.o(.text)
    isspace                                  0x08000c1f   Thumb Code    10  isspace_c.o(.text)
    __vfscanf                                0x08000c29   Thumb Code   810  _scanf.o(.text)
    _scanf_real                              0x08001081   Thumb Code     0  scanf_fp.o(.text)
    _scanf_really_real                       0x08001081   Thumb Code   556  scanf_fp.o(.text)
    _double_round                            0x080012b9   Thumb Code    30  depilogue.o(.text)
    _double_epilogue                         0x080012d7   Thumb Code   156  depilogue.o(.text)
    __ctype_lookup                           0x08001375   Thumb Code    34  ctype_c.o(.text)
    __aeabi_ul2d                             0x0800139d   Thumb Code    24  dfltul.o(.text)
    BusFault_Handler                         0x080013b5   Thumb Code     4  stm32f4xx_it.o(i.BusFault_Handler)
    DMA2_Stream7_IRQHandler                  0x080013b9   Thumb Code    54  usart.o(i.DMA2_Stream7_IRQHandler)
    DMA_ClearFlag                            0x08001401   Thumb Code    38  stm32f4xx_dma.o(i.DMA_ClearFlag)
    DMA_ClearITPendingBit                    0x08001435   Thumb Code    38  stm32f4xx_dma.o(i.DMA_ClearITPendingBit)
    DMA_Cmd                                  0x08001469   Thumb Code    22  stm32f4xx_dma.o(i.DMA_Cmd)
    DMA_DeInit                               0x08001481   Thumb Code   324  stm32f4xx_dma.o(i.DMA_DeInit)
    DMA_GetCmdStatus                         0x080015d9   Thumb Code    20  stm32f4xx_dma.o(i.DMA_GetCmdStatus)
    DMA_GetITStatus                          0x080015ed   Thumb Code    82  stm32f4xx_dma.o(i.DMA_GetITStatus)
    DMA_ITConfig                             0x08001651   Thumb Code    58  stm32f4xx_dma.o(i.DMA_ITConfig)
    DMA_Init                                 0x0800168d   Thumb Code    82  stm32f4xx_dma.o(i.DMA_Init)
    DMA_StructInit                           0x080016e5   Thumb Code    34  stm32f4xx_dma.o(i.DMA_StructInit)
    DebugMon_Handler                         0x08001707   Thumb Code     2  stm32f4xx_it.o(i.DebugMon_Handler)
    FSMC_NORSRAMCmd                          0x08001709   Thumb Code    46  stm32f4xx_fsmc.o(i.FSMC_NORSRAMCmd)
    FSMC_NORSRAMInit                         0x0800173d   Thumb Code   282  stm32f4xx_fsmc.o(i.FSMC_NORSRAMInit)
    GPIO_Init                                0x08001861   Thumb Code   144  stm32f4xx_gpio.o(i.GPIO_Init)
    GPIO_PinAFConfig                         0x080018f1   Thumb Code    70  stm32f4xx_gpio.o(i.GPIO_PinAFConfig)
    GPIO_SetBits                             0x08001937   Thumb Code     4  stm32f4xx_gpio.o(i.GPIO_SetBits)
    GPIO_StructInit                          0x0800193b   Thumb Code    18  stm32f4xx_gpio.o(i.GPIO_StructInit)
    HardFault_Handler                        0x0800194d   Thumb Code     4  stm32f4xx_it.o(i.HardFault_Handler)
    I2C_AcknowledgeConfig                    0x08001951   Thumb Code    24  stm32f4xx_i2c.o(i.I2C_AcknowledgeConfig)
    I2C_CheckEvent                           0x08001969   Thumb Code    62  stm32f4xx_i2c.o(i.I2C_CheckEvent)
    I2C_Cmd                                  0x080019a7   Thumb Code    24  stm32f4xx_i2c.o(i.I2C_Cmd)
    I2C_DeInit                               0x080019c1   Thumb Code    82  stm32f4xx_i2c.o(i.I2C_DeInit)
    I2C_GenerateSTART                        0x08001a21   Thumb Code    24  stm32f4xx_i2c.o(i.I2C_GenerateSTART)
    I2C_GenerateSTOP                         0x08001a39   Thumb Code    24  stm32f4xx_i2c.o(i.I2C_GenerateSTOP)
    I2C_Init                                 0x08001a51   Thumb Code   218  stm32f4xx_i2c.o(i.I2C_Init)
    I2C_ReceiveData                          0x08001b39   Thumb Code     8  stm32f4xx_i2c.o(i.I2C_ReceiveData)
    I2C_Send7bitAddress                      0x08001b41   Thumb Code    16  stm32f4xx_i2c.o(i.I2C_Send7bitAddress)
    I2C_SendData                             0x08001b51   Thumb Code     4  stm32f4xx_i2c.o(i.I2C_SendData)
    I2C_StructInit                           0x08001b55   Thumb Code    30  stm32f4xx_i2c.o(i.I2C_StructInit)
    MemManage_Handler                        0x08001b73   Thumb Code     4  stm32f4xx_it.o(i.MemManage_Handler)
    NMI_Handler                              0x08001b77   Thumb Code     2  stm32f4xx_it.o(i.NMI_Handler)
    NVIC_Init                                0x08001b79   Thumb Code   106  misc.o(i.NVIC_Init)
    NVIC_PriorityGroupConfig                 0x08001bf1   Thumb Code    10  misc.o(i.NVIC_PriorityGroupConfig)
    PWR_BackupAccessCmd                      0x08001c2d   Thumb Code     6  stm32f4xx_pwr.o(i.PWR_BackupAccessCmd)
    RCC_AHB1PeriphClockCmd                   0x08001c39   Thumb Code    26  stm32f4xx_rcc.o(i.RCC_AHB1PeriphClockCmd)
    RCC_AHB3PeriphClockCmd                   0x08001c59   Thumb Code    26  stm32f4xx_rcc.o(i.RCC_AHB3PeriphClockCmd)
    RCC_APB1PeriphClockCmd                   0x08001c79   Thumb Code    26  stm32f4xx_rcc.o(i.RCC_APB1PeriphClockCmd)
    RCC_APB1PeriphResetCmd                   0x08001c99   Thumb Code    26  stm32f4xx_rcc.o(i.RCC_APB1PeriphResetCmd)
    RCC_APB2PeriphClockCmd                   0x08001cb9   Thumb Code    26  stm32f4xx_rcc.o(i.RCC_APB2PeriphClockCmd)
    RCC_GetClocksFreq                        0x08001cd9   Thumb Code   214  stm32f4xx_rcc.o(i.RCC_GetClocksFreq)
    RCC_GetFlagStatus                        0x08001dc1   Thumb Code    60  stm32f4xx_rcc.o(i.RCC_GetFlagStatus)
    RCC_LSEConfig                            0x08001e01   Thumb Code    40  stm32f4xx_rcc.o(i.RCC_LSEConfig)
    RCC_RTCCLKCmd                            0x08001e2d   Thumb Code     6  stm32f4xx_rcc.o(i.RCC_RTCCLKCmd)
    RCC_RTCCLKConfig                         0x08001e39   Thumb Code    50  stm32f4xx_rcc.o(i.RCC_RTCCLKConfig)
    RGB565                                   0x08001e75   Thumb Code    24  lcd.o(i.RGB565)
    RTC_DateStructInit                       0x08001ebf   Thumb Code    14  stm32f4xx_rtc.o(i.RTC_DateStructInit)
    RTC_EnterInitMode                        0x08001ecd   Thumb Code    76  stm32f4xx_rtc.o(i.RTC_EnterInitMode)
    RTC_ExitInitMode                         0x08001f1d   Thumb Code    14  stm32f4xx_rtc.o(i.RTC_ExitInitMode)
    RTC_GetDate                              0x08001f31   Thumb Code    68  stm32f4xx_rtc.o(i.RTC_GetDate)
    RTC_GetTime                              0x08001f7d   Thumb Code    72  stm32f4xx_rtc.o(i.RTC_GetTime)
    RTC_Init                                 0x08001fcd   Thumb Code    94  stm32f4xx_rtc.o(i.RTC_Init)
    RTC_SetDate                              0x08002031   Thumb Code   190  stm32f4xx_rtc.o(i.RTC_SetDate)
    RTC_SetTime                              0x080020f9   Thumb Code   198  stm32f4xx_rtc.o(i.RTC_SetTime)
    RTC_StructInit                           0x080021c9   Thumb Code    14  stm32f4xx_rtc.o(i.RTC_StructInit)
    RTC_TimeStructInit                       0x080021d7   Thumb Code    12  stm32f4xx_rtc.o(i.RTC_TimeStructInit)
    RTC_WaitForSynchro                       0x080021e5   Thumb Code    92  stm32f4xx_rtc.o(i.RTC_WaitForSynchro)
    SysTick_Handler                          0x08002331   Thumb Code    46  port.o(i.SysTick_Handler)
    SystemInit                               0x08002365   Thumb Code    88  system_stm32f4xx.o(i.SystemInit)
    TIM2_IRQHandler                          0x080023cd   Thumb Code    52  delay.o(i.TIM2_IRQHandler)
    TIM_ClearITPendingBit                    0x08002409   Thumb Code     6  stm32f4xx_tim.o(i.TIM_ClearITPendingBit)
    TIM_Cmd                                  0x0800240f   Thumb Code    24  stm32f4xx_tim.o(i.TIM_Cmd)
    TIM_GetITStatus                          0x08002427   Thumb Code    34  stm32f4xx_tim.o(i.TIM_GetITStatus)
    TIM_ITConfig                             0x08002449   Thumb Code    18  stm32f4xx_tim.o(i.TIM_ITConfig)
    TIM_TimeBaseInit                         0x0800245d   Thumb Code   104  stm32f4xx_tim.o(i.TIM_TimeBaseInit)
    USART1_IRQHandler                        0x080024e1   Thumb Code    48  usart.o(i.USART1_IRQHandler)
    USART2_IRQHandler                        0x08002519   Thumb Code    42  esp_at.o(i.USART2_IRQHandler)
    USART_ClearFlag                          0x08002549   Thumb Code    18  stm32f4xx_usart.o(i.USART_ClearFlag)
    USART_ClearITPendingBit                  0x0800255b   Thumb Code    30  stm32f4xx_usart.o(i.USART_ClearITPendingBit)
    USART_Cmd                                0x08002579   Thumb Code    24  stm32f4xx_usart.o(i.USART_Cmd)
    USART_DMACmd                             0x08002591   Thumb Code    18  stm32f4xx_usart.o(i.USART_DMACmd)
    USART_GetFlagStatus                      0x080025a3   Thumb Code    26  stm32f4xx_usart.o(i.USART_GetFlagStatus)
    USART_GetITStatus                        0x080025bd   Thumb Code    84  stm32f4xx_usart.o(i.USART_GetITStatus)
    USART_ITConfig                           0x08002611   Thumb Code    74  stm32f4xx_usart.o(i.USART_ITConfig)
    USART_Init                               0x0800265d   Thumb Code   204  stm32f4xx_usart.o(i.USART_Init)
    USART_ReceiveData                        0x08002731   Thumb Code    10  stm32f4xx_usart.o(i.USART_ReceiveData)
    USART_SendData                           0x0800273b   Thumb Code     8  stm32f4xx_usart.o(i.USART_SendData)
    USART_StructInit                         0x08002743   Thumb Code    24  stm32f4xx_usart.o(i.USART_StructInit)
    UsageFault_Handler                       0x0800275b   Thumb Code     4  stm32f4xx_it.o(i.UsageFault_Handler)
    __0printf                                0x08002761   Thumb Code    22  printfa.o(i.__0printf)
    __1printf                                0x08002761   Thumb Code     0  printfa.o(i.__0printf)
    __2printf                                0x08002761   Thumb Code     0  printfa.o(i.__0printf)
    __c89printf                              0x08002761   Thumb Code     0  printfa.o(i.__0printf)
    printf                                   0x08002761   Thumb Code     0  printfa.o(i.__0printf)
    __0snprintf                              0x08002781   Thumb Code    48  printfa.o(i.__0snprintf)
    __1snprintf                              0x08002781   Thumb Code     0  printfa.o(i.__0snprintf)
    __2snprintf                              0x08002781   Thumb Code     0  printfa.o(i.__0snprintf)
    __c89snprintf                            0x08002781   Thumb Code     0  printfa.o(i.__0snprintf)
    snprintf                                 0x08002781   Thumb Code     0  printfa.o(i.__0snprintf)
    __hardfp_atof                            0x080027b9   Thumb Code    44  atof.o(i.__hardfp_atof)
    __read_errno                             0x080027f1   Thumb Code     6  errno.o(i.__read_errno)
    __scatterload_copy                       0x080027fd   Thumb Code    14  handlers.o(i.__scatterload_copy)
    __scatterload_null                       0x0800280b   Thumb Code     2  handlers.o(i.__scatterload_null)
    __scatterload_zeroinit                   0x0800280d   Thumb Code    14  handlers.o(i.__scatterload_zeroinit)
    __set_errno                              0x0800281d   Thumb Code     6  errno.o(i.__set_errno)
    _is_digit                                0x080029ad   Thumb Code    14  scanf_fp.o(i._is_digit)
    aht20_init                               0x080030d9   Thumb Code   200  aht20.o(i.aht20_init)
    aht20_read_measurement                   0x080032b1   Thumb Code   138  aht20.o(i.aht20_read_measurement)
    aht20_start_measurement                  0x08003375   Thumb Code    18  aht20.o(i.aht20_start_measurement)
    aht20_wait_for_measurement               0x0800338d   Thumb Code    32  aht20.o(i.aht20_wait_for_measurement)
    board_init                               0x0800348d   Thumb Code    36  board.o(i.board_init)
    board_lowlevel_init                      0x080034b9   Thumb Code   132  board.o(i.board_lowlevel_init)
    delay_ms                                 0x0800353d   Thumb Code    30  delay.o(i.delay_ms)
    error_page_display                       0x08003561   Thumb Code    98  error_page.o(i.error_page_display)
    esp_at_connect_wifi                      0x080035d1   Thumb Code    66  esp_at.o(i.esp_at_connect_wifi)
    esp_at_get_response                      0x0800368d   Thumb Code     4  esp_at.o(i.esp_at_get_response)
    esp_at_get_wifi_info                     0x08003695   Thumb Code    82  esp_at.o(i.esp_at_get_wifi_info)
    esp_at_http_get                          0x08003741   Thumb Code    52  esp_at.o(i.esp_at_http_get)
    esp_at_init                              0x08003791   Thumb Code    84  esp_at.o(i.esp_at_init)
    esp_at_receive_register                  0x08003941   Thumb Code     6  esp_at.o(i.esp_at_receive_register)
    esp_at_sntp_get_time                     0x08003959   Thumb Code    42  esp_at.o(i.esp_at_sntp_get_time)
    esp_at_sntp_init                         0x08003995   Thumb Code    14  esp_at.o(i.esp_at_sntp_init)
    esp_at_wifi_init                         0x08003a79   Thumb Code    14  esp_at.o(i.esp_at_wifi_init)
    esp_at_write_byte                        0x08003a95   Thumb Code    28  esp_at.o(i.esp_at_write_byte)
    fputc                                    0x08003bd1   Thumb Code    20  usart.o(i.fputc)
    lcd_clear                                0x08003dad   Thumb Code    42  lcd.o(i.lcd_clear)
    lcd_display_dir                          0x08003de1   Thumb Code    62  lcd.o(i.lcd_display_dir)
    lcd_fast_draw_point                      0x08003e25   Thumb Code    62  lcd.o(i.lcd_fast_draw_point)
    lcd_fill                                 0x08003e6d   Thumb Code    70  lcd.o(i.lcd_fill)
    lcd_init                                 0x08003eb9   Thumb Code  1208  lcd.o(i.lcd_init)
    lcd_scan_dir                             0x08004389   Thumb Code    88  lcd.o(i.lcd_scan_dir)
    lcd_set_cursor                           0x080043e1   Thumb Code    48  lcd.o(i.lcd_set_cursor)
    lcd_show_char                            0x08004415   Thumb Code   228  lcd.o(i.lcd_show_char)
    lcd_show_chinese_char                    0x080044f9   Thumb Code   274  lcd.o(i.lcd_show_chinese_char)
    lcd_show_image                           0x08004611   Thumb Code    82  lcd.o(i.lcd_show_image)
    lcd_show_string                          0x08004665   Thumb Code   204  lcd.o(i.lcd_show_string)
    lcd_write_ram_prepare                    0x0800474d   Thumb Code    10  lcd.o(i.lcd_write_ram_prepare)
    lcd_write_register                       0x08004779   Thumb Code    20  lcd.o(i.lcd_write_register)
    main                                     0x08004791   Thumb Code    40  main.o(i.main)
    main_loop_init                           0x080047f1   Thumb Code   262  app.o(i.main_loop_init)
    main_page_display                        0x08004971   Thumb Code   192  main_page.o(i.main_page_display)
    main_page_redraw_date                    0x08004a65   Thumb Code   160  main_page.o(i.main_page_redraw_date)
    main_page_redraw_inner_humidity          0x08004b41   Thumb Code   142  main_page.o(i.main_page_redraw_inner_humidity)
    main_page_redraw_inner_tempreature       0x08004be9   Thumb Code   150  main_page.o(i.main_page_redraw_inner_tempreature)
    main_page_redraw_outdoor_city            0x08004c9d   Thumb Code    48  main_page.o(i.main_page_redraw_outdoor_city)
    main_page_redraw_outdoor_tempreature     0x08004cd5   Thumb Code   158  main_page.o(i.main_page_redraw_outdoor_tempreature)
    main_page_redraw_outdoor_weather_icon    0x08004d91   Thumb Code   164  main_page.o(i.main_page_redraw_outdoor_weather_icon)
    main_page_redraw_time                    0x08004e59   Thumb Code    70  main_page.o(i.main_page_redraw_time)
    main_page_redraw_wifi_ssid               0x08004eb1   Thumb Code    68  main_page.o(i.main_page_redraw_wifi_ssid)
    parse_seniverse_response                 0x080051d1   Thumb Code   242  weather.o(i.parse_seniverse_response)
    pvPortMalloc                             0x08005ee9   Thumb Code   306  heap_4.o(i.pvPortMalloc)
    pvTaskIncrementMutexHeldCount            0x0800605d   Thumb Code    26  tasks.o(i.pvTaskIncrementMutexHeldCount)
    pvTimerGetTimerID                        0x0800607d   Thumb Code    32  timers.o(i.pvTimerGetTimerID)
    pxPortInitialiseStack                    0x080060bd   Thumb Code    38  port.o(i.pxPortInitialiseStack)
    rtc_get_time                             0x080060e9   Thumb Code    42  rtc.o(i.rtc_get_time)
    rtc_init                                 0x08006163   Thumb Code    26  rtc.o(i.rtc_init)
    rtc_set_time                             0x0800617d   Thumb Code    34  rtc.o(i.rtc_set_time)
    tim2_init                                0x080061f1   Thumb Code    94  delay.o(i.tim2_init)
    ui_draw_image                            0x0800650d   Thumb Code    62  ui.o(i.ui_draw_image)
    ui_fill_color                            0x08006551   Thumb Code    82  ui.o(i.ui_fill_color)
    ui_init                                  0x080065a9   Thumb Code    52  ui.o(i.ui_init)
    ui_write_string                          0x080066a5   Thumb Code   128  ui.o(i.ui_write_string)
    usart_init                               0x080067fd   Thumb Code    48  usart.o(i.usart_init)
    usart_receive_register                   0x0800688d   Thumb Code     6  usart.o(i.usart_receive_register)
    usart_send_byte                          0x080068a5   Thumb Code    28  usart.o(i.usart_send_byte)
    usart_send_data                          0x080068c5   Thumb Code    94  usart.o(i.usart_send_data)
    uxListRemove                             0x0800697d   Thumb Code    40  list.o(i.uxListRemove)
    vApplicationMallocFailedHook             0x080069a5   Thumb Code    18  board.o(i.vApplicationMallocFailedHook)
    vApplicationStackOverflowHook            0x080069d9   Thumb Code    24  board.o(i.vApplicationStackOverflowHook)
    vAssertCalled                            0x08006a19   Thumb Code    36  board.o(i.vAssertCalled)
    vListInitialise                          0x08006a55   Thumb Code    26  list.o(i.vListInitialise)
    vListInitialiseItem                      0x08006a6f   Thumb Code     6  list.o(i.vListInitialiseItem)
    vListInsert                              0x08006a75   Thumb Code    52  list.o(i.vListInsert)
    vListInsertEnd                           0x08006aa9   Thumb Code    24  list.o(i.vListInsertEnd)
    vPortEnterCritical                       0x08006ac1   Thumb Code    66  port.o(i.vPortEnterCritical)
    vPortExitCritical                        0x08006b35   Thumb Code    46  port.o(i.vPortExitCritical)
    vPortFree                                0x08006b91   Thumb Code   126  heap_4.o(i.vPortFree)
    vPortSetupTimerInterrupt                 0x08006c45   Thumb Code    36  port.o(i.vPortSetupTimerInterrupt)
    vPortValidateInterruptPriority           0x08006c6d   Thumb Code    82  port.o(i.vPortValidateInterruptPriority)
    vQueueAddToRegistry                      0x08006cf5   Thumb Code    38  queue.o(i.vQueueAddToRegistry)
    vQueueWaitForMessageRestricted           0x08006d21   Thumb Code    74  queue.o(i.vQueueWaitForMessageRestricted)
    vTaskDelay                               0x08006d6d   Thumb Code    70  tasks.o(i.vTaskDelay)
    vTaskDelete                              0x08006ddd   Thumb Code   198  tasks.o(i.vTaskDelete)
    vTaskInternalSetTimeOutState             0x08006eed   Thumb Code    14  tasks.o(i.vTaskInternalSetTimeOutState)
    vTaskMissedYield                         0x08006f05   Thumb Code     8  tasks.o(i.vTaskMissedYield)
    vTaskPlaceOnEventList                    0x08006f11   Thumb Code    40  tasks.o(i.vTaskPlaceOnEventList)
    vTaskPlaceOnEventListRestricted          0x08006f5d   Thumb Code    48  tasks.o(i.vTaskPlaceOnEventListRestricted)
    vTaskPriorityDisinheritAfterTimeout      0x08006fb1   Thumb Code   192  tasks.o(i.vTaskPriorityDisinheritAfterTimeout)
    vTaskStartScheduler                      0x0800709d   Thumb Code   110  tasks.o(i.vTaskStartScheduler)
    vTaskSuspendAll                          0x0800714d   Thumb Code    12  tasks.o(i.vTaskSuspendAll)
    vTaskSwitchContext                       0x0800715d   Thumb Code   136  tasks.o(i.vTaskSwitchContext)
    welcome_page_display                     0x08007251   Thumb Code   112  welocme_page.o(i.welcome_page_display)
    wifi_init                                0x080072ed   Thumb Code   110  wifi.o(i.wifi_init)
    wifi_page_display                        0x08007465   Thumb Code   148  wifi_page.o(i.wifi_page_display)
    wifi_wait_connected                      0x08007615   Thumb Code   132  wifi.o(i.wifi_wait_connected)
    workqueue_init                           0x0800779d   Thumb Code    54  workqueue.o(i.workqueue_init)
    workqueue_run                            0x080077fd   Thumb Code    40  workqueue.o(i.workqueue_run)
    xPortStartScheduler                      0x0800783d   Thumb Code   312  port.o(i.xPortStartScheduler)
    xQueueGenericCreate                      0x080079b9   Thumb Code   126  queue.o(i.xQueueGenericCreate)
    xQueueGenericReset                       0x08007a59   Thumb Code   134  queue.o(i.xQueueGenericReset)
    xQueueGenericSend                        0x08007b05   Thumb Code   418  queue.o(i.xQueueGenericSend)
    xQueueGenericSendFromISR                 0x08007ccd   Thumb Code   262  queue.o(i.xQueueGenericSendFromISR)
    xQueueGiveFromISR                        0x08007df5   Thumb Code   232  queue.o(i.xQueueGiveFromISR)
    xQueueReceive                            0x08007efd   Thumb Code   320  queue.o(i.xQueueReceive)
    xQueueSemaphoreTake                      0x08008061   Thumb Code   386  queue.o(i.xQueueSemaphoreTake)
    xTaskCheckForTimeOut                     0x08008209   Thumb Code   112  tasks.o(i.xTaskCheckForTimeOut)
    xTaskCreate                              0x080082a1   Thumb Code    96  tasks.o(i.xTaskCreate)
    xTaskGetSchedulerState                   0x08008301   Thumb Code    24  tasks.o(i.xTaskGetSchedulerState)
    xTaskGetTickCount                        0x08008321   Thumb Code     6  tasks.o(i.xTaskGetTickCount)
    xTaskIncrementTick                       0x0800832d   Thumb Code   270  tasks.o(i.xTaskIncrementTick)
    xTaskPriorityDisinherit                  0x08008489   Thumb Code   150  tasks.o(i.xTaskPriorityDisinherit)
    xTaskPriorityInherit                     0x0800854d   Thumb Code   172  tasks.o(i.xTaskPriorityInherit)
    xTaskRemoveFromEventList                 0x08008605   Thumb Code   116  tasks.o(i.xTaskRemoveFromEventList)
    xTaskResumeAll                           0x080086b1   Thumb Code   212  tasks.o(i.xTaskResumeAll)
    xTimerCreate                             0x080087c9   Thumb Code    54  timers.o(i.xTimerCreate)
    xTimerCreateTimerTask                    0x08008801   Thumb Code    52  timers.o(i.xTimerCreateTimerTask)
    xTimerGenericCommand                     0x08008869   Thumb Code   114  timers.o(i.xTimerGenericCommand)
    xTimerIsTimerActive                      0x08008901   Thumb Code    46  timers.o(i.xTimerIsTimerActive)
    font32_maple                             0x0800a644   Data          16  font32_maple.o(.constdata)
    font24_maple                             0x0800b3b0   Data          16  font24_maple.o(.constdata)
    font20_maple                             0x0800c2e0   Data          16  font20_maple.o(.constdata)
    font54_maple                             0x0800cc8c   Data          16  font54_maple.o(.constdata)
    font62_maple                             0x0800d934   Data          16  font62_maple.o(.constdata)
    font76_maple                             0x0800ec90   Data          16  font76_maple.o(.constdata)
    image_error                              0x0800eca0   Data       51200  error_image.o(.constdata)
    img_error                                0x0801b4a0   Data           8  error_image.o(.constdata)
    image_mingrixiang                        0x0801b4a8   Data       64800  mingrixiang_image.o(.constdata)
    img_mingrixiang                          0x0802b1c8   Data           8  mingrixiang_image.o(.constdata)
    image_wifi                               0x0802b1d0   Data       59040  wifi_image.o(.constdata)
    img_wifi                                 0x08039870   Data           8  wifi_image.o(.constdata)
    image_icon_cloudy                        0x08039880   Data        5832  icon_cloudy.o(.constdata)
    img_icon_cloudy                          0x0803af48   Data           8  icon_cloudy.o(.constdata)
    image_icon_leizhenyu                     0x0803af50   Data        5832  icon_leizhenyu.o(.constdata)
    img_icon_leizhenyu                       0x0803c618   Data           8  icon_leizhenyu.o(.constdata)
    image_icon_moon                          0x0803c620   Data        5832  icon_moon.o(.constdata)
    img_icon_moon                            0x0803dce8   Data           8  icon_moon.o(.constdata)
    image_icon_na                            0x0803dcf0   Data        5832  icon_na.o(.constdata)
    img_icon_na                              0x0803f3b8   Data           8  icon_na.o(.constdata)
    image_icon_rain                          0x0803f3c0   Data        5832  icon_rain.o(.constdata)
    img_icon_rain                            0x08040a88   Data           8  icon_rain.o(.constdata)
    image_icon_snow                          0x08040a90   Data        5832  icon_snow.o(.constdata)
    img_icon_snow                            0x08042158   Data           8  icon_snow.o(.constdata)
    image_icon_sunny                         0x08042160   Data        5832  icon_sunny.o(.constdata)
    img_icon_sunny                           0x08043828   Data           8  icon_sunny.o(.constdata)
    image_icon_wenduji                       0x08043830   Data        2142  icon_wenduji.o(.constdata)
    img_icon_wenduji                         0x08044090   Data           8  icon_wenduji.o(.constdata)
    image_icon_wifi                          0x08044098   Data        1152  icon_wifi.o(.constdata)
    img_icon_wifi                            0x08044518   Data           8  icon_wifi.o(.constdata)
    image_icon_yintian                       0x08044520   Data        5832  icon_yintian.o(.constdata)
    img_icon_yintian                         0x08045be8   Data           8  icon_yintian.o(.constdata)
    __ctype_categories                       0x08045bf0   Data          64  ctype_c.o(.constdata)
    Region$$Table$$Base                      0x08045d8c   Number         0  anon$$obj.o(Region$$Table)
    Region$$Table$$Limit                     0x08045dac   Number         0  anon$$obj.o(Region$$Table)
    SystemCoreClock                          0x20000070   Data           4  system_stm32f4xx.o(.data)
    AHBPrescTable                            0x20000074   Data          16  system_stm32f4xx.o(.data)
    pxCurrentTCB                             0x20000094   Data           4  tasks.o(.data)
    uxTopUsedPriority                        0x200000cc   Data           4  tasks.o(.data)
    now                                      0x20000114   Data           8  main_page.o(.data)
    __stdout                                 0x20000120   Data           4  stdout.o(.data)
    lcddev                                   0x20000238   Data          14  lcd.o(.bss)
    xQueueRegistry                           0x20000948   Data          80  queue.o(.bss)
    __initial_sp                             0x20017ef0   Data           0  startup_stm32f40_41xxx.o(STACK)



==============================================================================

Memory Map of the image

  Image Entry point : 0x08000189

  Load Region LR_IROM1 (Base: 0x08000000, Size: 0x00045ed4, Max: 0x00080000, ABSOLUTE)

    Execution Region ER_IROM1 (Exec base: 0x08000000, Load base: 0x08000000, Size: 0x00045dac, Max: 0x00080000, ABSOLUTE)

    Exec Addr    Load Addr    Size         Type   Attr      Idx    E Section Name        Object

    0x08000000   0x08000000   0x00000188   Data   RO         1143    RESET               startup_stm32f40_41xxx.o
    0x08000188   0x08000188   0x00000000   Code   RO         7681  * .ARM.Collect$$$$00000000  mc_w.l(entry.o)
    0x08000188   0x08000188   0x00000004   Code   RO         7971    .ARM.Collect$$$$00000001  mc_w.l(entry2.o)
    0x0800018c   0x0800018c   0x00000004   Code   RO         7974    .ARM.Collect$$$$00000004  mc_w.l(entry5.o)
    0x08000190   0x08000190   0x00000000   Code   RO         7976    .ARM.Collect$$$$00000008  mc_w.l(entry7b.o)
    0x08000190   0x08000190   0x00000000   Code   RO         7978    .ARM.Collect$$$$0000000A  mc_w.l(entry8b.o)
    0x08000190   0x08000190   0x00000008   Code   RO         7979    .ARM.Collect$$$$0000000B  mc_w.l(entry9a.o)
    0x08000198   0x08000198   0x00000004   Code   RO         7986    .ARM.Collect$$$$0000000E  mc_w.l(entry12b.o)
    0x0800019c   0x0800019c   0x00000000   Code   RO         7981    .ARM.Collect$$$$0000000F  mc_w.l(entry10a.o)
    0x0800019c   0x0800019c   0x00000000   Code   RO         7983    .ARM.Collect$$$$00000011  mc_w.l(entry11a.o)
    0x0800019c   0x0800019c   0x00000004   Code   RO         7972    .ARM.Collect$$$$00002712  mc_w.l(entry2.o)
    0x080001a0   0x080001a0   0x000000be   Code   RO         7174    .emb_text           port.o
    0x0800025e   0x0800025e   0x00000002   PAD
    0x08000260   0x08000260   0x00000024   Code   RO         1144    .text               startup_stm32f40_41xxx.o
    0x08000284   0x08000284   0x00000024   Code   RO         7684    .text               mc_w.l(memcpya.o)
    0x080002a8   0x080002a8   0x00000024   Code   RO         7686    .text               mc_w.l(memseta.o)
    0x080002cc   0x080002cc   0x00000024   Code   RO         7688    .text               mc_w.l(strstr.o)
    0x080002f0   0x080002f0   0x0000000e   Code   RO         7690    .text               mc_w.l(strlen.o)
    0x080002fe   0x080002fe   0x0000001c   Code   RO         7692    .text               mc_w.l(strcmp.o)
    0x0800031a   0x0800031a   0x0000001a   Code   RO         7694    .text               mc_w.l(memcmp.o)
    0x08000334   0x08000334   0x00000012   Code   RO         7696    .text               mc_w.l(strcpy.o)
    0x08000346   0x08000346   0x00000002   PAD
    0x08000348   0x08000348   0x00000038   Code   RO         7961    .text               mc_w.l(__0sscanf.o)
    0x08000380   0x08000380   0x0000014c   Code   RO         7963    .text               mc_w.l(_scanf_int.o)
    0x080004cc   0x080004cc   0x000000e0   Code   RO         7965    .text               mc_w.l(_scanf_str.o)
    0x080005ac   0x080005ac   0x00000026   Code   RO         7967    .text               mf_w.l(f2d.o)
    0x080005d2   0x080005d2   0x00000038   Code   RO         7969    .text               mf_w.l(d2f.o)
    0x0800060a   0x0800060a   0x0000002c   Code   RO         7988    .text               mc_w.l(uidiv.o)
    0x08000636   0x08000636   0x00000062   Code   RO         7990    .text               mc_w.l(uldiv.o)
    0x08000698   0x08000698   0x0000001c   Code   RO         7999    .text               mc_w.l(_chval.o)
    0x080006b4   0x080006b4   0x00000028   Code   RO         8001    .text               mc_w.l(scanf_char.o)
    0x080006dc   0x080006dc   0x00000040   Code   RO         8003    .text               mc_w.l(_sgetc.o)
    0x0800071c   0x0800071c   0x0000009c   Code   RO         8005    .text               mc_w.l(strtod.o)
    0x080007b8   0x080007b8   0x00000000   Code   RO         8007    .text               mc_w.l(iusefp.o)
    0x080007b8   0x080007b8   0x0000006e   Code   RO         8008    .text               mf_w.l(fepilogue.o)
    0x08000826   0x08000826   0x0000014e   Code   RO         8010    .text               mf_w.l(dadd.o)
    0x08000974   0x08000974   0x000000e4   Code   RO         8012    .text               mf_w.l(dmul.o)
    0x08000a58   0x08000a58   0x000000de   Code   RO         8014    .text               mf_w.l(ddiv.o)
    0x08000b36   0x08000b36   0x00000030   Code   RO         8016    .text               mf_w.l(dfixul.o)
    0x08000b66   0x08000b66   0x00000002   PAD
    0x08000b68   0x08000b68   0x00000030   Code   RO         8018    .text               mf_w.l(cdrcmple.o)
    0x08000b98   0x08000b98   0x00000024   Code   RO         8020    .text               mc_w.l(init.o)
    0x08000bbc   0x08000bbc   0x0000001e   Code   RO         8022    .text               mc_w.l(llshl.o)
    0x08000bda   0x08000bda   0x00000020   Code   RO         8024    .text               mc_w.l(llushr.o)
    0x08000bfa   0x08000bfa   0x00000024   Code   RO         8026    .text               mc_w.l(llsshr.o)
    0x08000c1e   0x08000c1e   0x0000000a   Code   RO         8028    .text               mc_w.l(isspace_c.o)
    0x08000c28   0x08000c28   0x00000330   Code   RO         8030    .text               mc_w.l(_scanf.o)
    0x08000f58   0x08000f58   0x00000360   Code   RO         8032    .text               mc_w.l(scanf_fp.o)
    0x080012b8   0x080012b8   0x000000ba   Code   RO         8036    .text               mf_w.l(depilogue.o)
    0x08001372   0x08001372   0x00000002   PAD
    0x08001374   0x08001374   0x00000028   Code   RO         8038    .text               mc_w.l(ctype_c.o)
    0x0800139c   0x0800139c   0x00000018   Code   RO         8041    .text               mf_w.l(dfltul.o)
    0x080013b4   0x080013b4   0x00000004   Code   RO         1151    i.BusFault_Handler  stm32f4xx_it.o
    0x080013b8   0x080013b8   0x00000048   Code   RO          519    i.DMA2_Stream7_IRQHandler  usart.o
    0x08001400   0x08001400   0x00000034   Code   RO         2322    i.DMA_ClearFlag     stm32f4xx_dma.o
    0x08001434   0x08001434   0x00000034   Code   RO         2323    i.DMA_ClearITPendingBit  stm32f4xx_dma.o
    0x08001468   0x08001468   0x00000016   Code   RO         2324    i.DMA_Cmd           stm32f4xx_dma.o
    0x0800147e   0x0800147e   0x00000002   PAD
    0x08001480   0x08001480   0x00000158   Code   RO         2325    i.DMA_DeInit        stm32f4xx_dma.o
    0x080015d8   0x080015d8   0x00000014   Code   RO         2329    i.DMA_GetCmdStatus  stm32f4xx_dma.o
    0x080015ec   0x080015ec   0x00000064   Code   RO         2334    i.DMA_GetITStatus   stm32f4xx_dma.o
    0x08001650   0x08001650   0x0000003a   Code   RO         2335    i.DMA_ITConfig      stm32f4xx_dma.o
    0x0800168a   0x0800168a   0x00000002   PAD
    0x0800168c   0x0800168c   0x00000058   Code   RO         2336    i.DMA_Init          stm32f4xx_dma.o
    0x080016e4   0x080016e4   0x00000022   Code   RO         2340    i.DMA_StructInit    stm32f4xx_dma.o
    0x08001706   0x08001706   0x00000002   Code   RO         1152    i.DebugMon_Handler  stm32f4xx_it.o
    0x08001708   0x08001708   0x00000034   Code   RO         2999    i.FSMC_NORSRAMCmd   stm32f4xx_fsmc.o
    0x0800173c   0x0800173c   0x00000124   Code   RO         3001    i.FSMC_NORSRAMInit  stm32f4xx_fsmc.o
    0x08001860   0x08001860   0x00000090   Code   RO         3124    i.GPIO_Init         stm32f4xx_gpio.o
    0x080018f0   0x080018f0   0x00000046   Code   RO         3125    i.GPIO_PinAFConfig  stm32f4xx_gpio.o
    0x08001936   0x08001936   0x00000004   Code   RO         3132    i.GPIO_SetBits      stm32f4xx_gpio.o
    0x0800193a   0x0800193a   0x00000012   Code   RO         3133    i.GPIO_StructInit   stm32f4xx_gpio.o
    0x0800194c   0x0800194c   0x00000004   Code   RO         1153    i.HardFault_Handler  stm32f4xx_it.o
    0x08001950   0x08001950   0x00000018   Code   RO         3412    i.I2C_AcknowledgeConfig  stm32f4xx_i2c.o
    0x08001968   0x08001968   0x0000003e   Code   RO         3415    i.I2C_CheckEvent    stm32f4xx_i2c.o
    0x080019a6   0x080019a6   0x00000018   Code   RO         3418    i.I2C_Cmd           stm32f4xx_i2c.o
    0x080019be   0x080019be   0x00000002   PAD
    0x080019c0   0x080019c0   0x00000060   Code   RO         3421    i.I2C_DeInit        stm32f4xx_i2c.o
    0x08001a20   0x08001a20   0x00000018   Code   RO         3426    i.I2C_GenerateSTART  stm32f4xx_i2c.o
    0x08001a38   0x08001a38   0x00000018   Code   RO         3427    i.I2C_GenerateSTOP  stm32f4xx_i2c.o
    0x08001a50   0x08001a50   0x000000e8   Code   RO         3433    i.I2C_Init          stm32f4xx_i2c.o
    0x08001b38   0x08001b38   0x00000008   Code   RO         3438    i.I2C_ReceiveData   stm32f4xx_i2c.o
    0x08001b40   0x08001b40   0x00000010   Code   RO         3440    i.I2C_Send7bitAddress  stm32f4xx_i2c.o
    0x08001b50   0x08001b50   0x00000004   Code   RO         3441    i.I2C_SendData      stm32f4xx_i2c.o
    0x08001b54   0x08001b54   0x0000001e   Code   RO         3444    i.I2C_StructInit    stm32f4xx_i2c.o
    0x08001b72   0x08001b72   0x00000004   Code   RO         1154    i.MemManage_Handler  stm32f4xx_it.o
    0x08001b76   0x08001b76   0x00000002   Code   RO         1155    i.NMI_Handler       stm32f4xx_it.o
    0x08001b78   0x08001b78   0x00000078   Code   RO         1249    i.NVIC_Init         misc.o
    0x08001bf0   0x08001bf0   0x00000014   Code   RO         1250    i.NVIC_PriorityGroupConfig  misc.o
    0x08001c04   0x08001c04   0x00000028   Code   RO          520    i.NVIC_SetPriority  usart.o
    0x08001c2c   0x08001c2c   0x0000000c   Code   RO         3915    i.PWR_BackupAccessCmd  stm32f4xx_pwr.o
    0x08001c38   0x08001c38   0x00000020   Code   RO         4050    i.RCC_AHB1PeriphClockCmd  stm32f4xx_rcc.o
    0x08001c58   0x08001c58   0x00000020   Code   RO         4056    i.RCC_AHB3PeriphClockCmd  stm32f4xx_rcc.o
    0x08001c78   0x08001c78   0x00000020   Code   RO         4059    i.RCC_APB1PeriphClockCmd  stm32f4xx_rcc.o
    0x08001c98   0x08001c98   0x00000020   Code   RO         4061    i.RCC_APB1PeriphResetCmd  stm32f4xx_rcc.o
    0x08001cb8   0x08001cb8   0x00000020   Code   RO         4062    i.RCC_APB2PeriphClockCmd  stm32f4xx_rcc.o
    0x08001cd8   0x08001cd8   0x000000e8   Code   RO         4071    i.RCC_GetClocksFreq  stm32f4xx_rcc.o
    0x08001dc0   0x08001dc0   0x00000040   Code   RO         4072    i.RCC_GetFlagStatus  stm32f4xx_rcc.o
    0x08001e00   0x08001e00   0x0000002c   Code   RO         4080    i.RCC_LSEConfig     stm32f4xx_rcc.o
    0x08001e2c   0x08001e2c   0x0000000c   Code   RO         4094    i.RCC_RTCCLKCmd     stm32f4xx_rcc.o
    0x08001e38   0x08001e38   0x0000003c   Code   RO         4095    i.RCC_RTCCLKConfig  stm32f4xx_rcc.o
    0x08001e74   0x08001e74   0x00000018   Code   RO          730    i.RGB565            lcd.o
    0x08001e8c   0x08001e8c   0x00000016   Code   RO         4457    i.RTC_Bcd2ToByte    stm32f4xx_rtc.o
    0x08001ea2   0x08001ea2   0x0000001c   Code   RO         4459    i.RTC_ByteToBcd2    stm32f4xx_rtc.o
    0x08001ebe   0x08001ebe   0x0000000e   Code   RO         4466    i.RTC_DateStructInit  stm32f4xx_rtc.o
    0x08001ecc   0x08001ecc   0x00000050   Code   RO         4469    i.RTC_EnterInitMode  stm32f4xx_rtc.o
    0x08001f1c   0x08001f1c   0x00000014   Code   RO         4470    i.RTC_ExitInitMode  stm32f4xx_rtc.o
    0x08001f30   0x08001f30   0x0000004c   Code   RO         4473    i.RTC_GetDate       stm32f4xx_rtc.o
    0x08001f7c   0x08001f7c   0x00000050   Code   RO         4478    i.RTC_GetTime       stm32f4xx_rtc.o
    0x08001fcc   0x08001fcc   0x00000064   Code   RO         4483    i.RTC_Init          stm32f4xx_rtc.o
    0x08002030   0x08002030   0x000000c8   Code   RO         4489    i.RTC_SetDate       stm32f4xx_rtc.o
    0x080020f8   0x080020f8   0x000000d0   Code   RO         4490    i.RTC_SetTime       stm32f4xx_rtc.o
    0x080021c8   0x080021c8   0x0000000e   Code   RO         4493    i.RTC_StructInit    stm32f4xx_rtc.o
    0x080021d6   0x080021d6   0x0000000c   Code   RO         4505    i.RTC_TimeStructInit  stm32f4xx_rtc.o
    0x080021e2   0x080021e2   0x00000002   PAD
    0x080021e4   0x080021e4   0x00000060   Code   RO         4506    i.RTC_WaitForSynchro  stm32f4xx_rtc.o
    0x08002244   0x08002244   0x000000ec   Code   RO         1208    i.SetSysClock       system_stm32f4xx.o
    0x08002330   0x08002330   0x00000034   Code   RO         7175    i.SysTick_Handler   port.o
    0x08002364   0x08002364   0x00000068   Code   RO         1210    i.SystemInit        system_stm32f4xx.o
    0x080023cc   0x080023cc   0x0000003c   Code   RO          613    i.TIM2_IRQHandler   delay.o
    0x08002408   0x08002408   0x00000006   Code   RO         5441    i.TIM_ClearITPendingBit  stm32f4xx_tim.o
    0x0800240e   0x0800240e   0x00000018   Code   RO         5446    i.TIM_Cmd           stm32f4xx_tim.o
    0x08002426   0x08002426   0x00000022   Code   RO         5467    i.TIM_GetITStatus   stm32f4xx_tim.o
    0x08002448   0x08002448   0x00000012   Code   RO         5471    i.TIM_ITConfig      stm32f4xx_tim.o
    0x0800245a   0x0800245a   0x00000002   PAD
    0x0800245c   0x0800245c   0x00000084   Code   RO         5518    i.TIM_TimeBaseInit  stm32f4xx_tim.o
    0x080024e0   0x080024e0   0x00000038   Code   RO          521    i.USART1_IRQHandler  usart.o
    0x08002518   0x08002518   0x00000030   Code   RO          900    i.USART2_IRQHandler  esp_at.o
    0x08002548   0x08002548   0x00000012   Code   RO         5996    i.USART_ClearFlag   stm32f4xx_usart.o
    0x0800255a   0x0800255a   0x0000001e   Code   RO         5997    i.USART_ClearITPendingBit  stm32f4xx_usart.o
    0x08002578   0x08002578   0x00000018   Code   RO         6000    i.USART_Cmd         stm32f4xx_usart.o
    0x08002590   0x08002590   0x00000012   Code   RO         6001    i.USART_DMACmd      stm32f4xx_usart.o
    0x080025a2   0x080025a2   0x0000001a   Code   RO         6003    i.USART_GetFlagStatus  stm32f4xx_usart.o
    0x080025bc   0x080025bc   0x00000054   Code   RO         6004    i.USART_GetITStatus  stm32f4xx_usart.o
    0x08002610   0x08002610   0x0000004a   Code   RO         6006    i.USART_ITConfig    stm32f4xx_usart.o
    0x0800265a   0x0800265a   0x00000002   PAD
    0x0800265c   0x0800265c   0x000000d4   Code   RO         6007    i.USART_Init        stm32f4xx_usart.o
    0x08002730   0x08002730   0x0000000a   Code   RO         6014    i.USART_ReceiveData  stm32f4xx_usart.o
    0x0800273a   0x0800273a   0x00000008   Code   RO         6017    i.USART_SendData    stm32f4xx_usart.o
    0x08002742   0x08002742   0x00000018   Code   RO         6023    i.USART_StructInit  stm32f4xx_usart.o
    0x0800275a   0x0800275a   0x00000004   Code   RO         1156    i.UsageFault_Handler  stm32f4xx_it.o
    0x0800275e   0x0800275e   0x00000002   PAD
    0x08002760   0x08002760   0x00000020   Code   RO         7933    i.__0printf         mc_w.l(printfa.o)
    0x08002780   0x08002780   0x00000034   Code   RO         7934    i.__0snprintf       mc_w.l(printfa.o)
    0x080027b4   0x080027b4   0x00000004   PAD
    0x080027b8   0x080027b8   0x00000038   Code   RO         7675    i.__hardfp_atof     m_wm.l(atof.o)
    0x080027f0   0x080027f0   0x0000000c   Code   RO         7993    i.__read_errno      mc_w.l(errno.o)
    0x080027fc   0x080027fc   0x0000000e   Code   RO         8045    i.__scatterload_copy  mc_w.l(handlers.o)
    0x0800280a   0x0800280a   0x00000002   Code   RO         8046    i.__scatterload_null  mc_w.l(handlers.o)
    0x0800280c   0x0800280c   0x0000000e   Code   RO         8047    i.__scatterload_zeroinit  mc_w.l(handlers.o)
    0x0800281a   0x0800281a   0x00000002   PAD
    0x0800281c   0x0800281c   0x0000000c   Code   RO         7994    i.__set_errno       mc_w.l(errno.o)
    0x08002828   0x08002828   0x00000184   Code   RO         7940    i._fp_digits        mc_w.l(printfa.o)
    0x080029ac   0x080029ac   0x0000000e   Code   RO         8034    i._is_digit         mc_w.l(scanf_fp.o)
    0x080029ba   0x080029ba   0x00000002   PAD
    0x080029bc   0x080029bc   0x000006b4   Code   RO         7941    i._printf_core      mc_w.l(printfa.o)
    0x08003070   0x08003070   0x00000024   Code   RO         7942    i._printf_post_padding  mc_w.l(printfa.o)
    0x08003094   0x08003094   0x0000002e   Code   RO         7943    i._printf_pre_padding  mc_w.l(printfa.o)
    0x080030c2   0x080030c2   0x00000016   Code   RO         7944    i._snputc           mc_w.l(printfa.o)
    0x080030d8   0x080030d8   0x000000d8   Code   RO          663    i.aht20_init        aht20.o
    0x080031b0   0x080031b0   0x00000016   Code   RO          664    i.aht20_is_busy     aht20.o
    0x080031c6   0x080031c6   0x00000018   Code   RO          665    i.aht20_is_ready    aht20.o
    0x080031de   0x080031de   0x00000002   PAD
    0x080031e0   0x080031e0   0x000000d0   Code   RO          666    i.aht20_read        aht20.o
    0x080032b0   0x080032b0   0x0000009c   Code   RO          667    i.aht20_read_measurement  aht20.o
    0x0800334c   0x0800334c   0x00000028   Code   RO          668    i.aht20_read_status  aht20.o
    0x08003374   0x08003374   0x00000018   Code   RO          669    i.aht20_start_measurement  aht20.o
    0x0800338c   0x0800338c   0x00000020   Code   RO          670    i.aht20_wait_for_measurement  aht20.o
    0x080033ac   0x080033ac   0x000000c4   Code   RO          671    i.aht20_write       aht20.o
    0x08003470   0x08003470   0x00000010   Code   RO          286    i.app_timer_cb      app.o
    0x08003480   0x08003480   0x0000000a   Code   RO          287    i.app_work          app.o
    0x0800348a   0x0800348a   0x00000002   PAD
    0x0800348c   0x0800348c   0x0000002c   Code   RO          201    i.board_init        board.o
    0x080034b8   0x080034b8   0x00000084   Code   RO          202    i.board_lowlevel_init  board.o
    0x0800353c   0x0800353c   0x00000024   Code   RO          614    i.delay_ms          delay.o
    0x08003560   0x08003560   0x00000070   Code   RO         7398    i.error_page_display  error_page.o
    0x080035d0   0x080035d0   0x00000060   Code   RO          901    i.esp_at_connect_wifi  esp_at.o
    0x08003630   0x08003630   0x0000005c   Code   RO          902    i.esp_at_dma_init   esp_at.o
    0x0800368c   0x0800368c   0x00000008   Code   RO          903    i.esp_at_get_response  esp_at.o
    0x08003694   0x08003694   0x0000006c   Code   RO          904    i.esp_at_get_wifi_info  esp_at.o
    0x08003700   0x08003700   0x00000040   Code   RO          905    i.esp_at_gpio_init  esp_at.o
    0x08003740   0x08003740   0x00000050   Code   RO          906    i.esp_at_http_get   esp_at.o
    0x08003790   0x08003790   0x0000008c   Code   RO          907    i.esp_at_init       esp_at.o
    0x0800381c   0x0800381c   0x00000014   Code   RO          908    i.esp_at_lowlevel_init  esp_at.o
    0x08003830   0x08003830   0x00000050   Code   RO          909    i.esp_at_nvic_init  esp_at.o
    0x08003880   0x08003880   0x000000c0   Code   RO          910    i.esp_at_receive_parser  esp_at.o
    0x08003940   0x08003940   0x0000000c   Code   RO          911    i.esp_at_receive_register  esp_at.o
    0x0800394c   0x0800394c   0x0000000c   Code   RO          203    i.esp_at_received   board.o
    0x08003958   0x08003958   0x0000003c   Code   RO          912    i.esp_at_sntp_get_time  esp_at.o
    0x08003994   0x08003994   0x00000024   Code   RO          913    i.esp_at_sntp_init  esp_at.o
    0x080039b8   0x080039b8   0x00000054   Code   RO          914    i.esp_at_usart_init  esp_at.o
    0x08003a0c   0x08003a0c   0x0000003c   Code   RO          915    i.esp_at_usart_write  esp_at.o
    0x08003a48   0x08003a48   0x00000030   Code   RO          916    i.esp_at_wait_boot  esp_at.o
    0x08003a78   0x08003a78   0x0000001c   Code   RO          917    i.esp_at_wifi_init  esp_at.o
    0x08003a94   0x08003a94   0x00000020   Code   RO          918    i.esp_at_write_byte  esp_at.o
    0x08003ab4   0x08003ab4   0x0000011c   Code   RO          920    i.esp_at_write_command  esp_at.o
    0x08003bd0   0x08003bd0   0x00000014   Code   RO          522    i.fputc             usart.o
    0x08003be4   0x08003be4   0x00000046   Code   RO          731    i.get_font_index    lcd.o
    0x08003c2a   0x08003c2a   0x00000002   PAD
    0x08003c2c   0x08003c2c   0x00000180   Code   RO          288    i.inner_update      app.o
    0x08003dac   0x08003dac   0x00000034   Code   RO          732    i.lcd_clear         lcd.o
    0x08003de0   0x08003de0   0x00000044   Code   RO          733    i.lcd_display_dir   lcd.o
    0x08003e24   0x08003e24   0x00000048   Code   RO          737    i.lcd_fast_draw_point  lcd.o
    0x08003e6c   0x08003e6c   0x0000004c   Code   RO          738    i.lcd_fill          lcd.o
    0x08003eb8   0x08003eb8   0x000004bc   Code   RO          739    i.lcd_init          lcd.o
    0x08004374   0x08004374   0x00000014   Code   RO          740    i.lcd_read_data     lcd.o
    0x08004388   0x08004388   0x00000058   Code   RO          742    i.lcd_scan_dir      lcd.o
    0x080043e0   0x080043e0   0x00000034   Code   RO          743    i.lcd_set_cursor    lcd.o
    0x08004414   0x08004414   0x000000e4   Code   RO          744    i.lcd_show_char     lcd.o
    0x080044f8   0x080044f8   0x00000118   Code   RO          745    i.lcd_show_chinese_char  lcd.o
    0x08004610   0x08004610   0x00000052   Code   RO          746    i.lcd_show_image    lcd.o
    0x08004662   0x08004662   0x00000002   PAD
    0x08004664   0x08004664   0x000000d0   Code   RO          747    i.lcd_show_string   lcd.o
    0x08004734   0x08004734   0x00000018   Code   RO          748    i.lcd_write_data    lcd.o
    0x0800474c   0x0800474c   0x00000014   Code   RO          750    i.lcd_write_ram_prepare  lcd.o
    0x08004760   0x08004760   0x00000018   Code   RO          751    i.lcd_write_regaddress  lcd.o
    0x08004778   0x08004778   0x00000018   Code   RO          752    i.lcd_write_register  lcd.o
    0x08004790   0x08004790   0x00000034   Code   RO            4    i.main              main.o
    0x080047c4   0x080047c4   0x0000002c   Code   RO            5    i.main_init         main.o
    0x080047f0   0x080047f0   0x00000180   Code   RO          289    i.main_loop_init    app.o
    0x08004970   0x08004970   0x000000f4   Code   RO         7422    i.main_page_display  main_page.o
    0x08004a64   0x08004a64   0x000000dc   Code   RO         7423    i.main_page_redraw_date  main_page.o
    0x08004b40   0x08004b40   0x000000a8   Code   RO         7424    i.main_page_redraw_inner_humidity  main_page.o
    0x08004be8   0x08004be8   0x000000b4   Code   RO         7425    i.main_page_redraw_inner_tempreature  main_page.o
    0x08004c9c   0x08004c9c   0x00000038   Code   RO         7426    i.main_page_redraw_outdoor_city  main_page.o
    0x08004cd4   0x08004cd4   0x000000bc   Code   RO         7427    i.main_page_redraw_outdoor_tempreature  main_page.o
    0x08004d90   0x08004d90   0x000000c8   Code   RO         7428    i.main_page_redraw_outdoor_weather_icon  main_page.o
    0x08004e58   0x08004e58   0x00000058   Code   RO         7429    i.main_page_redraw_time  main_page.o
    0x08004eb0   0x08004eb0   0x00000050   Code   RO         7430    i.main_page_redraw_wifi_ssid  main_page.o
    0x08004f00   0x08004f00   0x00000038   Code   RO          921    i.match_internal_ack  esp_at.o
    0x08004f38   0x08004f38   0x0000003c   Code   RO          922    i.month_str_to_num  esp_at.o
    0x08004f74   0x08004f74   0x000000fc   Code   RO          290    i.outdoor_update    app.o
    0x08005070   0x08005070   0x00000094   Code   RO          923    i.parse_cipsntptime_response  esp_at.o
    0x08005104   0x08005104   0x00000068   Code   RO          924    i.parse_cwjap_response  esp_at.o
    0x0800516c   0x0800516c   0x00000064   Code   RO          925    i.parse_cwstate_response  esp_at.o
    0x080051d0   0x080051d0   0x000001a4   Code   RO         1122    i.parse_seniverse_response  weather.o
    0x08005374   0x08005374   0x00000098   Code   RO         6565    i.prvAddCurrentTaskToDelayedList  tasks.o
    0x0800540c   0x0800540c   0x000000b4   Code   RO         6566    i.prvAddNewTaskToReadyList  tasks.o
    0x080054c0   0x080054c0   0x00000064   Code   RO         6962    i.prvCheckForValidListAndQueue  timers.o
    0x08005524   0x08005524   0x00000048   Code   RO         6567    i.prvCheckTasksWaitingTermination  tasks.o
    0x0800556c   0x0800556c   0x0000002a   Code   RO         6309    i.prvCopyDataFromQueue  queue.o
    0x08005596   0x08005596   0x0000007e   Code   RO         6310    i.prvCopyDataToQueue  queue.o
    0x08005614   0x08005614   0x00000012   Code   RO         6568    i.prvDeleteTCB      tasks.o
    0x08005626   0x08005626   0x00000014   Code   RO         6311    i.prvGetDisinheritPriorityAfterTimeout  queue.o
    0x0800563a   0x0800563a   0x00000002   PAD
    0x0800563c   0x0800563c   0x00000028   Code   RO         6963    i.prvGetNextExpireTime  timers.o
    0x08005664   0x08005664   0x0000007c   Code   RO         7107    i.prvHeapInit       heap_4.o
    0x080056e0   0x080056e0   0x00000028   Code   RO         6569    i.prvIdleTask       tasks.o
    0x08005708   0x08005708   0x0000002a   Code   RO         6313    i.prvInitialiseNewQueue  queue.o
    0x08005732   0x08005732   0x00000002   PAD
    0x08005734   0x08005734   0x000000e4   Code   RO         6570    i.prvInitialiseNewTask  tasks.o
    0x08005818   0x08005818   0x00000070   Code   RO         6964    i.prvInitialiseNewTimer  timers.o
    0x08005888   0x08005888   0x00000068   Code   RO         6571    i.prvInitialiseTaskLists  tasks.o
    0x080058f0   0x080058f0   0x00000068   Code   RO         7108    i.prvInsertBlockIntoFreeList  heap_4.o
    0x08005958   0x08005958   0x00000058   Code   RO         6965    i.prvInsertTimerInActiveList  timers.o
    0x080059b0   0x080059b0   0x0000001a   Code   RO         6314    i.prvIsQueueEmpty   queue.o
    0x080059ca   0x080059ca   0x0000001e   Code   RO         6315    i.prvIsQueueFull    queue.o
    0x080059e8   0x080059e8   0x000000a8   Code   RO         6316    i.prvNotifyQueueSetContainer  queue.o
    0x08005a90   0x08005a90   0x00000088   Code   RO         6966    i.prvProcessExpiredTimer  timers.o
    0x08005b18   0x08005b18   0x00000140   Code   RO         6967    i.prvProcessReceivedCommands  timers.o
    0x08005c58   0x08005c58   0x00000074   Code   RO         6968    i.prvProcessTimerOrBlockTask  timers.o
    0x08005ccc   0x08005ccc   0x00000030   Code   RO         6572    i.prvResetNextTaskUnblockTime  tasks.o
    0x08005cfc   0x08005cfc   0x0000002c   Code   RO         6969    i.prvSampleTimeNow  timers.o
    0x08005d28   0x08005d28   0x000000b8   Code   RO         6970    i.prvSwitchTimerLists  timers.o
    0x08005de0   0x08005de0   0x0000005c   Code   RO         7176    i.prvTaskExitError  port.o
    0x08005e3c   0x08005e3c   0x0000001a   Code   RO         6971    i.prvTimerTask      timers.o
    0x08005e56   0x08005e56   0x00000090   Code   RO         6317    i.prvUnlockQueue    queue.o
    0x08005ee6   0x08005ee6   0x00000002   PAD
    0x08005ee8   0x08005ee8   0x00000174   Code   RO         7109    i.pvPortMalloc      heap_4.o
    0x0800605c   0x0800605c   0x00000020   Code   RO         6577    i.pvTaskIncrementMutexHeldCount  tasks.o
    0x0800607c   0x0800607c   0x00000040   Code   RO         6972    i.pvTimerGetTimerID  timers.o
    0x080060bc   0x080060bc   0x0000002c   Code   RO         7177    i.pxPortInitialiseStack  port.o
    0x080060e8   0x080060e8   0x0000002a   Code   RO         1079    i.rtc_get_time      rtc.o
    0x08006112   0x08006112   0x00000050   Code   RO         1080    i.rtc_get_time_once  rtc.o
    0x08006162   0x08006162   0x0000001a   Code   RO         1081    i.rtc_init          rtc.o
    0x0800617c   0x0800617c   0x00000022   Code   RO         1082    i.rtc_set_time      rtc.o
    0x0800619e   0x0800619e   0x00000052   Code   RO         1083    i.rtc_set_time_once  rtc.o
    0x080061f0   0x080061f0   0x00000068   Code   RO          616    i.tim2_init         delay.o
    0x08006258   0x08006258   0x00000224   Code   RO          291    i.time_sync         app.o
    0x0800647c   0x0800647c   0x00000090   Code   RO          292    i.time_update       app.o
    0x0800650c   0x0800650c   0x00000044   Code   RO          418    i.ui_draw_image     ui.o
    0x08006550   0x08006550   0x00000058   Code   RO          419    i.ui_fill_color     ui.o
    0x080065a8   0x080065a8   0x00000050   Code   RO          420    i.ui_init           ui.o
    0x080065f8   0x080065f8   0x000000ac   Code   RO          421    i.ui_task           ui.o
    0x080066a4   0x080066a4   0x000000a8   Code   RO          422    i.ui_write_string   ui.o
    0x0800674c   0x0800674c   0x0000006c   Code   RO          523    i.usart_dma_init    usart.o
    0x080067b8   0x080067b8   0x00000044   Code   RO          524    i.usart_gpio_init   usart.o
    0x080067fc   0x080067fc   0x0000004c   Code   RO          525    i.usart_init        usart.o
    0x08006848   0x08006848   0x00000042   Code   RO          526    i.usart_nvic_init   usart.o
    0x0800688a   0x0800688a   0x00000002   PAD
    0x0800688c   0x0800688c   0x0000000c   Code   RO          527    i.usart_receive_register  usart.o
    0x08006898   0x08006898   0x0000000c   Code   RO          204    i.usart_received    board.o
    0x080068a4   0x080068a4   0x00000020   Code   RO          528    i.usart_send_byte   usart.o
    0x080068c4   0x080068c4   0x0000006c   Code   RO          529    i.usart_send_data   usart.o
    0x08006930   0x08006930   0x0000004c   Code   RO          530    i.usart_usart_init  usart.o
    0x0800697c   0x0800697c   0x00000028   Code   RO         6254    i.uxListRemove      list.o
    0x080069a4   0x080069a4   0x00000034   Code   RO          205    i.vApplicationMallocFailedHook  board.o
    0x080069d8   0x080069d8   0x00000040   Code   RO          206    i.vApplicationStackOverflowHook  board.o
    0x08006a18   0x08006a18   0x0000003c   Code   RO          207    i.vAssertCalled     board.o
    0x08006a54   0x08006a54   0x0000001a   Code   RO         6255    i.vListInitialise   list.o
    0x08006a6e   0x08006a6e   0x00000006   Code   RO         6256    i.vListInitialiseItem  list.o
    0x08006a74   0x08006a74   0x00000034   Code   RO         6257    i.vListInsert       list.o
    0x08006aa8   0x08006aa8   0x00000018   Code   RO         6258    i.vListInsertEnd    list.o
    0x08006ac0   0x08006ac0   0x00000074   Code   RO         7179    i.vPortEnterCritical  port.o
    0x08006b34   0x08006b34   0x0000005c   Code   RO         7180    i.vPortExitCritical  port.o
    0x08006b90   0x08006b90   0x000000b4   Code   RO         7110    i.vPortFree         heap_4.o
    0x08006c44   0x08006c44   0x00000028   Code   RO         7181    i.vPortSetupTimerInterrupt  port.o
    0x08006c6c   0x08006c6c   0x00000088   Code   RO         7182    i.vPortValidateInterruptPriority  port.o
    0x08006cf4   0x08006cf4   0x0000002c   Code   RO         6321    i.vQueueAddToRegistry  queue.o
    0x08006d20   0x08006d20   0x0000004a   Code   RO         6324    i.vQueueWaitForMessageRestricted  queue.o
    0x08006d6a   0x08006d6a   0x00000002   PAD
    0x08006d6c   0x08006d6c   0x00000070   Code   RO         6586    i.vTaskDelay        tasks.o
    0x08006ddc   0x08006ddc   0x00000110   Code   RO         6587    i.vTaskDelete       tasks.o
    0x08006eec   0x08006eec   0x00000018   Code   RO         6590    i.vTaskInternalSetTimeOutState  tasks.o
    0x08006f04   0x08006f04   0x0000000c   Code   RO         6591    i.vTaskMissedYield  tasks.o
    0x08006f10   0x08006f10   0x0000004c   Code   RO         6592    i.vTaskPlaceOnEventList  tasks.o
    0x08006f5c   0x08006f5c   0x00000054   Code   RO         6593    i.vTaskPlaceOnEventListRestricted  tasks.o
    0x08006fb0   0x08006fb0   0x000000ec   Code   RO         6595    i.vTaskPriorityDisinheritAfterTimeout  tasks.o
    0x0800709c   0x0800709c   0x000000b0   Code   RO         6601    i.vTaskStartScheduler  tasks.o
    0x0800714c   0x0800714c   0x00000010   Code   RO         6603    i.vTaskSuspendAll   tasks.o
    0x0800715c   0x0800715c   0x000000bc   Code   RO         6604    i.vTaskSwitchContext  tasks.o
    0x08007218   0x08007218   0x00000038   Code   RO          926    i.weekday_str_to_num  esp_at.o
    0x08007250   0x08007250   0x0000009c   Code   RO         7498    i.welcome_page_display  welocme_page.o
    0x080072ec   0x080072ec   0x00000178   Code   RO          388    i.wifi_init         wifi.o
    0x08007464   0x08007464   0x000000b8   Code   RO         7522    i.wifi_page_display  wifi_page.o
    0x0800751c   0x0800751c   0x000000f8   Code   RO          293    i.wifi_update       app.o
    0x08007614   0x08007614   0x0000014c   Code   RO          389    i.wifi_wait_connected  wifi.o
    0x08007760   0x08007760   0x00000020   Code   RO          473    i.work_func         workqueue.o
    0x08007780   0x08007780   0x0000001c   Code   RO          294    i.work_timer_cb     app.o
    0x0800779c   0x0800779c   0x00000060   Code   RO          474    i.workqueue_init    workqueue.o
    0x080077fc   0x080077fc   0x00000040   Code   RO          475    i.workqueue_run     workqueue.o
    0x0800783c   0x0800783c   0x0000017c   Code   RO         7183    i.xPortStartScheduler  port.o
    0x080079b8   0x080079b8   0x000000a0   Code   RO         6329    i.xQueueGenericCreate  queue.o
    0x08007a58   0x08007a58   0x000000ac   Code   RO         6330    i.xQueueGenericReset  queue.o
    0x08007b04   0x08007b04   0x000001c8   Code   RO         6331    i.xQueueGenericSend  queue.o
    0x08007ccc   0x08007ccc   0x00000128   Code   RO         6332    i.xQueueGenericSendFromISR  queue.o
    0x08007df4   0x08007df4   0x00000108   Code   RO         6333    i.xQueueGiveFromISR  queue.o
    0x08007efc   0x08007efc   0x00000164   Code   RO         6339    i.xQueueReceive     queue.o
    0x08008060   0x08008060   0x000001a8   Code   RO         6344    i.xQueueSemaphoreTake  queue.o
    0x08008208   0x08008208   0x00000098   Code   RO         6606    i.xTaskCheckForTimeOut  tasks.o
    0x080082a0   0x080082a0   0x00000060   Code   RO         6607    i.xTaskCreate       tasks.o
    0x08008300   0x08008300   0x00000020   Code   RO         6616    i.xTaskGetSchedulerState  tasks.o
    0x08008320   0x08008320   0x0000000c   Code   RO         6617    i.xTaskGetTickCount  tasks.o
    0x0800832c   0x0800832c   0x0000015c   Code   RO         6619    i.xTaskIncrementTick  tasks.o
    0x08008488   0x08008488   0x000000c4   Code   RO         6620    i.xTaskPriorityDisinherit  tasks.o
    0x0800854c   0x0800854c   0x000000b8   Code   RO         6621    i.xTaskPriorityInherit  tasks.o
    0x08008604   0x08008604   0x000000ac   Code   RO         6622    i.xTaskRemoveFromEventList  tasks.o
    0x080086b0   0x080086b0   0x00000118   Code   RO         6623    i.xTaskResumeAll    tasks.o
    0x080087c8   0x080087c8   0x00000036   Code   RO         6976    i.xTimerCreate      timers.o
    0x080087fe   0x080087fe   0x00000002   PAD
    0x08008800   0x08008800   0x00000068   Code   RO         6977    i.xTimerCreateTimerTask  timers.o
    0x08008868   0x08008868   0x00000098   Code   RO         6978    i.xTimerGenericCommand  timers.o
    0x08008900   0x08008900   0x00000050   Code   RO         6982    i.xTimerIsTimerActive  timers.o
    0x08008950   0x08008950   0x0000006c   Data   RO          929    .constdata          esp_at.o
    0x080089bc   0x080089bc   0x00001c98   Data   RO         7273    .constdata          font32_maple.o
    0x0800a654   0x0800a654   0x00000d6c   Data   RO         7287    .constdata          font24_maple.o
    0x0800b3c0   0x0800b3c0   0x00000f30   Data   RO         7300    .constdata          font20_maple.o
    0x0800c2f0   0x0800c2f0   0x000009ac   Data   RO         7314    .constdata          font54_maple.o
    0x0800cc9c   0x0800cc9c   0x00000ca8   Data   RO         7328    .constdata          font62_maple.o
    0x0800d944   0x0800d944   0x0000135c   Data   RO         7342    .constdata          font76_maple.o
    0x0800eca0   0x0800eca0   0x0000c808   Data   RO         7356    .constdata          error_image.o
    0x0801b4a8   0x0801b4a8   0x0000fd28   Data   RO         7369    .constdata          mingrixiang_image.o
    0x0802b1d0   0x0802b1d0   0x0000e6a8   Data   RO         7382    .constdata          wifi_image.o
    0x08039878   0x08039878   0x00000007   Data   RO         7431    .constdata          main_page.o
    0x0803987f   0x0803987f   0x00000001   PAD
    0x08039880   0x08039880   0x000016d0   Data   RO         7545    .constdata          icon_cloudy.o
    0x0803af50   0x0803af50   0x000016d0   Data   RO         7558    .constdata          icon_leizhenyu.o
    0x0803c620   0x0803c620   0x000016d0   Data   RO         7571    .constdata          icon_moon.o
    0x0803dcf0   0x0803dcf0   0x000016d0   Data   RO         7584    .constdata          icon_na.o
    0x0803f3c0   0x0803f3c0   0x000016d0   Data   RO         7597    .constdata          icon_rain.o
    0x08040a90   0x08040a90   0x000016d0   Data   RO         7610    .constdata          icon_snow.o
    0x08042160   0x08042160   0x000016d0   Data   RO         7623    .constdata          icon_sunny.o
    0x08043830   0x08043830   0x00000868   Data   RO         7636    .constdata          icon_wenduji.o
    0x08044098   0x08044098   0x00000488   Data   RO         7649    .constdata          icon_wifi.o
    0x08044520   0x08044520   0x000016d0   Data   RO         7662    .constdata          icon_yintian.o
    0x08045bf0   0x08045bf0   0x00000040   Data   RO         8039    .constdata          mc_w.l(ctype_c.o)
    0x08045c30   0x08045c30   0x0000006a   Data   RO          296    .conststring        app.o
    0x08045c9a   0x08045c9a   0x00000002   PAD
    0x08045c9c   0x08045c9c   0x00000070   Data   RO          930    .conststring        esp_at.o
    0x08045d0c   0x08045d0c   0x00000023   Data   RO         7274    .conststring        font32_maple.o
    0x08045d2f   0x08045d2f   0x00000001   PAD
    0x08045d30   0x08045d30   0x0000003b   Data   RO         7301    .conststring        font20_maple.o
    0x08045d6b   0x08045d6b   0x00000001   PAD
    0x08045d6c   0x08045d6c   0x0000000e   Data   RO         7315    .conststring        font54_maple.o
    0x08045d7a   0x08045d7a   0x00000002   PAD
    0x08045d7c   0x08045d7c   0x0000000e   Data   RO         7523    .conststring        wifi_page.o
    0x08045d8a   0x08045d8a   0x00000002   PAD
    0x08045d8c   0x08045d8c   0x00000020   Data   RO         8043    Region$$Table       anon$$obj.o


    Execution Region RW_IRAM1 (Exec base: 0x20000000, Load base: 0x08045dac, Size: 0x00017ef0, Max: 0x00020000, ABSOLUTE)

    Exec Addr    Load Addr    Size         Type   Attr      Idx    E Section Name        Object

    0x20000000   0x08045dac   0x0000003c   Data   RW          297    .data               app.o
    0x2000003c   0x08045de8   0x00000004   Data   RW          423    .data               ui.o
    0x20000040   0x08045dec   0x00000004   Data   RW          476    .data               workqueue.o
    0x20000044   0x08045df0   0x00000008   Data   RW          531    .data               usart.o
    0x2000004c   0x08045df8   0x00000004   PAD
    0x20000050   0x08045dfc   0x0000000c   Data   RW          618    .data               delay.o
    0x2000005c   0x08045e08   0x00000011   Data   RW          931    .data               esp_at.o
    0x2000006d   0x08045e19   0x00000003   PAD
    0x20000070   0x08045e1c   0x00000014   Data   RW         1211    .data               system_stm32f4xx.o
    0x20000084   0x08045e30   0x00000010   Data   RW         4103    .data               stm32f4xx_rcc.o
    0x20000094   0x08045e40   0x00000040   Data   RW         6626    .data               tasks.o
    0x200000d4   0x08045e80   0x00000014   Data   RW         6984    .data               timers.o
    0x200000e8   0x08045e94   0x00000020   Data   RW         7116    .data               heap_4.o
    0x20000108   0x08045eb4   0x0000000c   Data   RW         7184    .data               port.o
    0x20000114   0x08045ec0   0x00000008   Data   RW         7432    .data               main_page.o
    0x2000011c   0x08045ec8   0x00000004   Data   RW         7524    .data               wifi_page.o
    0x20000120   0x08045ecc   0x00000004   Data   RW         7987    .data               mc_w.l(stdout.o)
    0x20000124   0x08045ed0   0x00000004   Data   RW         7995    .data               mc_w.l(errno.o)
    0x20000128        -       0x00000110   Zero   RW          295    .bss                app.o
    0x20000238        -       0x0000000e   Zero   RW          754    .bss                lcd.o
    0x20000246        -       0x00000700   Zero   RW          928    .bss                esp_at.o
    0x20000946   0x08045ed4   0x00000002   PAD
    0x20000948        -       0x00000050   Zero   RW         6346    .bss                queue.o
    0x20000998        -       0x0000012c   Zero   RW         6625    .bss                tasks.o
    0x20000ac4        -       0x00000028   Zero   RW         6983    .bss                timers.o
    0x20000aec        -       0x00017000   Zero   RW         7115    .bss                heap_4.o
    0x20017aec   0x08045ed4   0x00000004   PAD
    0x20017af0        -       0x00000400   Zero   RW         1141    STACK               startup_stm32f40_41xxx.o


==============================================================================

Image component sizes


      Code (inc. data)   RO Data    RW Data    ZI Data      Debug   Object Name

       918         64          0          0          0       6977   aht20.o
      2014        690        106         60        272      21909   app.o
       376        106          0          0          0      14798   board.o
       200         24          0         12          0       2225   delay.o
         0          0      51208          0          0       1507   error_image.o
       112         14          0          0          0        653   error_page.o
      2096        476        220         17       1792      44257   esp_at.o
         0          0       3947          0          0       1435   font20_maple.o
         0          0       3436          0          0       1395   font24_maple.o
         0          0       7355          0          0       1435   font32_maple.o
         0          0       2490          0          0       1395   font54_maple.o
         0          0       3240          0          0       1395   font62_maple.o
         0          0       4956          0          0       1395   font76_maple.o
       780        154          0         32      94208       4243   heap_4.o
         0          0       5840          0          0       1517   icon_cloudy.o
         0          0       5840          0          0       1532   icon_leizhenyu.o
         0          0       5840          0          0       1511   icon_moon.o
         0          0       5840          0          0       1497   icon_na.o
         0          0       5840          0          0       1511   icon_rain.o
         0          0       5840          0          0       1511   icon_snow.o
         0          0       5840          0          0       1512   icon_sunny.o
         0          0       2152          0          0       1522   icon_wenduji.o
         0          0       1160          0          0       1511   icon_wifi.o
         0          0       5840          0          0       1522   icon_yintian.o
      2624        110          0          0         14      17475   lcd.o
       148          0          0          0          0       4406   list.o
        96         12          0          0          0     341321   main.o
      1424        272          7          8          0       7073   main_page.o
         0          0      64808          0          0       1541   mingrixiang_image.o
       140         24          0          0          0       1635   misc.o
      1142        296          0         12          0      10913   port.o
      2844        288          0          0         80      30624   queue.o
       264          0          0          0          0       3249   rtc.o
        36          8        392          0       1024        884   startup_stm32f40_41xxx.o
       770         72          0          0          0       7227   stm32f4xx_dma.o
       344         16          0          0          0       2101   stm32f4xx_fsmc.o
       236          0          0          0          0       3012   stm32f4xx_gpio.o
       544         28          0          0          0       7586   stm32f4xx_i2c.o
        20          0          0          0          0       3077   stm32f4xx_it.o
        12          6          0          0          0        558   stm32f4xx_pwr.o
       572         72          0         16          0       8512   stm32f4xx_rcc.o
       950         56          0          0          0       9466   stm32f4xx_rtc.o
       214         28          0          0          0       3854   stm32f4xx_tim.o
       528          8          0          0          0       8231   stm32f4xx_usart.o
       340         32          0         20          0       1993   system_stm32f4xx.o
      3542        840          0         64        300      34731   tasks.o
      1620        376          0         20         40      14844   timers.o
       576        110          0          4          0       6820   ui.o
       734        108          0          8          0       9284   usart.o
       420        178          0          0          0       1623   weather.o
       156         44          0          0          0        539   welocme_page.o
       708        466          0          0          0       1270   wifi.o
         0          0      59048          0          0       1502   wifi_image.o
       184         36         14          4          0        616   wifi_page.o
       192         72          0          4          0       2349   workqueue.o

    ----------------------------------------------------------------------
     27912       5086     251300        288      97736     668481   Object Totals
         0          0         32          0          0          0   (incl. Generated)
        36          0          9          7          6          0   (incl. Padding)

    ----------------------------------------------------------------------

      Code (inc. data)   RO Data    RW Data    ZI Data      Debug   Library Member Name

        56         12          0          0          0        132   atof.o
        56          8          0          0          0         84   __0sscanf.o
        28          0          0          0          0         68   _chval.o
       816          6          0          0          0        112   _scanf.o
       332          0          0          0          0         96   _scanf_int.o
       224          0          0          0          0         96   _scanf_str.o
        64          0          0          0          0         84   _sgetc.o
        40          6         64          0          0         68   ctype_c.o
         0          0          0          0          0          0   entry.o
         0          0          0          0          0          0   entry10a.o
         0          0          0          0          0          0   entry11a.o
         4          0          0          0          0          0   entry12b.o
         8          4          0          0          0          0   entry2.o
         4          0          0          0          0          0   entry5.o
         0          0          0          0          0          0   entry7b.o
         0          0          0          0          0          0   entry8b.o
         8          4          0          0          0          0   entry9a.o
        24         12          0          4          0        136   errno.o
        30          0          0          0          0          0   handlers.o
        36          8          0          0          0         68   init.o
        10          0          0          0          0         68   isspace_c.o
         0          0          0          0          0          0   iusefp.o
        30          0          0          0          0         68   llshl.o
        36          0          0          0          0         68   llsshr.o
        32          0          0          0          0         68   llushr.o
        26          0          0          0          0         80   memcmp.o
        36          0          0          0          0         68   memcpya.o
        36          0          0          0          0        108   memseta.o
      2292         94          0          0          0        620   printfa.o
        40          8          0          0          0         84   scanf_char.o
       878         12          0          0          0        216   scanf_fp.o
         0          0          0          4          0          0   stdout.o
        28          0          0          0          0         76   strcmp.o
        18          0          0          0          0         68   strcpy.o
        14          0          0          0          0         68   strlen.o
        36          0          0          0          0         80   strstr.o
       156         12          0          0          0        120   strtod.o
        44          0          0          0          0         80   uidiv.o
        98          0          0          0          0         92   uldiv.o
        48          0          0          0          0         68   cdrcmple.o
        56          0          0          0          0         88   d2f.o
       334          0          0          0          0        148   dadd.o
       222          0          0          0          0        100   ddiv.o
       186          0          0          0          0        176   depilogue.o
        48          0          0          0          0         68   dfixul.o
        24          0          0          0          0         76   dfltul.o
       228          0          0          0          0         96   dmul.o
        38          0          0          0          0         68   f2d.o
       110          0          0          0          0        168   fepilogue.o

    ----------------------------------------------------------------------
      6848        190         64          8          0       4032   Library Totals
        14          4          0          0          0          0   (incl. Padding)

    ----------------------------------------------------------------------

      Code (inc. data)   RO Data    RW Data    ZI Data      Debug   Library Name

        56         12          0          0          0        132   m_wm.l
      5484        174         64          8          0       2844   mc_w.l
      1294          0          0          0          0       1056   mf_w.l

    ----------------------------------------------------------------------
      6848        190         64          8          0       4032   Library Totals

    ----------------------------------------------------------------------

==============================================================================


      Code (inc. data)   RO Data    RW Data    ZI Data      Debug   

     34760       5276     251364        296      97736     644337   Grand Totals
     34760       5276     251364        296      97736     644337   ELF Image Totals
     34760       5276     251364        296          0          0   ROM Totals

==============================================================================

    Total RO  Size (Code + RO Data)               286124 ( 279.42kB)
    Total RW  Size (RW Data + ZI Data)             98032 (  95.73kB)
    Total ROM Size (Code + RO Data + RW Data)     286420 ( 279.71kB)

==============================================================================

