<html>
<body>
<pre>
<h1>�Vision Build Log</h1>
<h2>Tool Versions:</h2>
IDE-Version: ��Vision V5.36.0.0
Copyright (C) 2021 ARM Ltd and ARM Germany GmbH. All rights reserved.
License Information: 123 123, 123, LIC=----
 
Tool Versions:
Toolchain:       MDK-ARM Plus  Version: 5.36.0.0
Toolchain Path:  G:\keil_5\ARM\ARMCC\Bin
C Compiler:      Armcc.exe V5.06 update 7 (build 960)
Assembler:       Armasm.exe V5.06 update 7 (build 960)
Linker/Locator:  ArmLink.exe V5.06 update 7 (build 960)
Library Manager: ArmAr.exe V5.06 update 7 (build 960)
Hex Converter:   FromElf.exe V5.06 update 7 (build 960)
CPU DLL:         SARMCM3.DLL V5.36.0.0
Dialog DLL:      DCM.DLL V1.17.3.0
Target DLL:      Segger\JL2CM3.dll V2.99.40.0
Dialog DLL:      TCM.DLL V1.53.0.0
 
<h2>Project:</h2>
G:\STM32_project\weather_clock\clock_basic_plus\weather_clock\mdk\stm32f407.uvprojx
Project File Date:  10/28/2025

<h2>Output:</h2>
*** Using Compiler 'V5.06 update 7 (build 960)', folder: 'G:\keil_5\ARM\ARMCC\Bin'
Build target 'demo'
assembling startup_stm32f40_41xxx.s...
compiling stm32f4xx_can.c...
compiling stm32f4xx_it.c...
compiling board.c...
..\driver\usart\usart.h(14): warning:  #1-D: last line of file ends without a newline
  #endif
..\driver\tim\delay.h(10): warning:  #1-D: last line of file ends without a newline
  #endif
..\driver\aht20\aht20.h(12): warning:  #1-D: last line of file ends without a newline
  #endif
..\driver\lcd\fonts.h(31): warning:  #1-D: last line of file ends without a newline
  #endif
..\driver\lcd\image.h(27): warning:  #1-D: last line of file ends without a newline
  #endif
..\driver\lcd\lcd.h(125): warning:  #1-D: last line of file ends without a newline
  #endif
..\driver\esp_at\esp_at.h(56): warning:  #1-D: last line of file ends without a newline
  #endif
..\app\include\board.h(15): warning:  #1-D: last line of file ends without a newline
  #endif
..\app\board.c: 8 warnings, 0 errors
compiling main.c...
..\driver\usart\usart.h(14): warning:  #1-D: last line of file ends without a newline
  #endif
..\driver\tim\delay.h(10): warning:  #1-D: last line of file ends without a newline
  #endif
..\driver\aht20\aht20.h(12): warning:  #1-D: last line of file ends without a newline
  #endif
..\driver\lcd\fonts.h(31): warning:  #1-D: last line of file ends without a newline
  #endif
..\driver\lcd\image.h(27): warning:  #1-D: last line of file ends without a newline
  #endif
..\driver\lcd\lcd.h(125): warning:  #1-D: last line of file ends without a newline
  #endif
..\driver\esp_at\esp_at.h(56): warning:  #1-D: last line of file ends without a newline
  #endif
..\app\include\board.h(15): warning:  #1-D: last line of file ends without a newline
  #endif
..\app\include\main.h(6): warning:  #1-D: last line of file ends without a newline
  #endif
..\app\include\pages.h(19): warning:  #1-D: last line of file ends without a newline
  #endif
..\app\main.c(6): warning:  #951-D: return type of function "main" must be "int"
  void main(void)
..\app\main.c(23): warning:  #1-D: last line of file ends without a newline
  }
..\app\main.c: 12 warnings, 0 errors
compiling esp_at.c...
..\driver\esp_at\esp_at.h(56): warning:  #1-D: last line of file ends without a newline
  #endif
..\driver\tim\delay.h(10): warning:  #1-D: last line of file ends without a newline
  #endif
..\driver\esp_at\esp_at.c(284): warning:  #940-D: missing return statement at end of non-void function "esp_at_write_command" 
  }
..\driver\esp_at\esp_at.c(326): warning:  #181-D: argument is incompatible with corresponding format string conversion
      if(sscanf(response,"+CWSTATE:%d,\"%63[^\"]",&wifi_state,info->ssid) != 2)
..\driver\esp_at\esp_at.c(345): warning:  #181-D: argument is incompatible with corresponding format string conversion
      if(sscanf(response,"+CWJAP:\"%63[^\"]\",\"%17[^\"]\",%d,%d",info->ssid,info->bssid,&info->channel,&info->rssi) != 4)
..\driver\esp_at\esp_at.c(345): warning:  #181-D: argument is incompatible with corresponding format string conversion
      if(sscanf(response,"+CWJAP:\"%63[^\"]\",\"%17[^\"]\",%d,%d",info->ssid,info->bssid,&info->channel,&info->rssi) != 4)
..\driver\esp_at\esp_at.c(345): warning:  #181-D: argument is incompatible with corresponding format string conversion
      if(sscanf(response,"+CWJAP:\"%63[^\"]\",\"%17[^\"]\",%d,%d",info->ssid,info->bssid,&info->channel,&info->rssi) != 4)
..\driver\esp_at\esp_at.c(345): warning:  #181-D: argument is incompatible with corresponding format string conversion
      if(sscanf(response,"+CWJAP:\"%63[^\"]\",\"%17[^\"]\",%d,%d",info->ssid,info->bssid,&info->channel,&info->rssi) != 4)
..\driver\esp_at\esp_at.c(374): warning:  #370-D: variable "info"  has an uninitialized const field
      esp_at_wifi_info_t info;
..\driver\esp_at\esp_at.c(487): warning:  #1-D: last line of file ends without a newline
  }
..\driver\esp_at\esp_at.c(225): warning:  #177-D: function "esp_at_write_bytes"  was declared but never referenced
  static void esp_at_write_bytes(const char *data)
..\driver\esp_at\esp_at.c: 11 warnings, 0 errors
compiling aht20.c...
..\driver\aht20\aht20.h(12): warning:  #1-D: last line of file ends without a newline
  #endif
..\driver\tim\delay.h(10): warning:  #1-D: last line of file ends without a newline
  #endif
..\driver\aht20\aht20.c(151): warning:  #1-D: last line of file ends without a newline
  }
..\driver\aht20\aht20.c: 3 warnings, 0 errors
compiling usart.c...
..\driver\usart\usart.h(14): warning:  #1-D: last line of file ends without a newline
  #endif
..\driver\usart\usart.c(144): warning:  #1-D: last line of file ends without a newline
  }
..\driver\usart\usart.c: 2 warnings, 0 errors
compiling stm32f4xx_cec.c...
compiling rtc.c...
..\driver\rtc\rtc.c(77): warning:  #1-D: last line of file ends without a newline
  }
..\driver\rtc\rtc.c: 1 warning, 0 errors
compiling system_stm32f4xx.c...
compiling misc.c...
compiling delay.c...
..\driver\tim\delay.h(10): warning:  #1-D: last line of file ends without a newline
  #endif
..\driver\tim\delay.c(28): warning:  #1-D: last line of file ends without a newline
  }
..\driver\tim\delay.c: 2 warnings, 0 errors
compiling stm32f4xx_adc.c...
compiling stm32f4xx_crc.c...
compiling lcd.c...
..\driver\lcd\fonts.h(31): warning:  #1-D: last line of file ends without a newline
  #endif
..\driver\lcd\image.h(27): warning:  #1-D: last line of file ends without a newline
  #endif
..\driver\lcd\lcd.h(125): warning:  #1-D: last line of file ends without a newline
  #endif
..\driver\tim\delay.h(10): warning:  #1-D: last line of file ends without a newline
  #endif
..\driver\lcd\lcd.c(512): warning:  #177-D: variable "y0"  was declared but never referenced
      u16 x0 = x, y0 = y;
..\driver\lcd\lcd.c(515): warning:  #177-D: variable "bytes_per_char"  was declared but never referenced
      u16 bytes_per_char = bytes_per_row * size; // 每个汉字占用的总字节数
..\driver\lcd\lcd.c(615): warning:  #1-D: last line of file ends without a newline
  }
..\driver\lcd\lcd.c: 7 warnings, 0 errors
compiling stm32f4xx_cryp_des.c...
compiling stm32f4xx_cryp_aes.c...
compiling stm32f4xx_cryp_tdes.c...
compiling stm32f4xx_cryp.c...
compiling stm32f4xx_dac.c...
compiling stm32f4xx_dbgmcu.c...
compiling stm32f4xx_dfsdm.c...
compiling stm32f4xx_dcmi.c...
compiling stm32f4xx_exti.c...
compiling stm32f4xx_flash_ramfunc.c...
compiling stm32f4xx_dsi.c...
compiling stm32f4xx_dma.c...
compiling stm32f4xx_dma2d.c...
compiling stm32f4xx_flash.c...
compiling stm32f4xx_fmpi2c.c...
compiling stm32f4xx_fsmc.c...
compiling stm32f4xx_gpio.c...
compiling stm32f4xx_hash.c...
compiling stm32f4xx_hash_md5.c...
compiling stm32f4xx_lptim.c...
compiling stm32f4xx_i2c.c...
compiling stm32f4xx_iwdg.c...
compiling stm32f4xx_hash_sha1.c...
compiling stm32f4xx_ltdc.c...
compiling stm32f4xx_pwr.c...
compiling stm32f4xx_rng.c...
compiling stm32f4xx_qspi.c...
compiling stm32f4xx_sai.c...
compiling stm32f4xx_rcc.c...
compiling stm32f4xx_rtc.c...
compiling font16_maple.c...
..\driver\lcd\fonts.h(31): warning:  #1-D: last line of file ends without a newline
  #endif
..\driver\lcd\fonts\font16_maple.c(112): warning:  #1-D: last line of file ends without a newline
  // !"#$%&'()*+,-./0123456789:;<=>?@ABCDEFGHIJKLMNOPQRSTUVWXYZ[\]^_`abcdefghijklmnopqrstuvwxyz{|}~
..\driver\lcd\fonts\font16_maple.c: 2 warnings, 0 errors
compiling font32_maple.c...
..\driver\lcd\fonts.h(31): warning:  #1-D: last line of file ends without a newline
  #endif
..\driver\lcd\fonts\font32_maple.c(227): warning:  #1-D: last line of file ends without a newline
  };
..\driver\lcd\fonts\font32_maple.c: 2 warnings, 0 errors
compiling font24_maple.c...
..\driver\lcd\fonts.h(31): warning:  #1-D: last line of file ends without a newline
  #endif
..\driver\lcd\fonts\font24_maple.c(108): warning:  #1-D: last line of file ends without a newline
  };
..\driver\lcd\fonts\font24_maple.c: 2 warnings, 0 errors
compiling font54_maple.c...
..\driver\lcd\fonts.h(31): warning:  #1-D: last line of file ends without a newline
  #endif
..\driver\lcd\fonts\font54_maple.c(52): warning:  #1-D: last line of file ends without a newline
  };
..\driver\lcd\fonts\font54_maple.c: 2 warnings, 0 errors
compiling font20_maple.c...
..\driver\lcd\fonts.h(31): warning:  #1-D: last line of file ends without a newline
  #endif
..\driver\lcd\fonts\font20_maple.c(245): warning:  #1-D: last line of file ends without a newline
  };
..\driver\lcd\fonts\font20_maple.c: 2 warnings, 0 errors
compiling stm32f4xx_sdio.c...
compiling font76_maple.c...
..\driver\lcd\fonts.h(31): warning:  #1-D: last line of file ends without a newline
  #endif
..\driver\lcd\fonts\font76_maple.c(80): warning:  #1-D: last line of file ends without a newline
  };
..\driver\lcd\fonts\font76_maple.c: 2 warnings, 0 errors
compiling font62_maple.c...
..\driver\lcd\fonts.h(31): warning:  #1-D: last line of file ends without a newline
  #endif
..\driver\lcd\fonts\font62_maple.c(63): warning:  #1-D: last line of file ends without a newline
  };
..\driver\lcd\fonts\font62_maple.c: 2 warnings, 0 errors
compiling stm32f4xx_spdifrx.c...
compiling error_image.c...
..\driver\lcd\image.h(27): warning:  #1-D: last line of file ends without a newline
  #endif
..\driver\lcd\image\error_image.c(3211): warning:  #1-D: last line of file ends without a newline
  };
..\driver\lcd\image\error_image.c: 2 warnings, 0 errors
compiling mingrixiang_image.c...
..\driver\lcd\image.h(27): warning:  #1-D: last line of file ends without a newline
  #endif
..\driver\lcd\image\mingrixiang_image.c(4062): warning:  #1-D: last line of file ends without a newline
  };
..\driver\lcd\image\mingrixiang_image.c: 2 warnings, 0 errors
compiling stm32f4xx_syscfg.c...
compiling stm32f4xx_spi.c...
compiling wifi_image.c...
..\driver\lcd\image.h(27): warning:  #1-D: last line of file ends without a newline
  #endif
..\driver\lcd\image\wifi_image.c: 1 warning, 0 errors
compiling icon_cloudy.c...
..\driver\lcd\image.h(27): warning:  #1-D: last line of file ends without a newline
  #endif
..\driver\lcd\icons\icon_cloudy.c(376): warning:  #1-D: last line of file ends without a newline
  };
..\driver\lcd\icons\icon_cloudy.c: 2 warnings, 0 errors
compiling stm32f4xx_usart.c...
compiling stm32f4xx_wwdg.c...
compiling stm32f4xx_tim.c...
compiling icon_leizhenyu.c...
..\driver\lcd\image.h(27): warning:  #1-D: last line of file ends without a newline
  #endif
..\driver\lcd\icons\icon_leizhenyu.c(376): warning:  #1-D: last line of file ends without a newline
  };
..\driver\lcd\icons\icon_leizhenyu.c: 2 warnings, 0 errors
compiling icon_moon.c...
..\driver\lcd\image.h(27): warning:  #1-D: last line of file ends without a newline
  #endif
..\driver\lcd\icons\icon_moon.c(376): warning:  #1-D: last line of file ends without a newline
  };
..\driver\lcd\icons\icon_moon.c: 2 warnings, 0 errors
compiling icon_na.c...
..\driver\lcd\image.h(27): warning:  #1-D: last line of file ends without a newline
  #endif
..\driver\lcd\icons\icon_na.c: 1 warning, 0 errors
compiling icon_rain.c...
..\driver\lcd\image.h(27): warning:  #1-D: last line of file ends without a newline
  #endif
..\driver\lcd\icons\icon_rain.c(376): warning:  #1-D: last line of file ends without a newline
  };
..\driver\lcd\icons\icon_rain.c: 2 warnings, 0 errors
compiling icon_sunny.c...
..\driver\lcd\image.h(27): warning:  #1-D: last line of file ends without a newline
  #endif
..\driver\lcd\icons\icon_sunny.c: 1 warning, 0 errors
compiling icon_snow.c...
..\driver\lcd\image.h(27): warning:  #1-D: last line of file ends without a newline
  #endif
..\driver\lcd\icons\icon_snow.c(376): warning:  #1-D: last line of file ends without a newline
  };
..\driver\lcd\icons\icon_snow.c: 2 warnings, 0 errors
compiling icon_wenduji.c...
..\driver\lcd\image.h(27): warning:  #1-D: last line of file ends without a newline
  #endif
..\driver\lcd\icons\icon_wenduji.c(145): warning:  #1-D: last line of file ends without a newline
  };
..\driver\lcd\icons\icon_wenduji.c: 2 warnings, 0 errors
compiling icon_wifi.c...
..\driver\lcd\image.h(27): warning:  #1-D: last line of file ends without a newline
  #endif
..\driver\lcd\icons\icon_wifi.c(83): warning:  #1-D: last line of file ends without a newline
  };
..\driver\lcd\icons\icon_wifi.c: 2 warnings, 0 errors
compiling error_page.c...
..\driver\lcd\image.h(27): warning:  #1-D: last line of file ends without a newline
  #endif
..\driver\lcd\fonts.h(31): warning:  #1-D: last line of file ends without a newline
  #endif
..\driver\lcd\lcd.h(125): warning:  #1-D: last line of file ends without a newline
  #endif
..\driver\tim\delay.h(10): warning:  #1-D: last line of file ends without a newline
  #endif
..\app\pages\error_page.c(16): warning:  #167-D: argument of type "const char *" is incompatible with parameter of type "const uint8_t *"
      lcd_show_string(start_x, 250, msg, &font24_maple, 1, YELLOW, BLACK);
..\app\pages\error_page.c(18): warning:  #1-D: last line of file ends without a newline
  }
..\app\pages\error_page.c: 6 warnings, 0 errors
compiling icon_yintian.c...
..\driver\lcd\image.h(27): warning:  #1-D: last line of file ends without a newline
  #endif
..\driver\lcd\icons\icon_yintian.c(376): warning:  #1-D: last line of file ends without a newline
  };
..\driver\lcd\icons\icon_yintian.c: 2 warnings, 0 errors
compiling welocme_page.c...
..\driver\lcd\image.h(27): warning:  #1-D: last line of file ends without a newline
  #endif
..\driver\lcd\fonts.h(31): warning:  #1-D: last line of file ends without a newline
  #endif
..\driver\lcd\lcd.h(125): warning:  #1-D: last line of file ends without a newline
  #endif
..\app\pages\welocme_page.c: 3 warnings, 0 errors
compiling main_page.c...
..\driver\lcd\fonts.h(31): warning:  #1-D: last line of file ends without a newline
  #endif
..\driver\lcd\image.h(27): warning:  #1-D: last line of file ends without a newline
  #endif
..\driver\lcd\lcd.h(125): warning:  #1-D: last line of file ends without a newline
  #endif
..\app\include\app.h(18): warning:  #1-D: last line of file ends without a newline
  #endif
..\app\include\pages.h(19): warning:  #1-D: last line of file ends without a newline
  #endif
..\app\pages\main_page.c(51): warning:  #2548-D: multicharacter character literal (potential portability problem)
          main_page_redraw_inner_tempreature('--');
..\app\pages\main_page.c(52): warning:  #2548-D: multicharacter character literal (potential portability problem)
          main_page_redraw_inner_humidity('--');
..\app\pages\main_page.c(64): warning:  #2548-D: multicharacter character literal (potential portability problem)
          main_page_redraw_outdoor_tempreature('--');
..\app\pages\main_page.c(86): warning:  #167-D: argument of type "char *" is incompatible with parameter of type "const uint8_t *"
      lcd_show_string(50, 23, str, &font20_maple, 1, GREEN, WHITE);
..\app\pages\main_page.c(103): warning:  #167-D: argument of type "char *" is incompatible with parameter of type "const uint8_t *"
      lcd_show_string(25, 42, str, &font76_maple, 1, BLACK, WHITE);
..\app\pages\main_page.c(130): warning:  #167-D: argument of type "char *" is incompatible with parameter of type "const uint8_t *"
      lcd_show_string(35, 121, str, &font20_maple, 1, BLACK, WHITE);
..\app\pages\main_page.c(152): warning:  #167-D: argument of type "char *" is incompatible with parameter of type "const uint8_t *"
      lcd_show_string(30, 195, str, &font54_maple, 1, BLACK, TEAL);
..\app\pages\main_page.c(173): warning:  #167-D: argument of type "char *" is incompatible with parameter of type "const uint8_t *"
      lcd_show_string(28, 239, str, &font62_maple,1, BLACK, TEAL);
..\app\pages\main_page.c(191): warning:  #167-D: argument of type "char *" is incompatible with parameter of type "const uint8_t *"
      lcd_show_string(127, 170, str, &font20_maple, 1, BLACK, WHITE);
..\app\pages\main_page.c(209): warning:  #167-D: argument of type "char *" is incompatible with parameter of type "const uint8_t *"
      lcd_show_string(135,186, str, &font54_maple, 1, BLACK, WHITE);
..\app\pages\main_page.c: 15 warnings, 0 errors
compiling wifi_page.c...
..\driver\lcd\image.h(27): warning:  #1-D: last line of file ends without a newline
  #endif
..\driver\lcd\fonts.h(31): warning:  #1-D: last line of file ends without a newline
  #endif
..\driver\lcd\lcd.h(125): warning:  #1-D: last line of file ends without a newline
  #endif
..\app\include\app.h(18): warning:  #1-D: last line of file ends without a newline
  #endif
..\app\pages\wifi_page.c(20): warning:  #167-D: argument of type "const char *" is incompatible with parameter of type "const uint8_t *"
      lcd_show_string(start_x, 240, ssid, &font32_maple, 1, WHITE, BLACK);
..\app\pages\wifi_page.c: 5 warnings, 0 errors
linking...
Program Size: Code=14128 RO-data=251192 RW-data=68 ZI-data=2836  
FromELF: creating hex file...
".\Objects\stm32f407.axf" - 0 Error(s), 112 Warning(s).

<h2>Software Packages used:</h2>

Package Vendor: Keil
                http://www.keil.com/pack/Keil.STM32F4xx_DFP.2.15.0.pack
                Keil.STM32F4xx_DFP.2.15.0
                STMicroelectronics STM32F4 Series Device Support, Drivers and Examples

<h2>Collection of Component include folders:</h2>
  G:\keil_5\Keil\STM32F4xx_DFP\2.15.0\Drivers\CMSIS\Device\ST\STM32F4xx\Include

<h2>Collection of Component Files used:</h2>
Build Time Elapsed:  00:00:04
</pre>
</body>
</html>
