<html>
<body>
<pre>
<h1>�Vision Build Log</h1>
<h2>Tool Versions:</h2>
IDE-Version: ��Vision V5.36.0.0
Copyright (C) 2021 ARM Ltd and ARM Germany GmbH. All rights reserved.
License Information: 123 123, 123, LIC=IK1BF-6YXS9-563Q2-9V9FJ-UWXZG-QS27N
 
Tool Versions:
Toolchain:       MDK-ARM Plus  Version: 5.36.0.0
Toolchain Path:  G:\keil_5\ARM\ARMCC\Bin
C Compiler:      Armcc.exe V5.06 update 7 (build 960)
Assembler:       Armasm.exe V5.06 update 7 (build 960)
Linker/Locator:  ArmLink.exe V5.06 update 7 (build 960)
Library Manager: ArmAr.exe V5.06 update 7 (build 960)
Hex Converter:   FromElf.exe V5.06 update 7 (build 960)
CPU DLL:         SARMCM3.DLL V5.36.0.0
Dialog DLL:      DCM.DLL V1.17.3.0
Target DLL:      Segger\JL2CM3.dll V2.99.40.0
Dialog DLL:      TCM.DLL V1.53.0.0
 
<h2>Project:</h2>
G:\STM32_project\weather_clock\clock_basic_plus\weather_clock\mdk\stm32f407.uvprojx
Project File Date:  10/30/2025

<h2>Output:</h2>
*** Using Compiler 'V5.06 update 7 (build 960)', folder: 'G:\keil_5\ARM\ARMCC\Bin'
Build target 'demo'
compiling lcd.c...
..\driver\lcd\fonts.h(31): warning:  #1-D: last line of file ends without a newline
  #endif
..\driver\lcd\image.h(27): warning:  #1-D: last line of file ends without a newline
  #endif
..\driver\lcd\lcd.h(125): warning:  #1-D: last line of file ends without a newline
  #endif
..\driver\tim\delay.h(14): warning:  #1-D: last line of file ends without a newline
  #endif
..\driver\lcd\lcd.c(515): warning:  #177-D: variable "y0"  was declared but never referenced
      u16 x0 = x, y0 = y;
..\driver\lcd\lcd.c(518): warning:  #177-D: variable "bytes_per_char"  was declared but never referenced
      u16 bytes_per_char = bytes_per_row * size; // 每个汉字占用的总字节数
..\driver\lcd\lcd.c(618): warning:  #1-D: last line of file ends without a newline
  }
..\driver\lcd\lcd.c: 7 warnings, 0 errors
linking...
Program Size: Code=22708 RO-data=251364 RW-data=124 ZI-data=3108  
FromELF: creating hex file...
".\Objects\stm32f407.axf" - 0 Error(s), 7 Warning(s).

<h2>Software Packages used:</h2>

Package Vendor: Keil
                http://www.keil.com/pack/Keil.STM32F4xx_DFP.2.15.0.pack
                Keil.STM32F4xx_DFP.2.15.0
                STMicroelectronics STM32F4 Series Device Support, Drivers and Examples

<h2>Collection of Component include folders:</h2>
  G:\keil_5\Keil\STM32F4xx_DFP\2.15.0\Drivers\CMSIS\Device\ST\STM32F4xx\Include

<h2>Collection of Component Files used:</h2>
Build Time Elapsed:  00:00:02
</pre>
</body>
</html>
